Component: ARM Compiler 6.12 Tool: armlink [5d624300]

==============================================================================

Section Cross References

    startup_stm32h743xx.o(RESET) refers to startup_stm32h743xx.o(STACK) for __initial_sp
    startup_stm32h743xx.o(RESET) refers to startup_stm32h743xx.o(.text) for Reset_Handler
    startup_stm32h743xx.o(RESET) refers to stm32h7xx_it.o(.text.NMI_Handler) for NMI_Handler
    startup_stm32h743xx.o(RESET) refers to stm32h7xx_it.o(.text.HardFault_Handler) for HardFault_Handler
    startup_stm32h743xx.o(RESET) refers to stm32h7xx_it.o(.text.MemManage_Handler) for MemManage_Handler
    startup_stm32h743xx.o(RESET) refers to stm32h7xx_it.o(.text.BusFault_Handler) for BusFault_Handler
    startup_stm32h743xx.o(RESET) refers to stm32h7xx_it.o(.text.UsageFault_Handler) for UsageFault_Handler
    startup_stm32h743xx.o(RESET) refers to stm32h7xx_it.o(.text.SVC_Handler) for SVC_Handler
    startup_stm32h743xx.o(RESET) refers to stm32h7xx_it.o(.text.DebugMon_Handler) for DebugMon_Handler
    startup_stm32h743xx.o(RESET) refers to stm32h7xx_it.o(.text.PendSV_Handler) for PendSV_Handler
    startup_stm32h743xx.o(RESET) refers to stm32h7xx_it.o(.text.SysTick_Handler) for SysTick_Handler
    startup_stm32h743xx.o(RESET) refers to stm32h7xx_it.o(.text.TIM2_IRQHandler) for TIM2_IRQHandler
    startup_stm32h743xx.o(RESET) refers to stm32h7xx_it.o(.text.USART3_IRQHandler) for USART3_IRQHandler
    startup_stm32h743xx.o(RESET) refers to stm32h7xx_it.o(.text.UART5_IRQHandler) for UART5_IRQHandler
    startup_stm32h743xx.o(.text) refers to system_stm32h7xx.o(.text.SystemInit) for SystemInit
    startup_stm32h743xx.o(.text) refers to entry.o(.ARM.Collect$$$$00000000) for __main
    main.o(.text.main) refers to stm32h7xx_hal.o(.text.HAL_Init) for HAL_Init
    main.o(.text.main) refers to main.o(.text.SystemClock_Config) for SystemClock_Config
    main.o(.text.main) refers to gpio.o(.text.MX_GPIO_Init) for MX_GPIO_Init
    main.o(.text.main) refers to usart.o(.text.MX_USART3_UART_Init) for MX_USART3_UART_Init
    main.o(.text.main) refers to spi.o(.text.MX_SPI3_Init) for MX_SPI3_Init
    main.o(.text.main) refers to tim.o(.text.MX_TIM4_Init) for MX_TIM4_Init
    main.o(.text.main) refers to tim.o(.text.MX_TIM1_Init) for MX_TIM1_Init
    main.o(.text.main) refers to usart.o(.text.MX_UART5_Init) for MX_UART5_Init
    main.o(.text.main) refers to usart.o(.text.MX_USART6_UART_Init) for MX_USART6_UART_Init
    main.o(.text.main) refers to tim.o(.text.MX_TIM2_Init) for MX_TIM2_Init
    main.o(.text.main) refers to usart.o(.text.MX_USART2_UART_Init) for MX_USART2_UART_Init
    main.o(.text.main) refers to spi.o(.text.Lcd_Init) for Lcd_Init
    main.o(.text.main) refers to spi.o(.text.Lcd_Clear) for Lcd_Clear
    main.o(.text.main) refers to user_main.o(.text.Usermain) for Usermain
    main.o(.ARM.exidx.text.main) refers to main.o(.text.main) for [Anonymous Symbol]
    main.o(.text.SystemClock_Config) refers to memseta.o(.text) for __aeabi_memclr4
    main.o(.text.SystemClock_Config) refers to stm32h7xx_hal_pwr_ex.o(.text.HAL_PWREx_ConfigSupply) for HAL_PWREx_ConfigSupply
    main.o(.text.SystemClock_Config) refers to stm32h7xx_hal_rcc.o(.text.HAL_RCC_OscConfig) for HAL_RCC_OscConfig
    main.o(.text.SystemClock_Config) refers to stm32h7xx_hal_rcc.o(.text.HAL_RCC_ClockConfig) for HAL_RCC_ClockConfig
    main.o(.text.SystemClock_Config) refers to stm32h7xx_hal_rcc_ex.o(.text.HAL_RCCEx_PeriphCLKConfig) for HAL_RCCEx_PeriphCLKConfig
    main.o(.ARM.exidx.text.SystemClock_Config) refers to main.o(.text.SystemClock_Config) for [Anonymous Symbol]
    main.o(.ARM.exidx.text.Error_Handler) refers to main.o(.text.Error_Handler) for [Anonymous Symbol]
    gpio.o(.text.MX_GPIO_Init) refers to stm32h7xx_hal_gpio.o(.text.HAL_GPIO_WritePin) for HAL_GPIO_WritePin
    gpio.o(.text.MX_GPIO_Init) refers to stm32h7xx_hal_gpio.o(.text.HAL_GPIO_Init) for HAL_GPIO_Init
    gpio.o(.ARM.exidx.text.MX_GPIO_Init) refers to gpio.o(.text.MX_GPIO_Init) for [Anonymous Symbol]
    spi.o(.text.MX_SPI3_Init) refers to memseta.o(.text) for __aeabi_memclr4
    spi.o(.text.MX_SPI3_Init) refers to stm32h7xx_hal_spi.o(.text.HAL_SPI_Init) for HAL_SPI_Init
    spi.o(.text.MX_SPI3_Init) refers to main.o(.text.Error_Handler) for Error_Handler
    spi.o(.text.MX_SPI3_Init) refers to spi.o(.bss.hspi3) for hspi3
    spi.o(.ARM.exidx.text.MX_SPI3_Init) refers to spi.o(.text.MX_SPI3_Init) for [Anonymous Symbol]
    spi.o(.text.HAL_SPI_MspInit) refers to memseta.o(.text) for __aeabi_memclr4
    spi.o(.text.HAL_SPI_MspInit) refers to stm32h7xx_hal_gpio.o(.text.HAL_GPIO_Init) for HAL_GPIO_Init
    spi.o(.ARM.exidx.text.HAL_SPI_MspInit) refers to spi.o(.text.HAL_SPI_MspInit) for [Anonymous Symbol]
    spi.o(.text.HAL_SPI_MspDeInit) refers to stm32h7xx_hal_gpio.o(.text.HAL_GPIO_DeInit) for HAL_GPIO_DeInit
    spi.o(.ARM.exidx.text.HAL_SPI_MspDeInit) refers to spi.o(.text.HAL_SPI_MspDeInit) for [Anonymous Symbol]
[...]
    __arm_cp.5_0                             0x08002390   Number         4  stm32h7xx_hal_tim.o(.text.HAL_TIM_Base_Start)
    [Anonymous Symbol]                       0x08002394   Section        0  stm32h7xx_hal_tim.o(.text.HAL_TIM_ConfigClockSource)
    __arm_cp.96_0                            0x080024a0   Number         4  stm32h7xx_hal_tim.o(.text.HAL_TIM_ConfigClockSource)
    __arm_cp.96_1                            0x080024a4   Number         4  stm32h7xx_hal_tim.o(.text.HAL_TIM_ConfigClockSource)
    __arm_cp.96_2                            0x080024a8   Number         4  stm32h7xx_hal_tim.o(.text.HAL_TIM_ConfigClockSource)
    __arm_cp.96_3                            0x080024ac   Number         4  stm32h7xx_hal_tim.o(.text.HAL_TIM_ConfigClockSource)
    __arm_cp.96_4                            0x080024b0   Number         4  stm32h7xx_hal_tim.o(.text.HAL_TIM_ConfigClockSource)
    [Anonymous Symbol]                       0x080024b4   Section        0  stm32h7xx_hal_tim.o(.text.HAL_TIM_IC_CaptureCallback)
    [Anonymous Symbol]                       0x080024b6   Section        0  stm32h7xx_hal_tim.o(.text.HAL_TIM_IRQHandler)
    [Anonymous Symbol]                       0x08002640   Section        0  tim.o(.text.HAL_TIM_MspPostInit)
    __arm_cp.1_0                             0x080026f4   Number         4  tim.o(.text.HAL_TIM_MspPostInit)
    __arm_cp.1_1                             0x080026f8   Number         4  tim.o(.text.HAL_TIM_MspPostInit)
    __arm_cp.1_2                             0x080026fc   Number         4  tim.o(.text.HAL_TIM_MspPostInit)
    __arm_cp.1_3                             0x08002700   Number         4  tim.o(.text.HAL_TIM_MspPostInit)
    [Anonymous Symbol]                       0x08002704   Section        0  stm32h7xx_hal_tim.o(.text.HAL_TIM_OC_DelayElapsedCallback)
    [Anonymous Symbol]                       0x08002708   Section        0  stm32h7xx_hal_tim.o(.text.HAL_TIM_PWM_ConfigChannel)
    [Anonymous Symbol]                       0x080027c8   Section        0  stm32h7xx_hal_tim.o(.text.HAL_TIM_PWM_Init)
    [Anonymous Symbol]                       0x080027fc   Section        0  stm32h7xx_hal_tim.o(.text.HAL_TIM_PWM_MspInit)
    [Anonymous Symbol]                       0x080027fe   Section        0  stm32h7xx_hal_tim.o(.text.HAL_TIM_PWM_PulseFinishedCallback)
    [Anonymous Symbol]                       0x08002800   Section        0  stm32h7xx_hal_tim.o(.text.HAL_TIM_PWM_Start)
    __arm_cp.31_0                            0x08002854   Number         4  stm32h7xx_hal_tim.o(.text.HAL_TIM_PWM_Start)
    __arm_cp.31_1                            0x08002858   Number         4  stm32h7xx_hal_tim.o(.text.HAL_TIM_PWM_Start)
    __arm_cp.31_2                            0x0800285c   Number         4  stm32h7xx_hal_tim.o(.text.HAL_TIM_PWM_Start)
    __arm_cp.31_3                            0x08002860   Number         4  stm32h7xx_hal_tim.o(.text.HAL_TIM_PWM_Start)
    __arm_cp.31_4                            0x08002864   Number         4  stm32h7xx_hal_tim.o(.text.HAL_TIM_PWM_Start)
    __arm_cp.31_5                            0x08002868   Number         4  stm32h7xx_hal_tim.o(.text.HAL_TIM_PWM_Start)
    [Anonymous Symbol]                       0x0800286c   Section        0  stm32h7xx_hal_tim.o(.text.HAL_TIM_PeriodElapsedCallback)
    [Anonymous Symbol]                       0x0800286e   Section        0  stm32h7xx_hal_tim.o(.text.HAL_TIM_SlaveConfigSynchro)
    [Anonymous Symbol]                       0x080028b6   Section        0  stm32h7xx_hal_tim.o(.text.HAL_TIM_TriggerCallback)
    [Anonymous Symbol]                       0x080028b8   Section        0  stm32h7xx_hal_uart_ex.o(.text.HAL_UARTEx_DisableFifoMode)
    [Anonymous Symbol]                       0x080028ee   Section        0  stm32h7xx_hal_uart_ex.o(.text.HAL_UARTEx_RxFifoFullCallback)
    [Anonymous Symbol]                       0x080028f0   Section        0  stm32h7xx_hal_uart_ex.o(.text.HAL_UARTEx_SetRxFifoThreshold)
    [Anonymous Symbol]                       0x0800293a   Section        0  stm32h7xx_hal_uart_ex.o(.text.HAL_UARTEx_SetTxFifoThreshold)
    [Anonymous Symbol]                       0x08002984   Section        0  stm32h7xx_hal_uart_ex.o(.text.HAL_UARTEx_TxFifoEmptyCallback)
    [Anonymous Symbol]                       0x08002986   Section        0  stm32h7xx_hal_uart_ex.o(.text.HAL_UARTEx_WakeupCallback)
    [Anonymous Symbol]                       0x08002988   Section        0  stm32h7xx_hal_uart.o(.text.HAL_UART_ErrorCallback)
    [Anonymous Symbol]                       0x0800298c   Section        0  stm32h7xx_hal_uart.o(.text.HAL_UART_IRQHandler)
    __arm_cp.48_0                            0x08002b54   Number         4  stm32h7xx_hal_uart.o(.text.HAL_UART_IRQHandler)
    __arm_cp.48_1                            0x08002b58   Number         4  stm32h7xx_hal_uart.o(.text.HAL_UART_IRQHandler)
    __arm_cp.48_2                            0x08002b5c   Number         4  stm32h7xx_hal_uart.o(.text.HAL_UART_IRQHandler)
    [Anonymous Symbol]                       0x08002b60   Section        0  stm32h7xx_hal_uart.o(.text.HAL_UART_Init)
    [Anonymous Symbol]                       0x08002bc4   Section        0  usart.o(.text.HAL_UART_MspInit)
    __arm_cp.4_0                             0x08002d20   Number         4  usart.o(.text.HAL_UART_MspInit)
    __arm_cp.4_2                             0x08002d24   Number         4  usart.o(.text.HAL_UART_MspInit)
    __arm_cp.4_3                             0x08002d28   Number         4  usart.o(.text.HAL_UART_MspInit)
    __arm_cp.4_4                             0x08002d2c   Number         4  usart.o(.text.HAL_UART_MspInit)
    __arm_cp.4_5                             0x08002d30   Number         4  usart.o(.text.HAL_UART_MspInit)
    [Anonymous Symbol]                       0x08002d34   Section        0  stm32h7xx_hal_uart.o(.text.HAL_UART_Receive_IT)
    __arm_cp.18_0                            0x08002e2c   Number         4  stm32h7xx_hal_uart.o(.text.HAL_UART_Receive_IT)
    __arm_cp.18_1                            0x08002e30   Number         4  stm32h7xx_hal_uart.o(.text.HAL_UART_Receive_IT)
    __arm_cp.18_2                            0x08002e34   Number         4  stm32h7xx_hal_uart.o(.text.HAL_UART_Receive_IT)
    __arm_cp.18_3                            0x08002e38   Number         4  stm32h7xx_hal_uart.o(.text.HAL_UART_Receive_IT)
    [Anonymous Symbol]                       0x08002e3c   Section        0  my_uart.o(.text.HAL_UART_RxCpltCallback)
    __arm_cp.9_0                             0x08002e60   Number         4  my_uart.o(.text.HAL_UART_RxCpltCallback)
    [Anonymous Symbol]                       0x08002e64   Section        0  stm32h7xx_hal_uart.o(.text.HAL_UART_Transmit)
    [Anonymous Symbol]                       0x08002f2a   Section        0  stm32h7xx_hal_uart.o(.text.HAL_UART_TxCpltCallback)
    [Anonymous Symbol]                       0x08002f2c   Section        0  stm32h7xx_it.o(.text.HardFault_Handler)
    [Anonymous Symbol]                       0x08002f30   Section        0  keypad.o(.text.Key_scan)
    __arm_cp.0_0                             0x080030c8   Number         4  keypad.o(.text.Key_scan)
    __arm_cp.0_1                             0x080030cc   Number         4  keypad.o(.text.Key_scan)
    [Anonymous Symbol]                       0x080030d0   Section        0  spi.o(.text.LCD_SPI_Init)
    __arm_cp.4_1                             0x080030fc   Number         4  spi.o(.text.LCD_SPI_Init)
    [Anonymous Symbol]                       0x08003100   Section        0  spi.o(.text.Lcd_Clear)
    [Anonymous Symbol]                       0x08003130   Section        0  spi.o(.text.Lcd_Init)
    __arm_cp.10_1                            0x08003298   Number         4  spi.o(.text.Lcd_Init)
    [Anonymous Symbol]                       0x0800329c   Section        0  spi.o(.text.Lcd_Reset)
    [Anonymous Symbol]                       0x080032c8   Section        0  spi.o(.text.Lcd_SetRegion)
    __arm_cp.12_1                            0x080032fc   Number         4  spi.o(.text.Lcd_SetRegion)
    [Anonymous Symbol]                       0x08003300   Section        0  spi.o(.text.Lcd_SetXY)
    __arm_cp.11_0                            0x08003328   Number         4  spi.o(.text.Lcd_SetXY)
    [Anonymous Symbol]                       0x0800332c   Section        0  spi.o(.text.Lcd_WriteData)
    [Anonymous Symbol]                       0x08003360   Section        0  spi.o(.text.Lcd_WriteData_16Bit)
    [Anonymous Symbol]                       0x08003374   Section        0  spi.o(.text.Lcd_WriteIndex)
    __arm_cp.5_1                             0x080033a8   Number         4  spi.o(.text.Lcd_WriteIndex)
    [Anonymous Symbol]                       0x080033ac   Section        0  gpio.o(.text.MX_GPIO_Init)
    __arm_cp.0_0                             0x08003510   Number         4  gpio.o(.text.MX_GPIO_Init)
    __arm_cp.0_1                             0x08003514   Number         4  gpio.o(.text.MX_GPIO_Init)
    __arm_cp.0_2                             0x08003518   Number         4  gpio.o(.text.MX_GPIO_Init)
    __arm_cp.0_3                             0x0800351c   Number         4  gpio.o(.text.MX_GPIO_Init)
    __arm_cp.0_4                             0x08003520   Number         4  gpio.o(.text.MX_GPIO_Init)
    [Anonymous Symbol]                       0x08003524   Section        0  spi.o(.text.MX_SPI3_Init)
    __arm_cp.0_0                             0x08003578   Number         4  spi.o(.text.MX_SPI3_Init)
    __arm_cp.0_1                             0x0800357c   Number         4  spi.o(.text.MX_SPI3_Init)
    [Anonymous Symbol]                       0x08003580   Section        0  tim.o(.text.MX_TIM1_Init)
    __arm_cp.0_0                             0x0800366c   Number         4  tim.o(.text.MX_TIM1_Init)
    __arm_cp.0_1                             0x08003670   Number         4  tim.o(.text.MX_TIM1_Init)
    [Anonymous Symbol]                       0x08003674   Section        0  tim.o(.text.MX_TIM2_Init)
    __arm_cp.2_0                             0x08003728   Number         4  tim.o(.text.MX_TIM2_Init)
    [Anonymous Symbol]                       0x0800372c   Section        0  tim.o(.text.MX_TIM4_Init)
    __arm_cp.3_0                             0x080037e0   Number         4  tim.o(.text.MX_TIM4_Init)
    __arm_cp.3_1                             0x080037e4   Number         4  tim.o(.text.MX_TIM4_Init)
    [Anonymous Symbol]                       0x080037e8   Section        0  usart.o(.text.MX_UART5_Init)
    __arm_cp.0_0                             0x08003848   Number         4  usart.o(.text.MX_UART5_Init)
    __arm_cp.0_1                             0x0800384c   Number         4  usart.o(.text.MX_UART5_Init)
    [Anonymous Symbol]                       0x08003850   Section        0  usart.o(.text.MX_USART2_UART_Init)
    __arm_cp.1_0                             0x080038b0   Number         4  usart.o(.text.MX_USART2_UART_Init)
    __arm_cp.1_1                             0x080038b4   Number         4  usart.o(.text.MX_USART2_UART_Init)
    [Anonymous Symbol]                       0x080038b8   Section        0  usart.o(.text.MX_USART3_UART_Init)
    __arm_cp.2_0                             0x08003918   Number         4  usart.o(.text.MX_USART3_UART_Init)
    __arm_cp.2_1                             0x0800391c   Number         4  usart.o(.text.MX_USART3_UART_Init)
    [Anonymous Symbol]                       0x08003920   Section        0  usart.o(.text.MX_USART6_UART_Init)
    __arm_cp.3_0                             0x08003980   Number         4  usart.o(.text.MX_USART6_UART_Init)
    __arm_cp.3_1                             0x08003984   Number         4  usart.o(.text.MX_USART6_UART_Init)
    [Anonymous Symbol]                       0x08003988   Section        0  stm32h7xx_it.o(.text.MemManage_Handler)
    [Anonymous Symbol]                       0x0800398a   Section        0  stm32h7xx_it.o(.text.NMI_Handler)
    [Anonymous Symbol]                       0x0800398c   Section        0  stm32h7xx_it.o(.text.PendSV_Handler)
    RCCEx_PLL2_Config                        0x08003991   Thumb Code   260  stm32h7xx_hal_rcc_ex.o(.text.RCCEx_PLL2_Config)
    [Anonymous Symbol]                       0x08003990   Section        0  stm32h7xx_hal_rcc_ex.o(.text.RCCEx_PLL2_Config)
    RCCEx_PLL3_Config                        0x08003a91   Thumb Code   260  stm32h7xx_hal_rcc_ex.o(.text.RCCEx_PLL3_Config)
    [Anonymous Symbol]                       0x08003a90   Section        0  stm32h7xx_hal_rcc_ex.o(.text.RCCEx_PLL3_Config)
    __arm_cp.2_0                             0x08003b90   Number         4  stm32h7xx_hal_rcc_ex.o(.text.RCCEx_PLL3_Config)
    SPI_CloseTransfer                        0x08003b95   Thumb Code   182  stm32h7xx_hal_spi.o(.text.SPI_CloseTransfer)
    [Anonymous Symbol]                       0x08003b94   Section        0  stm32h7xx_hal_spi.o(.text.SPI_CloseTransfer)
    SPI_WaitOnFlagUntilTimeout               0x08003c4b   Thumb Code    42  stm32h7xx_hal_spi.o(.text.SPI_WaitOnFlagUntilTimeout)
    [Anonymous Symbol]                       0x08003c4a   Section        0  stm32h7xx_hal_spi.o(.text.SPI_WaitOnFlagUntilTimeout)
    [Anonymous Symbol]                       0x08003c74   Section        0  spi.o(.text.SPI_WriteByte)
    __arm_cp.3_0                             0x08003c8c   Number         4  spi.o(.text.SPI_WriteByte)
    [Anonymous Symbol]                       0x08003c90   Section        0  stm32h7xx_it.o(.text.SVC_Handler)
    [Anonymous Symbol]                       0x08003c92   Section        0  stm32h7xx_it.o(.text.SysTick_Handler)
    [Anonymous Symbol]                       0x08003c98   Section        0  main.o(.text.SystemClock_Config)
    __arm_cp.1_0                             0x08003d54   Number         4  main.o(.text.SystemClock_Config)
    __arm_cp.1_1                             0x08003d58   Number         4  main.o(.text.SystemClock_Config)
    [Anonymous Symbol]                       0x08003d5c   Section        0  system_stm32h7xx.o(.text.SystemInit)
    __arm_cp.0_0                             0x08003dbc   Number         4  system_stm32h7xx.o(.text.SystemInit)
    __arm_cp.0_1                             0x08003dc0   Number         4  system_stm32h7xx.o(.text.SystemInit)
    __arm_cp.0_2                             0x08003dc4   Number         4  system_stm32h7xx.o(.text.SystemInit)
    __arm_cp.0_3                             0x08003dc8   Number         4  system_stm32h7xx.o(.text.SystemInit)
    __arm_cp.0_4                             0x08003dcc   Number         4  system_stm32h7xx.o(.text.SystemInit)
    [Anonymous Symbol]                       0x08003dd0   Section        0  stm32h7xx_it.o(.text.TIM2_IRQHandler)
    __arm_cp.9_0                             0x08003dd8   Number         4  stm32h7xx_it.o(.text.TIM2_IRQHandler)
    [Anonymous Symbol]                       0x08003ddc   Section        0  stm32h7xx_hal_tim.o(.text.TIM_Base_SetConfig)
    __arm_cp.2_1                             0x08003eb4   Number         4  stm32h7xx_hal_tim.o(.text.TIM_Base_SetConfig)
    __arm_cp.2_2                             0x08003eb8   Number         4  stm32h7xx_hal_tim.o(.text.TIM_Base_SetConfig)
    __arm_cp.2_3                             0x08003ebc   Number         4  stm32h7xx_hal_tim.o(.text.TIM_Base_SetConfig)
    [Anonymous Symbol]                       0x08003ec0   Section        0  stm32h7xx_hal_tim.o(.text.TIM_CCxChannelCmd)
    TIM_OC1_SetConfig                        0x08003ee1   Thumb Code   140  stm32h7xx_hal_tim.o(.text.TIM_OC1_SetConfig)
    [Anonymous Symbol]                       0x08003ee0   Section        0  stm32h7xx_hal_tim.o(.text.TIM_OC1_SetConfig)
    __arm_cp.74_0                            0x08003f54   Number         4  stm32h7xx_hal_tim.o(.text.TIM_OC1_SetConfig)
    [Anonymous Symbol]                       0x08003f58   Section        0  stm32h7xx_hal_tim.o(.text.TIM_OC2_SetConfig)
    __arm_cp.75_0                            0x08003fd0   Number         4  stm32h7xx_hal_tim.o(.text.TIM_OC2_SetConfig)
    TIM_OC3_SetConfig                        0x08003fd5   Thumb Code   140  stm32h7xx_hal_tim.o(.text.TIM_OC3_SetConfig)
    [Anonymous Symbol]                       0x08003fd4   Section        0  stm32h7xx_hal_tim.o(.text.TIM_OC3_SetConfig)
    TIM_OC4_SetConfig                        0x0800404d   Thumb Code   116  stm32h7xx_hal_tim.o(.text.TIM_OC4_SetConfig)
    [Anonymous Symbol]                       0x0800404c   Section        0  stm32h7xx_hal_tim.o(.text.TIM_OC4_SetConfig)
    TIM_OC5_SetConfig                        0x080040ad   Thumb Code   116  stm32h7xx_hal_tim.o(.text.TIM_OC5_SetConfig)
    [Anonymous Symbol]                       0x080040ac   Section        0  stm32h7xx_hal_tim.o(.text.TIM_OC5_SetConfig)
    __arm_cp.78_0                            0x0800410c   Number         4  stm32h7xx_hal_tim.o(.text.TIM_OC5_SetConfig)
    TIM_OC6_SetConfig                        0x08004111   Thumb Code   116  stm32h7xx_hal_tim.o(.text.TIM_OC6_SetConfig)
    [Anonymous Symbol]                       0x08004110   Section        0  stm32h7xx_hal_tim.o(.text.TIM_OC6_SetConfig)
    __arm_cp.79_0                            0x08004170   Number         4  stm32h7xx_hal_tim.o(.text.TIM_OC6_SetConfig)
    __arm_cp.79_1                            0x08004174   Number         4  stm32h7xx_hal_tim.o(.text.TIM_OC6_SetConfig)
    __arm_cp.79_2                            0x08004178   Number         4  stm32h7xx_hal_tim.o(.text.TIM_OC6_SetConfig)
    __arm_cp.79_3                            0x0800417c   Number         4  stm32h7xx_hal_tim.o(.text.TIM_OC6_SetConfig)
    __arm_cp.79_4                            0x08004180   Number         4  stm32h7xx_hal_tim.o(.text.TIM_OC6_SetConfig)
    TIM_SlaveTimer_SetConfig                 0x08004185   Thumb Code   144  stm32h7xx_hal_tim.o(.text.TIM_SlaveTimer_SetConfig)
    [Anonymous Symbol]                       0x08004184   Section        0  stm32h7xx_hal_tim.o(.text.TIM_SlaveTimer_SetConfig)
    __arm_cp.101_0                           0x0800420c   Number         4  stm32h7xx_hal_tim.o(.text.TIM_SlaveTimer_SetConfig)
    __arm_cp.101_1                           0x08004210   Number         4  stm32h7xx_hal_tim.o(.text.TIM_SlaveTimer_SetConfig)
    TIM_TI1_ConfigInputStage                 0x08004215   Thumb Code    34  stm32h7xx_hal_tim.o(.text.TIM_TI1_ConfigInputStage)
    [Anonymous Symbol]                       0x08004214   Section        0  stm32h7xx_hal_tim.o(.text.TIM_TI1_ConfigInputStage)
    TIM_TI2_ConfigInputStage                 0x08004237   Thumb Code    36  stm32h7xx_hal_tim.o(.text.TIM_TI2_ConfigInputStage)
    [Anonymous Symbol]                       0x08004236   Section        0  stm32h7xx_hal_tim.o(.text.TIM_TI2_ConfigInputStage)
    [Anonymous Symbol]                       0x0800425c   Section        0  stm32h7xx_it.o(.text.UART5_IRQHandler)
    __arm_cp.11_0                            0x08004264   Number         4  stm32h7xx_it.o(.text.UART5_IRQHandler)
    UARTEx_SetNbDataToProcess                0x08004269   Thumb Code    84  stm32h7xx_hal_uart_ex.o(.text.UARTEx_SetNbDataToProcess)
    [Anonymous Symbol]                       0x08004268   Section        0  stm32h7xx_hal_uart_ex.o(.text.UARTEx_SetNbDataToProcess)
    __arm_cp.9_0                             0x080042b4   Number         4  stm32h7xx_hal_uart_ex.o(.text.UARTEx_SetNbDataToProcess)
    __arm_cp.9_1                             0x080042b8   Number         4  stm32h7xx_hal_uart_ex.o(.text.UARTEx_SetNbDataToProcess)
    [Anonymous Symbol]                       0x080042bc   Section        0  stm32h7xx_hal_uart.o(.text.UART_AdvFeatureConfig)
    [Anonymous Symbol]                       0x08004382   Section        0  stm32h7xx_hal_uart.o(.text.UART_CheckIdleState)
    UART_DMAAbortOnError                     0x080043e7   Thumb Code    16  stm32h7xx_hal_uart.o(.text.UART_DMAAbortOnError)
    [Anonymous Symbol]                       0x080043e6   Section        0  stm32h7xx_hal_uart.o(.text.UART_DMAAbortOnError)
    UART_EndRxTransfer                       0x080043f9   Thumb Code    36  stm32h7xx_hal_uart.o(.text.UART_EndRxTransfer)
    [Anonymous Symbol]                       0x080043f8   Section        0  stm32h7xx_hal_uart.o(.text.UART_EndRxTransfer)
    UART_RxISR_16BIT                         0x08004419   Thumb Code    90  stm32h7xx_hal_uart.o(.text.UART_RxISR_16BIT)
    [Anonymous Symbol]                       0x08004418   Section        0  stm32h7xx_hal_uart.o(.text.UART_RxISR_16BIT)
    UART_RxISR_16BIT_FIFOEN                  0x08004475   Thumb Code   160  stm32h7xx_hal_uart.o(.text.UART_RxISR_16BIT_FIFOEN)
    [Anonymous Symbol]                       0x08004474   Section        0  stm32h7xx_hal_uart.o(.text.UART_RxISR_16BIT_FIFOEN)
    __arm_cp.19_1                            0x0800450c   Number         4  stm32h7xx_hal_uart.o(.text.UART_RxISR_16BIT_FIFOEN)
    UART_RxISR_8BIT                          0x08004511   Thumb Code    90  stm32h7xx_hal_uart.o(.text.UART_RxISR_8BIT)
    [Anonymous Symbol]                       0x08004510   Section        0  stm32h7xx_hal_uart.o(.text.UART_RxISR_8BIT)
    UART_RxISR_8BIT_FIFOEN                   0x0800456d   Thumb Code   164  stm32h7xx_hal_uart.o(.text.UART_RxISR_8BIT_FIFOEN)
    [Anonymous Symbol]                       0x0800456c   Section        0  stm32h7xx_hal_uart.o(.text.UART_RxISR_8BIT_FIFOEN)
    __arm_cp.20_0                            0x08004608   Number         4  stm32h7xx_hal_uart.o(.text.UART_RxISR_8BIT_FIFOEN)
    __arm_cp.20_1                            0x0800460c   Number         4  stm32h7xx_hal_uart.o(.text.UART_RxISR_8BIT_FIFOEN)
    [Anonymous Symbol]                       0x08004610   Section        0  stm32h7xx_hal_uart.o(.text.UART_SetConfig)
    __arm_cp.2_31                            0x0800488c   Number         4  stm32h7xx_hal_uart.o(.text.UART_SetConfig)
    __arm_cp.2_32                            0x08004890   Number         4  stm32h7xx_hal_uart.o(.text.UART_SetConfig)
    __arm_cp.2_33                            0x08004894   Number         4  stm32h7xx_hal_uart.o(.text.UART_SetConfig)
    __arm_cp.2_34                            0x08004898   Number         4  stm32h7xx_hal_uart.o(.text.UART_SetConfig)
    __arm_cp.2_35                            0x0800489c   Number         4  stm32h7xx_hal_uart.o(.text.UART_SetConfig)
    __arm_cp.2_36                            0x080048a0   Number         4  stm32h7xx_hal_uart.o(.text.UART_SetConfig)
    __arm_cp.2_37                            0x080048a4   Number         4  stm32h7xx_hal_uart.o(.text.UART_SetConfig)
    __arm_cp.2_38                            0x080048a8   Number         4  stm32h7xx_hal_uart.o(.text.UART_SetConfig)
    __arm_cp.2_39                            0x080048ac   Number         4  stm32h7xx_hal_uart.o(.text.UART_SetConfig)
    __arm_cp.2_40                            0x080048b0   Number         4  stm32h7xx_hal_uart.o(.text.UART_SetConfig)
    __arm_cp.2_41                            0x080048b4   Number         4  stm32h7xx_hal_uart.o(.text.UART_SetConfig)
    __arm_cp.2_42                            0x080048b8   Number         4  stm32h7xx_hal_uart.o(.text.UART_SetConfig)
    __arm_cp.2_12                            0x08004cdc   Number         4  stm32h7xx_hal_uart.o(.text.UART_SetConfig)
    __arm_cp.2_13                            0x08004ce0   Number         4  stm32h7xx_hal_uart.o(.text.UART_SetConfig)
    __arm_cp.2_14                            0x08004ce4   Number         4  stm32h7xx_hal_uart.o(.text.UART_SetConfig)
    __arm_cp.2_15                            0x08004ce8   Number         4  stm32h7xx_hal_uart.o(.text.UART_SetConfig)
    [Anonymous Symbol]                       0x08004cec   Section        0  stm32h7xx_hal_uart.o(.text.UART_WaitOnFlagUntilTimeout)
    [Anonymous Symbol]                       0x08004d8c   Section        0  stm32h7xx_it.o(.text.USART3_IRQHandler)
    [Anonymous Symbol]                       0x08004d94   Section        0  stm32h7xx_it.o(.text.UsageFault_Handler)
    [Anonymous Symbol]                       0x08004d98   Section        0  my_uart.o(.text.User_GetErrorUart_Init)
    [Anonymous Symbol]                       0x08004da8   Section        0  user_main.o(.text.Usermain)
    __arm_cp.0_0                             0x08004e08   Number         4  user_main.o(.text.Usermain)
    __arm_cp.0_1                             0x08004e0c   Number         4  user_main.o(.text.Usermain)
    __arm_cp.0_2                             0x08004e10   Number         4  user_main.o(.text.Usermain)
    __arm_cp.0_3                             0x08004e14   Number         4  user_main.o(.text.Usermain)
    __arm_cp.0_4                             0x08004e18   Number         4  user_main.o(.text.Usermain)
    [Anonymous Symbol]                       0x08004e24   Section        0  my_uart.o(.text._GetCommandUartCallBack)
    __arm_cp.7_1                             0x08004e34   Number         4  my_uart.o(.text._GetCommandUartCallBack)
    [Anonymous Symbol]                       0x08004e38   Section        0  my_uart.o(.text._GetErrorUartCallBack)
    __arm_cp.6_0                             0x08004ef4   Number         4  my_uart.o(.text._GetErrorUartCallBack)
    __arm_cp.6_1                             0x08004ef8   Number         4  my_uart.o(.text._GetErrorUartCallBack)
    __NVIC_SetPriority                       0x08004efd   Thumb Code    32  stm32h7xx_hal_cortex.o(.text.__NVIC_SetPriority)
    [Anonymous Symbol]                       0x08004efc   Section        0  stm32h7xx_hal_cortex.o(.text.__NVIC_SetPriority)
    __arm_cp.2_0                             0x08004f14   Number         4  stm32h7xx_hal_cortex.o(.text.__NVIC_SetPriority)
    __arm_cp.2_1                             0x08004f18   Number         4  stm32h7xx_hal_cortex.o(.text.__NVIC_SetPriority)
    [Anonymous Symbol]                       0x08004f1c   Section        0  my_uart.o(.text.fputc)
    __arm_cp.10_0                            0x08004f38   Number         4  my_uart.o(.text.fputc)
    [Anonymous Symbol]                       0x08004f3c   Section        0  main.o(.text.main)
    i.__aeabi_errno_addr                     0x08004f7c   Section        0  errno.o(i.__aeabi_errno_addr)
    i.__scatterload_copy                     0x08004f84   Section       14  handlers.o(i.__scatterload_copy)
    i.__scatterload_null                     0x08004f92   Section        2  handlers.o(i.__scatterload_null)
    i.__scatterload_zeroinit                 0x08004f94   Section       14  handlers.o(i.__scatterload_zeroinit)
    i.puts                                   0x08004fa4   Section        0  puts.o(i.puts)
    .constdata                               0x08004fc8   Section      129  ctype_o.o(.constdata)
    table                                    0x0800504c   Data           4  ctype_o.o(.constdata)
    .constdata                               0x0800504c   Section        4  ctype_o.o(.constdata)
    [Anonymous Symbol]                       0x08005050   Section        0  stm32h7xx_hal_uart.o(.rodata..Lswitch.table.UART_SetConfig.25)
    .L__const.UARTEx_SetNbDataToProcess.numerator 0x0800508c   Data           8  stm32h7xx_hal_uart_ex.o(.rodata.cst8)
    .L__const.UARTEx_SetNbDataToProcess.denominator 0x08005094   Data           8  stm32h7xx_hal_uart_ex.o(.rodata.cst8)
    .data                                    0x20000000   Section        4  stdout.o(.data)
    _errno                                   0x20000004   Data           4  errno.o(.data)
    .data                                    0x20000004   Section        4  errno.o(.data)
    [Anonymous Symbol]                       0x20000008   Section        0  stm32h7xx_hal.o(.data..L_MergedGlobals)
    [Anonymous Symbol]                       0x20000010   Section        0  system_stm32h7xx.o(.data..L_MergedGlobals)
    [Anonymous Symbol]                       0x20000018   Section        0  my_uart.o(.bss..L_MergedGlobals)
    CommandUpdateStatus                      0x2000001a   Data           1  my_uart.o(.bss..L_MergedGlobals)
    STACK                                    0x200003a8   Section     1024  startup_stm32h743xx.o(STACK)

    Global Symbols

    Symbol Name                              Value     Ov Type        Size  Object(Section)

    BuildAttributes$$THM_ISAv4$E$P$D$K$B$S$7EM$VFPv5_D16$PE$PLD8$A:L22UL41UL21$X:L11$S22US41US21$IEEE1$IW$~IW$USESV6$~STKCKD$USESV7$~SHL$OSPACE$ROPI$EBA8$MICROLIB$REQ8$PRES8$EABIv2 0x00000000   Number         0  anon$$obj.o ABSOLUTE
    _printf_a                                0x00000000   Number         0  stubs.o ABSOLUTE
    _printf_c                                0x00000000   Number         0  stubs.o ABSOLUTE
    _printf_charcount                        0x00000000   Number         0  stubs.o ABSOLUTE
    _printf_d                                0x00000000   Number         0  stubs.o ABSOLUTE
    _printf_e                                0x00000000   Number         0  stubs.o ABSOLUTE
    _printf_f                                0x00000000   Number         0  stubs.o ABSOLUTE
    _printf_flags                            0x00000000   Number         0  stubs.o ABSOLUTE
    _printf_fp_dec                           0x00000000   Number         0  stubs.o ABSOLUTE
    _printf_fp_hex                           0x00000000   Number         0  stubs.o ABSOLUTE
    _printf_g                                0x00000000   Number         0  stubs.o ABSOLUTE
    _printf_i                                0x00000000   Number         0  stubs.o ABSOLUTE
    _printf_int_dec                          0x00000000   Number         0  stubs.o ABSOLUTE
    _printf_l                                0x00000000   Number         0  stubs.o ABSOLUTE
    _printf_lc                               0x00000000   Number         0  stubs.o ABSOLUTE
    _printf_ll                               0x00000000   Number         0  stubs.o ABSOLUTE
    _printf_lld                              0x00000000   Number         0  stubs.o ABSOLUTE
    _printf_lli                              0x00000000   Number         0  stubs.o ABSOLUTE
    _printf_llo                              0x00000000   Number         0  stubs.o ABSOLUTE
    _printf_llu                              0x00000000   Number         0  stubs.o ABSOLUTE
    _printf_llx                              0x00000000   Number         0  stubs.o ABSOLUTE
    _printf_longlong_dec                     0x00000000   Number         0  stubs.o ABSOLUTE
    _printf_longlong_hex                     0x00000000   Number         0  stubs.o ABSOLUTE
    _printf_longlong_oct                     0x00000000   Number         0  stubs.o ABSOLUTE
    _printf_ls                               0x00000000   Number         0  stubs.o ABSOLUTE
    _printf_mbtowc                           0x00000000   Number         0  stubs.o ABSOLUTE
    _printf_n                                0x00000000   Number         0  stubs.o ABSOLUTE
    _printf_o                                0x00000000   Number         0  stubs.o ABSOLUTE
    _printf_p                                0x00000000   Number         0  stubs.o ABSOLUTE
    _printf_percent                          0x00000000   Number         0  stubs.o ABSOLUTE
    _printf_pre_padding                      0x00000000   Number         0  stubs.o ABSOLUTE
    _printf_return_value                     0x00000000   Number         0  stubs.o ABSOLUTE
    _printf_s                                0x00000000   Number         0  stubs.o ABSOLUTE
    _printf_sizespec                         0x00000000   Number         0  stubs.o ABSOLUTE
    _printf_str                              0x00000000   Number         0  stubs.o ABSOLUTE
    _printf_truncate_signed                  0x00000000   Number         0  stubs.o ABSOLUTE
    _printf_truncate_unsigned                0x00000000   Number         0  stubs.o ABSOLUTE
    _printf_u                                0x00000000   Number         0  stubs.o ABSOLUTE
    _printf_wc                               0x00000000   Number         0  stubs.o ABSOLUTE
    _printf_wctomb                           0x00000000   Number         0  stubs.o ABSOLUTE
    _printf_widthprec                        0x00000000   Number         0  stubs.o ABSOLUTE
    _printf_x                                0x00000000   Number         0  stubs.o ABSOLUTE
    __cpp_initialize__aeabi_                  - Undefined Weak Reference
    __cxa_finalize                            - Undefined Weak Reference
    __decompress                              - Undefined Weak Reference
    _clock_init                               - Undefined Weak Reference
    _microlib_exit                            - Undefined Weak Reference
    __Vectors_Size                           0x00000298   Number         0  startup_stm32h743xx.o ABSOLUTE
    __Vectors                                0x08000000   Data           4  startup_stm32h743xx.o(RESET)
    __Vectors_End                            0x08000298   Data           0  startup_stm32h743xx.o(RESET)
    __main                                   0x08000299   Thumb Code     0  entry.o(.ARM.Collect$$$$00000000)
    _main_stk                                0x08000299   Thumb Code     0  entry2.o(.ARM.Collect$$$$00000001)
    _main_scatterload                        0x0800029d   Thumb Code     0  entry5.o(.ARM.Collect$$$$00000004)
    __main_after_scatterload                 0x080002a1   Thumb Code     0  entry5.o(.ARM.Collect$$$$00000004)
    _main_clock                              0x080002a1   Thumb Code     0  entry7b.o(.ARM.Collect$$$$00000008)
    _main_cpp_init                           0x080002a1   Thumb Code     0  entry8b.o(.ARM.Collect$$$$0000000A)
    _main_init                               0x080002a1   Thumb Code     0  entry9a.o(.ARM.Collect$$$$0000000B)
    __rt_final_cpp                           0x080002a9   Thumb Code     0  entry10a.o(.ARM.Collect$$$$0000000D)
    __rt_final_exit                          0x080002a9   Thumb Code     0  entry11a.o(.ARM.Collect$$$$0000000F)
    Reset_Handler                            0x080002ad   Thumb Code     8  startup_stm32h743xx.o(.text)
    ADC3_IRQHandler                          0x080002c7   Thumb Code     0  startup_stm32h743xx.o(.text)
    ADC_IRQHandler                           0x080002c7   Thumb Code     0  startup_stm32h743xx.o(.text)
    BDMA_Channel0_IRQHandler                 0x080002c7   Thumb Code     0  startup_stm32h743xx.o(.text)
    BDMA_Channel1_IRQHandler                 0x080002c7   Thumb Code     0  startup_stm32h743xx.o(.text)
    BDMA_Channel2_IRQHandler                 0x080002c7   Thumb Code     0  startup_stm32h743xx.o(.text)
    BDMA_Channel3_IRQHandler                 0x080002c7   Thumb Code     0  startup_stm32h743xx.o(.text)
    BDMA_Channel4_IRQHandler                 0x080002c7   Thumb Code     0  startup_stm32h743xx.o(.text)
    BDMA_Channel5_IRQHandler                 0x080002c7   Thumb Code     0  startup_stm32h743xx.o(.text)
    BDMA_Channel6_IRQHandler                 0x080002c7   Thumb Code     0  startup_stm32h743xx.o(.text)
    BDMA_Channel7_IRQHandler                 0x080002c7   Thumb Code     0  startup_stm32h743xx.o(.text)
    CEC_IRQHandler                           0x080002c7   Thumb Code     0  startup_stm32h743xx.o(.text)
    COMP1_IRQHandler                         0x080002c7   Thumb Code     0  startup_stm32h743xx.o(.text)
    CRS_IRQHandler                           0x080002c7   Thumb Code     0  startup_stm32h743xx.o(.text)
    DCMI_IRQHandler                          0x080002c7   Thumb Code     0  startup_stm32h743xx.o(.text)
    DFSDM1_FLT0_IRQHandler                   0x080002c7   Thumb Code     0  startup_stm32h743xx.o(.text)
    DFSDM1_FLT1_IRQHandler                   0x080002c7   Thumb Code     0  startup_stm32h743xx.o(.text)
    DFSDM1_FLT2_IRQHandler                   0x080002c7   Thumb Code     0  startup_stm32h743xx.o(.text)
    DFSDM1_FLT3_IRQHandler                   0x080002c7   Thumb Code     0  startup_stm32h743xx.o(.text)
    DMA1_Stream0_IRQHandler                  0x080002c7   Thumb Code     0  startup_stm32h743xx.o(.text)
    DMA1_Stream1_IRQHandler                  0x080002c7   Thumb Code     0  startup_stm32h743xx.o(.text)
    DMA1_Stream2_IRQHandler                  0x080002c7   Thumb Code     0  startup_stm32h743xx.o(.text)
    DMA1_Stream3_IRQHandler                  0x080002c7   Thumb Code     0  startup_stm32h743xx.o(.text)
    DMA1_Stream4_IRQHandler                  0x080002c7   Thumb Code     0  startup_stm32h743xx.o(.text)
    DMA1_Stream5_IRQHandler                  0x080002c7   Thumb Code     0  startup_stm32h743xx.o(.text)
    DMA1_Stream6_IRQHandler                  0x080002c7   Thumb Code     0  startup_stm32h743xx.o(.text)
    DMA1_Stream7_IRQHandler                  0x080002c7   Thumb Code     0  startup_stm32h743xx.o(.text)
    DMA2D_IRQHandler                         0x080002c7   Thumb Code     0  startup_stm32h743xx.o(.text)
    DMA2_Stream0_IRQHandler                  0x080002c7   Thumb Code     0  startup_stm32h743xx.o(.text)
    DMA2_Stream1_IRQHandler                  0x080002c7   Thumb Code     0  startup_stm32h743xx.o(.text)
    DMA2_Stream2_IRQHandler                  0x080002c7   Thumb Code     0  startup_stm32h743xx.o(.text)
    DMA2_Stream3_IRQHandler                  0x080002c7   Thumb Code     0  startup_stm32h743xx.o(.text)
    DMA2_Stream4_IRQHandler                  0x080002c7   Thumb Code     0  startup_stm32h743xx.o(.text)
    DMA2_Stream5_IRQHandler                  0x080002c7   Thumb Code     0  startup_stm32h743xx.o(.text)
    DMA2_Stream6_IRQHandler                  0x080002c7   Thumb Code     0  startup_stm32h743xx.o(.text)
    DMA2_Stream7_IRQHandler                  0x080002c7   Thumb Code     0  startup_stm32h743xx.o(.text)
    DMAMUX1_OVR_IRQHandler                   0x080002c7   Thumb Code     0  startup_stm32h743xx.o(.text)
    DMAMUX2_OVR_IRQHandler                   0x080002c7   Thumb Code     0  startup_stm32h743xx.o(.text)
    ECC_IRQHandler                           0x080002c7   Thumb Code     0  startup_stm32h743xx.o(.text)
    ETH_IRQHandler                           0x080002c7   Thumb Code     0  startup_stm32h743xx.o(.text)
    ETH_WKUP_IRQHandler                      0x080002c7   Thumb Code     0  startup_stm32h743xx.o(.text)
    EXTI0_IRQHandler                         0x080002c7   Thumb Code     0  startup_stm32h743xx.o(.text)
    EXTI15_10_IRQHandler                     0x080002c7   Thumb Code     0  startup_stm32h743xx.o(.text)
    EXTI1_IRQHandler                         0x080002c7   Thumb Code     0  startup_stm32h743xx.o(.text)
    EXTI2_IRQHandler                         0x080002c7   Thumb Code     0  startup_stm32h743xx.o(.text)
    EXTI3_IRQHandler                         0x080002c7   Thumb Code     0  startup_stm32h743xx.o(.text)
    EXTI4_IRQHandler                         0x080002c7   Thumb Code     0  startup_stm32h743xx.o(.text)
    EXTI9_5_IRQHandler                       0x080002c7   Thumb Code     0  startup_stm32h743xx.o(.text)
    FDCAN1_IT0_IRQHandler                    0x080002c7   Thumb Code     0  startup_stm32h743xx.o(.text)
    FDCAN1_IT1_IRQHandler                    0x080002c7   Thumb Code     0  startup_stm32h743xx.o(.text)
    FDCAN2_IT0_IRQHandler                    0x080002c7   Thumb Code     0  startup_stm32h743xx.o(.text)
    FDCAN2_IT1_IRQHandler                    0x080002c7   Thumb Code     0  startup_stm32h743xx.o(.text)
    FDCAN_CAL_IRQHandler                     0x080002c7   Thumb Code     0  startup_stm32h743xx.o(.text)
    FLASH_IRQHandler                         0x080002c7   Thumb Code     0  startup_stm32h743xx.o(.text)
    FMC_IRQHandler                           0x080002c7   Thumb Code     0  startup_stm32h743xx.o(.text)
    FPU_IRQHandler                           0x080002c7   Thumb Code     0  startup_stm32h743xx.o(.text)
    HRTIM1_FLT_IRQHandler                    0x080002c7   Thumb Code     0  startup_stm32h743xx.o(.text)
    HRTIM1_Master_IRQHandler                 0x080002c7   Thumb Code     0  startup_stm32h743xx.o(.text)
    HRTIM1_TIMA_IRQHandler                   0x080002c7   Thumb Code     0  startup_stm32h743xx.o(.text)
    HRTIM1_TIMB_IRQHandler                   0x080002c7   Thumb Code     0  startup_stm32h743xx.o(.text)
    HRTIM1_TIMC_IRQHandler                   0x080002c7   Thumb Code     0  startup_stm32h743xx.o(.text)
    HRTIM1_TIMD_IRQHandler                   0x080002c7   Thumb Code     0  startup_stm32h743xx.o(.text)
    HRTIM1_TIME_IRQHandler                   0x080002c7   Thumb Code     0  startup_stm32h743xx.o(.text)
    HSEM1_IRQHandler                         0x080002c7   Thumb Code     0  startup_stm32h743xx.o(.text)
    I2C1_ER_IRQHandler                       0x080002c7   Thumb Code     0  startup_stm32h743xx.o(.text)
    I2C1_EV_IRQHandler                       0x080002c7   Thumb Code     0  startup_stm32h743xx.o(.text)
    I2C2_ER_IRQHandler                       0x080002c7   Thumb Code     0  startup_stm32h743xx.o(.text)
    I2C2_EV_IRQHandler                       0x080002c7   Thumb Code     0  startup_stm32h743xx.o(.text)
    I2C3_ER_IRQHandler                       0x080002c7   Thumb Code     0  startup_stm32h743xx.o(.text)
    I2C3_EV_IRQHandler                       0x080002c7   Thumb Code     0  startup_stm32h743xx.o(.text)
    I2C4_ER_IRQHandler                       0x080002c7   Thumb Code     0  startup_stm32h743xx.o(.text)
    I2C4_EV_IRQHandler                       0x080002c7   Thumb Code     0  startup_stm32h743xx.o(.text)
    JPEG_IRQHandler                          0x080002c7   Thumb Code     0  startup_stm32h743xx.o(.text)
    LPTIM1_IRQHandler                        0x080002c7   Thumb Code     0  startup_stm32h743xx.o(.text)
    LPTIM2_IRQHandler                        0x080002c7   Thumb Code     0  startup_stm32h743xx.o(.text)
    LPTIM3_IRQHandler                        0x080002c7   Thumb Code     0  startup_stm32h743xx.o(.text)
    LPTIM4_IRQHandler                        0x080002c7   Thumb Code     0  startup_stm32h743xx.o(.text)
    LPTIM5_IRQHandler                        0x080002c7   Thumb Code     0  startup_stm32h743xx.o(.text)
    LPUART1_IRQHandler                       0x080002c7   Thumb Code     0  startup_stm32h743xx.o(.text)
    LTDC_ER_IRQHandler                       0x080002c7   Thumb Code     0  startup_stm32h743xx.o(.text)
    LTDC_IRQHandler                          0x080002c7   Thumb Code     0  startup_stm32h743xx.o(.text)
    MDIOS_IRQHandler                         0x080002c7   Thumb Code     0  startup_stm32h743xx.o(.text)
    MDIOS_WKUP_IRQHandler                    0x080002c7   Thumb Code     0  startup_stm32h743xx.o(.text)
    MDMA_IRQHandler                          0x080002c7   Thumb Code     0  startup_stm32h743xx.o(.text)
    OTG_FS_EP1_IN_IRQHandler                 0x080002c7   Thumb Code     0  startup_stm32h743xx.o(.text)
    OTG_FS_EP1_OUT_IRQHandler                0x080002c7   Thumb Code     0  startup_stm32h743xx.o(.text)
    OTG_FS_IRQHandler                        0x080002c7   Thumb Code     0  startup_stm32h743xx.o(.text)
    OTG_FS_WKUP_IRQHandler                   0x080002c7   Thumb Code     0  startup_stm32h743xx.o(.text)
    OTG_HS_EP1_IN_IRQHandler                 0x080002c7   Thumb Code     0  startup_stm32h743xx.o(.text)
    OTG_HS_EP1_OUT_IRQHandler                0x080002c7   Thumb Code     0  startup_stm32h743xx.o(.text)
    OTG_HS_IRQHandler                        0x080002c7   Thumb Code     0  startup_stm32h743xx.o(.text)
    OTG_HS_WKUP_IRQHandler                   0x080002c7   Thumb Code     0  startup_stm32h743xx.o(.text)
    PVD_AVD_IRQHandler                       0x080002c7   Thumb Code     0  startup_stm32h743xx.o(.text)
    QUADSPI_IRQHandler                       0x080002c7   Thumb Code     0  startup_stm32h743xx.o(.text)
    RCC_IRQHandler                           0x080002c7   Thumb Code     0  startup_stm32h743xx.o(.text)
    RNG_IRQHandler                           0x080002c7   Thumb Code     0  startup_stm32h743xx.o(.text)
    RTC_Alarm_IRQHandler                     0x080002c7   Thumb Code     0  startup_stm32h743xx.o(.text)
    RTC_WKUP_IRQHandler                      0x080002c7   Thumb Code     0  startup_stm32h743xx.o(.text)
    SAI1_IRQHandler                          0x080002c7   Thumb Code     0  startup_stm32h743xx.o(.text)
    SAI2_IRQHandler                          0x080002c7   Thumb Code     0  startup_stm32h743xx.o(.text)
    SAI3_IRQHandler                          0x080002c7   Thumb Code     0  startup_stm32h743xx.o(.text)
    SAI4_IRQHandler                          0x080002c7   Thumb Code     0  startup_stm32h743xx.o(.text)
    SDMMC1_IRQHandler                        0x080002c7   Thumb Code     0  startup_stm32h743xx.o(.text)
    SDMMC2_IRQHandler                        0x080002c7   Thumb Code     0  startup_stm32h743xx.o(.text)
    SPDIF_RX_IRQHandler                      0x080002c7   Thumb Code     0  startup_stm32h743xx.o(.text)
    SPI1_IRQHandler                          0x080002c7   Thumb Code     0  startup_stm32h743xx.o(.text)
    SPI2_IRQHandler                          0x080002c7   Thumb Code     0  startup_stm32h743xx.o(.text)
    SPI3_IRQHandler                          0x080002c7   Thumb Code     0  startup_stm32h743xx.o(.text)
    SPI4_IRQHandler                          0x080002c7   Thumb Code     0  startup_stm32h743xx.o(.text)
    SPI5_IRQHandler                          0x080002c7   Thumb Code     0  startup_stm32h743xx.o(.text)
    SPI6_IRQHandler                          0x080002c7   Thumb Code     0  startup_stm32h743xx.o(.text)
    SWPMI1_IRQHandler                        0x080002c7   Thumb Code     0  startup_stm32h743xx.o(.text)
    TAMP_STAMP_IRQHandler                    0x080002c7   Thumb Code     0  startup_stm32h743xx.o(.text)
    TIM15_IRQHandler                         0x080002c7   Thumb Code     0  startup_stm32h743xx.o(.text)
    TIM16_IRQHandler                         0x080002c7   Thumb Code     0  startup_stm32h743xx.o(.text)
    TIM17_IRQHandler                         0x080002c7   Thumb Code     0  startup_stm32h743xx.o(.text)
    TIM1_BRK_IRQHandler                      0x080002c7   Thumb Code     0  startup_stm32h743xx.o(.text)
    TIM1_CC_IRQHandler                       0x080002c7   Thumb Code     0  startup_stm32h743xx.o(.text)
    TIM1_TRG_COM_IRQHandler                  0x080002c7   Thumb Code     0  startup_stm32h743xx.o(.text)
    TIM1_UP_IRQHandler                       0x080002c7   Thumb Code     0  startup_stm32h743xx.o(.text)
    TIM3_IRQHandler                          0x080002c7   Thumb Code     0  startup_stm32h743xx.o(.text)
    TIM4_IRQHandler                          0x080002c7   Thumb Code     0  startup_stm32h743xx.o(.text)
    TIM5_IRQHandler                          0x080002c7   Thumb Code     0  startup_stm32h743xx.o(.text)
    TIM6_DAC_IRQHandler                      0x080002c7   Thumb Code     0  startup_stm32h743xx.o(.text)
    TIM7_IRQHandler                          0x080002c7   Thumb Code     0  startup_stm32h743xx.o(.text)
    TIM8_BRK_TIM12_IRQHandler                0x080002c7   Thumb Code     0  startup_stm32h743xx.o(.text)
    TIM8_CC_IRQHandler                       0x080002c7   Thumb Code     0  startup_stm32h743xx.o(.text)
    TIM8_TRG_COM_TIM14_IRQHandler            0x080002c7   Thumb Code     0  startup_stm32h743xx.o(.text)
    TIM8_UP_TIM13_IRQHandler                 0x080002c7   Thumb Code     0  startup_stm32h743xx.o(.text)
    UART4_IRQHandler                         0x080002c7   Thumb Code     0  startup_stm32h743xx.o(.text)
    UART7_IRQHandler                         0x080002c7   Thumb Code     0  startup_stm32h743xx.o(.text)
    UART8_IRQHandler                         0x080002c7   Thumb Code     0  startup_stm32h743xx.o(.text)
    USART1_IRQHandler                        0x080002c7   Thumb Code     0  startup_stm32h743xx.o(.text)
    USART2_IRQHandler                        0x080002c7   Thumb Code     0  startup_stm32h743xx.o(.text)
    USART6_IRQHandler                        0x080002c7   Thumb Code     0  startup_stm32h743xx.o(.text)
    WAKEUP_PIN_IRQHandler                    0x080002c7   Thumb Code     0  startup_stm32h743xx.o(.text)
    WWDG_IRQHandler                          0x080002c7   Thumb Code     0  startup_stm32h743xx.o(.text)
    __aeabi_uldivmod                         0x080002d1   Thumb Code    98  uldiv.o(.text)
    __aeabi_memset                           0x08000333   Thumb Code    14  memseta.o(.text)
    __aeabi_memset4                          0x08000333   Thumb Code     0  memseta.o(.text)
    __aeabi_memset8                          0x08000333   Thumb Code     0  memseta.o(.text)
    __aeabi_memclr                           0x08000341   Thumb Code     4  memseta.o(.text)
    __aeabi_memclr4                          0x08000341   Thumb Code     0  memseta.o(.text)
    __aeabi_memclr8                          0x08000341   Thumb Code     0  memseta.o(.text)
    _memset$wrapper                          0x08000345   Thumb Code    18  memseta.o(.text)
    atoi                                     0x08000357   Thumb Code    26  atoi.o(.text)
    __aeabi_llsl                             0x08000371   Thumb Code    30  llshl.o(.text)
    _ll_shift_l                              0x08000371   Thumb Code     0  llshl.o(.text)
    __aeabi_llsr                             0x0800038f   Thumb Code    32  llushr.o(.text)
    _ll_ushift_r                             0x0800038f   Thumb Code     0  llushr.o(.text)
    strtol                                   0x080003af   Thumb Code   112  strtol.o(.text)
    __scatterload                            0x08000421   Thumb Code    28  init.o(.text)
    __scatterload_rt2                        0x08000421   Thumb Code     0  init.o(.text)
    __rt_ctype_table                         0x08000445   Thumb Code     4  ctype_o.o(.text)
    _strtoul                                 0x0800044d   Thumb Code   158  _strtoul.o(.text)
    _chval                                   0x080004eb   Thumb Code    28  _chval.o(.text)
    BusFault_Handler                         0x08000507   Thumb Code     2  stm32h7xx_it.o(.text.BusFault_Handler)
    DebugMon_Handler                         0x08000509   Thumb Code     2  stm32h7xx_it.o(.text.DebugMon_Handler)
    Error_Handler                            0x0800050b   Thumb Code     2  main.o(.text.Error_Handler)
    Gui_DrawFont_Num32                       0x0800050d   Thumb Code   148  gui.o(.text.Gui_DrawFont_Num32)
    Gui_DrawPoint                            0x080005a1   Thumb Code    18  spi.o(.text.Gui_DrawPoint)
    HAL_DMA_Abort_IT                         0x080005b5   Thumb Code   388  stm32h7xx_hal_dma.o(.text.HAL_DMA_Abort_IT)
    HAL_Delay                                0x08000739   Thumb Code    36  stm32h7xx_hal.o(.text.HAL_Delay)
    HAL_GPIO_Init                            0x08000759   Thumb Code   384  stm32h7xx_hal_gpio.o(.text.HAL_GPIO_Init)
    HAL_GPIO_WritePin                        0x080008d5   Thumb Code    10  stm32h7xx_hal_gpio.o(.text.HAL_GPIO_WritePin)
    HAL_GetREVID                             0x080008e1   Thumb Code    12  stm32h7xx_hal.o(.text.HAL_GetREVID)
    HAL_GetTick                              0x080008ed   Thumb Code    12  stm32h7xx_hal.o(.text.HAL_GetTick)
    HAL_IncTick                              0x080008f5   Thumb Code    24  stm32h7xx_hal.o(.text.HAL_IncTick)
    HAL_Init                                 0x08000909   Thumb Code    88  stm32h7xx_hal.o(.text.HAL_Init)
    HAL_InitTick                             0x08000955   Thumb Code    72  stm32h7xx_hal.o(.text.HAL_InitTick)
    HAL_MspInit                              0x08000999   Thumb Code    32  stm32h7xx_hal_msp.o(.text.HAL_MspInit)
    HAL_NVIC_EnableIRQ                       0x080009b9   Thumb Code    28  stm32h7xx_hal_cortex.o(.text.HAL_NVIC_EnableIRQ)
    HAL_NVIC_SetPriority                     0x080009d5   Thumb Code    68  stm32h7xx_hal_cortex.o(.text.HAL_NVIC_SetPriority)
    HAL_NVIC_SetPriorityGrouping             0x08000a15   Thumb Code    32  stm32h7xx_hal_cortex.o(.text.HAL_NVIC_SetPriorityGrouping)
    HAL_PWREx_ConfigSupply                   0x08000a35   Thumb Code    72  stm32h7xx_hal_pwr_ex.o(.text.HAL_PWREx_ConfigSupply)
    HAL_RCCEx_GetD1SysClockFreq              0x08000a7d   Thumb Code    44  stm32h7xx_hal_rcc_ex.o(.text.HAL_RCCEx_GetD1SysClockFreq)
    HAL_RCCEx_GetD3PCLK1Freq                 0x08000aa5   Thumb Code    36  stm32h7xx_hal_rcc_ex.o(.text.HAL_RCCEx_GetD3PCLK1Freq)
    HAL_RCCEx_GetPLL2ClockFreq               0x08000ac9   Thumb Code   268  stm32h7xx_hal_rcc_ex.o(.text.HAL_RCCEx_GetPLL2ClockFreq)
    HAL_RCCEx_GetPLL3ClockFreq               0x08000bd5   Thumb Code   268  stm32h7xx_hal_rcc_ex.o(.text.HAL_RCCEx_GetPLL3ClockFreq)
    HAL_RCCEx_PeriphCLKConfig                0x08000ce1   Thumb Code  2252  stm32h7xx_hal_rcc_ex.o(.text.HAL_RCCEx_PeriphCLKConfig)
    HAL_RCC_ClockConfig                      0x080015ad   Thumb Code   532  stm32h7xx_hal_rcc.o(.text.HAL_RCC_ClockConfig)
    HAL_RCC_GetHCLKFreq                      0x080017b9   Thumb Code    44  stm32h7xx_hal_rcc.o(.text.HAL_RCC_GetHCLKFreq)
    HAL_RCC_GetPCLK1Freq                     0x080017e1   Thumb Code    36  stm32h7xx_hal_rcc.o(.text.HAL_RCC_GetPCLK1Freq)
    HAL_RCC_GetPCLK2Freq                     0x080017fd   Thumb Code    36  stm32h7xx_hal_rcc.o(.text.HAL_RCC_GetPCLK2Freq)
    HAL_RCC_GetSysClockFreq                  0x08001821   Thumb Code   252  stm32h7xx_hal_rcc.o(.text.HAL_RCC_GetSysClockFreq)
    HAL_RCC_OscConfig                        0x0800191d   Thumb Code  1140  stm32h7xx_hal_rcc.o(.text.HAL_RCC_OscConfig)
    HAL_SPI_Init                             0x08001d91   Thumb Code   332  stm32h7xx_hal_spi.o(.text.HAL_SPI_Init)
    HAL_SPI_MspInit                          0x08001ed9   Thumb Code   160  spi.o(.text.HAL_SPI_MspInit)
    HAL_SPI_Transmit                         0x08001f79   Thumb Code   530  stm32h7xx_hal_spi.o(.text.HAL_SPI_Transmit)
    HAL_SYSTICK_Config                       0x0800218d   Thumb Code    40  stm32h7xx_hal_cortex.o(.text.HAL_SYSTICK_Config)
    HAL_TIMEx_Break2Callback                 0x080021b5   Thumb Code     2  stm32h7xx_hal_tim_ex.o(.text.HAL_TIMEx_Break2Callback)
    HAL_TIMEx_BreakCallback                  0x080021b7   Thumb Code     2  stm32h7xx_hal_tim_ex.o(.text.HAL_TIMEx_BreakCallback)
    HAL_TIMEx_CommutCallback                 0x080021b9   Thumb Code     2  stm32h7xx_hal_tim_ex.o(.text.HAL_TIMEx_CommutCallback)
    HAL_TIMEx_ConfigBreakDeadTime            0x080021bd   Thumb Code   168  stm32h7xx_hal_tim_ex.o(.text.HAL_TIMEx_ConfigBreakDeadTime)
    HAL_TIMEx_MasterConfigSynchronization    0x08002261   Thumb Code    96  stm32h7xx_hal_tim_ex.o(.text.HAL_TIMEx_MasterConfigSynchronization)
    HAL_TIM_Base_Init                        0x080022c1   Thumb Code    52  stm32h7xx_hal_tim.o(.text.HAL_TIM_Base_Init)
    HAL_TIM_Base_MspInit                     0x080022f5   Thumb Code   120  tim.o(.text.HAL_TIM_Base_MspInit)
    HAL_TIM_Base_Start                       0x08002365   Thumb Code    48  stm32h7xx_hal_tim.o(.text.HAL_TIM_Base_Start)
    HAL_TIM_ConfigClockSource                0x08002395   Thumb Code   288  stm32h7xx_hal_tim.o(.text.HAL_TIM_ConfigClockSource)
    HAL_TIM_IC_CaptureCallback               0x080024b5   Thumb Code     2  stm32h7xx_hal_tim.o(.text.HAL_TIM_IC_CaptureCallback)
    HAL_TIM_IRQHandler                       0x080024b7   Thumb Code   392  stm32h7xx_hal_tim.o(.text.HAL_TIM_IRQHandler)
    HAL_TIM_MspPostInit                      0x08002641   Thumb Code   196  tim.o(.text.HAL_TIM_MspPostInit)
    HAL_TIM_OC_DelayElapsedCallback          0x08002705   Thumb Code     2  stm32h7xx_hal_tim.o(.text.HAL_TIM_OC_DelayElapsedCallback)
    HAL_TIM_PWM_ConfigChannel                0x08002709   Thumb Code   192  stm32h7xx_hal_tim.o(.text.HAL_TIM_PWM_ConfigChannel)
    HAL_TIM_PWM_Init                         0x080027c9   Thumb Code    52  stm32h7xx_hal_tim.o(.text.HAL_TIM_PWM_Init)
    HAL_TIM_PWM_MspInit                      0x080027fd   Thumb Code     2  stm32h7xx_hal_tim.o(.text.HAL_TIM_PWM_MspInit)
    HAL_TIM_PWM_PulseFinishedCallback        0x080027ff   Thumb Code     2  stm32h7xx_hal_tim.o(.text.HAL_TIM_PWM_PulseFinishedCallback)
    HAL_TIM_PWM_Start                        0x08002801   Thumb Code   108  stm32h7xx_hal_tim.o(.text.HAL_TIM_PWM_Start)
    HAL_TIM_PeriodElapsedCallback            0x0800286d   Thumb Code     2  stm32h7xx_hal_tim.o(.text.HAL_TIM_PeriodElapsedCallback)
    HAL_TIM_SlaveConfigSynchro               0x0800286f   Thumb Code    72  stm32h7xx_hal_tim.o(.text.HAL_TIM_SlaveConfigSynchro)
    HAL_TIM_TriggerCallback                  0x080028b7   Thumb Code     2  stm32h7xx_hal_tim.o(.text.HAL_TIM_TriggerCallback)
    HAL_UARTEx_DisableFifoMode               0x080028b9   Thumb Code    54  stm32h7xx_hal_uart_ex.o(.text.HAL_UARTEx_DisableFifoMode)
    HAL_UARTEx_RxFifoFullCallback            0x080028ef   Thumb Code     2  stm32h7xx_hal_uart_ex.o(.text.HAL_UARTEx_RxFifoFullCallback)
    HAL_UARTEx_SetRxFifoThreshold            0x080028f1   Thumb Code    74  stm32h7xx_hal_uart_ex.o(.text.HAL_UARTEx_SetRxFifoThreshold)
    HAL_UARTEx_SetTxFifoThreshold            0x0800293b   Thumb Code    74  stm32h7xx_hal_uart_ex.o(.text.HAL_UARTEx_SetTxFifoThreshold)
    HAL_UARTEx_TxFifoEmptyCallback           0x08002985   Thumb Code     2  stm32h7xx_hal_uart_ex.o(.text.HAL_UARTEx_TxFifoEmptyCallback)
    HAL_UARTEx_WakeupCallback                0x08002987   Thumb Code     2  stm32h7xx_hal_uart_ex.o(.text.HAL_UARTEx_WakeupCallback)
    HAL_UART_ErrorCallback                   0x08002989   Thumb Code     2  stm32h7xx_hal_uart.o(.text.HAL_UART_ErrorCallback)
    HAL_UART_IRQHandler                      0x0800298d   Thumb Code   468  stm32h7xx_hal_uart.o(.text.HAL_UART_IRQHandler)
    HAL_UART_Init                            0x08002b61   Thumb Code   100  stm32h7xx_hal_uart.o(.text.HAL_UART_Init)
    HAL_UART_MspInit                         0x08002bc5   Thumb Code   372  usart.o(.text.HAL_UART_MspInit)
    HAL_UART_Receive_IT                      0x08002d35   Thumb Code   264  stm32h7xx_hal_uart.o(.text.HAL_UART_Receive_IT)
    HAL_UART_RxCpltCallback                  0x08002e3d   Thumb Code    40  my_uart.o(.text.HAL_UART_RxCpltCallback)
    HAL_UART_Transmit                        0x08002e65   Thumb Code   198  stm32h7xx_hal_uart.o(.text.HAL_UART_Transmit)
    HAL_UART_TxCpltCallback                  0x08002f2b   Thumb Code     2  stm32h7xx_hal_uart.o(.text.HAL_UART_TxCpltCallback)
    HardFault_Handler                        0x08002f2d   Thumb Code     2  stm32h7xx_it.o(.text.HardFault_Handler)
    Key_scan                                 0x08002f31   Thumb Code   416  keypad.o(.text.Key_scan)
    LCD_SPI_Init                             0x080030d1   Thumb Code    52  spi.o(.text.LCD_SPI_Init)
    Lcd_Clear                                0x08003101   Thumb Code    48  spi.o(.text.Lcd_Clear)
    Lcd_Init                                 0x08003131   Thumb Code   368  spi.o(.text.Lcd_Init)
    Lcd_Reset                                0x0800329d   Thumb Code    48  spi.o(.text.Lcd_Reset)
    Lcd_SetRegion                            0x080032c9   Thumb Code    60  spi.o(.text.Lcd_SetRegion)
    Lcd_SetXY                                0x08003301   Thumb Code    44  spi.o(.text.Lcd_SetXY)
    Lcd_WriteData                            0x0800332d   Thumb Code    60  spi.o(.text.Lcd_WriteData)
    Lcd_WriteData_16Bit                      0x08003361   Thumb Code    20  spi.o(.text.Lcd_WriteData_16Bit)
    Lcd_WriteIndex                           0x08003375   Thumb Code    60  spi.o(.text.Lcd_WriteIndex)
    MX_GPIO_Init                             0x080033ad   Thumb Code   376  gpio.o(.text.MX_GPIO_Init)
    MX_SPI3_Init                             0x08003525   Thumb Code    92  spi.o(.text.MX_SPI3_Init)
    MX_TIM1_Init                             0x08003581   Thumb Code   244  tim.o(.text.MX_TIM1_Init)
    MX_TIM2_Init                             0x08003675   Thumb Code   184  tim.o(.text.MX_TIM2_Init)
    MX_TIM4_Init                             0x0800372d   Thumb Code   188  tim.o(.text.MX_TIM4_Init)
    MX_UART5_Init                            0x080037e9   Thumb Code   104  usart.o(.text.MX_UART5_Init)
    MX_USART2_UART_Init                      0x08003851   Thumb Code   104  usart.o(.text.MX_USART2_UART_Init)
    MX_USART3_UART_Init                      0x080038b9   Thumb Code   104  usart.o(.text.MX_USART3_UART_Init)
    MX_USART6_UART_Init                      0x08003921   Thumb Code   104  usart.o(.text.MX_USART6_UART_Init)
    MemManage_Handler                        0x08003989   Thumb Code     2  stm32h7xx_it.o(.text.MemManage_Handler)
    NMI_Handler                              0x0800398b   Thumb Code     2  stm32h7xx_it.o(.text.NMI_Handler)
    PendSV_Handler                           0x0800398d   Thumb Code     2  stm32h7xx_it.o(.text.PendSV_Handler)
    SPI_WriteByte                            0x08003c75   Thumb Code    28  spi.o(.text.SPI_WriteByte)
    SVC_Handler                              0x08003c91   Thumb Code     2  stm32h7xx_it.o(.text.SVC_Handler)
    SysTick_Handler                          0x08003c93   Thumb Code     4  stm32h7xx_it.o(.text.SysTick_Handler)
    SystemClock_Config                       0x08003c99   Thumb Code   196  main.o(.text.SystemClock_Config)
    SystemInit                               0x08003d5d   Thumb Code   116  system_stm32h7xx.o(.text.SystemInit)
    TIM2_IRQHandler                          0x08003dd1   Thumb Code    12  stm32h7xx_it.o(.text.TIM2_IRQHandler)
    TIM_Base_SetConfig                       0x08003ddd   Thumb Code   248  stm32h7xx_hal_tim.o(.text.TIM_Base_SetConfig)
    TIM_CCxChannelCmd                        0x08003ec1   Thumb Code    30  stm32h7xx_hal_tim.o(.text.TIM_CCxChannelCmd)
    TIM_OC2_SetConfig                        0x08003f59   Thumb Code   144  stm32h7xx_hal_tim.o(.text.TIM_OC2_SetConfig)
    UART5_IRQHandler                         0x0800425d   Thumb Code    12  stm32h7xx_it.o(.text.UART5_IRQHandler)
    UART_AdvFeatureConfig                    0x080042bd   Thumb Code   198  stm32h7xx_hal_uart.o(.text.UART_AdvFeatureConfig)
    UART_CheckIdleState                      0x08004383   Thumb Code   100  stm32h7xx_hal_uart.o(.text.UART_CheckIdleState)
    UART_SetConfig                           0x08004611   Thumb Code  1756  stm32h7xx_hal_uart.o(.text.UART_SetConfig)
    UART_WaitOnFlagUntilTimeout              0x08004ced   Thumb Code   160  stm32h7xx_hal_uart.o(.text.UART_WaitOnFlagUntilTimeout)
    USART3_IRQHandler                        0x08004d8d   Thumb Code    12  stm32h7xx_it.o(.text.USART3_IRQHandler)
    UsageFault_Handler                       0x08004d95   Thumb Code     2  stm32h7xx_it.o(.text.UsageFault_Handler)
    User_GetErrorUart_Init                   0x08004d99   Thumb Code    24  my_uart.o(.text.User_GetErrorUart_Init)
    Usermain                                 0x08004da9   Thumb Code   124  user_main.o(.text.Usermain)
    _GetCommandUartCallBack                  0x08004e25   Thumb Code    24  my_uart.o(.text._GetCommandUartCallBack)
    _GetErrorUartCallBack                    0x08004e39   Thumb Code   196  my_uart.o(.text._GetErrorUartCallBack)
    fputc                                    0x08004f1d   Thumb Code    32  my_uart.o(.text.fputc)
    main                                     0x08004f3d   Thumb Code    62  main.o(.text.main)
    __aeabi_errno_addr                       0x08004f7d   Thumb Code     4  errno.o(i.__aeabi_errno_addr)
    __rt_errno_addr                          0x08004f7d   Thumb Code     0  errno.o(i.__aeabi_errno_addr)
    __scatterload_copy                       0x08004f85   Thumb Code    14  handlers.o(i.__scatterload_copy)
    __scatterload_null                       0x08004f93   Thumb Code     2  handlers.o(i.__scatterload_null)
    __scatterload_zeroinit                   0x08004f95   Thumb Code    14  handlers.o(i.__scatterload_zeroinit)
    puts                                     0x08004fa5   Thumb Code    30  puts.o(i.puts)
    __ctype_table                            0x08004fc8   Data         129  ctype_o.o(.constdata)
    D1CorePrescTable                         0x0800507c   Data          16  system_stm32h7xx.o(.rodata.D1CorePrescTable)
    sz32                                     0x0800509c   Data        1921  font.o(.rodata.sz32)
    Region$$Table$$Base                      0x08005820   Number         0  anon$$obj.o(Region$$Table)
    Region$$Table$$Limit                     0x08005840   Number         0  anon$$obj.o(Region$$Table)
    __stdout                                 0x20000000   Data           4  stdout.o(.data)
    uwTickFreq                               0x20000008   Data           1  stm32h7xx_hal.o(.data..L_MergedGlobals)
    uwTickPrio                               0x2000000c   Data           4  stm32h7xx_hal.o(.data..L_MergedGlobals)
    SystemCoreClock                          0x20000010   Data           4  system_stm32h7xx.o(.data..L_MergedGlobals)
    SystemD2Clock                            0x20000014   Data           4  system_stm32h7xx.o(.data..L_MergedGlobals)
    _GetCommandRXBuffer                      0x20000018   Data           1  my_uart.o(.bss..L_MergedGlobals)
    _DebugCommand                            0x20000019   Data           1  my_uart.o(.bss..L_MergedGlobals)
    Coordinate1_One                          0x2000001c   Data           2  my_uart.o(.bss..L_MergedGlobals)
    Coordinate1_Two                          0x2000001e   Data           2  my_uart.o(.bss..L_MergedGlobals)
    _GetErrorRXBuffer                        0x20000020   Data           7  my_uart.o(.bss..L_MergedGlobals)
    hspi3                                    0x20000028   Data         136  spi.o(.bss.hspi3)
    htim1                                    0x200000b0   Data          64  tim.o(.bss.htim1)
    htim2                                    0x200000f0   Data          64  tim.o(.bss.htim2)
    htim4                                    0x20000130   Data          64  tim.o(.bss.htim4)
    huart2                                   0x20000170   Data         140  usart.o(.bss.huart2)
    huart3                                   0x200001fc   Data         140  usart.o(.bss.huart3)
    huart5                                   0x20000288   Data         140  usart.o(.bss.huart5)
    huart6                                   0x20000314   Data         140  usart.o(.bss.huart6)
    uwTick                                   0x200003a0   Data           4  stm32h7xx_hal.o(.bss.uwTick)
    __initial_sp                             0x200007a8   Data           0  startup_stm32h743xx.o(STACK)



==============================================================================

Memory Map of the image

  Image Entry point : 0x08000299

  Load Region LR_IROM1 (Base: 0x08000000, Size: 0x00005858, Max: 0x00200000, ABSOLUTE)

    Execution Region ER_IROM1 (Exec base: 0x08000000, Load base: 0x08000000, Size: 0x00005840, Max: 0x00200000, ABSOLUTE)

    Exec Addr    Load Addr    Size         Type   Attr      Idx    E Section Name        Object

    0x08000000   0x08000000   0x00000298   Data   RO            3    RESET               startup_stm32h743xx.o
    0x08000298   0x08000298   0x00000000   Code   RO         1795  * .ARM.Collect$$$$00000000  mc_w.l(entry.o)
    0x08000298   0x08000298   0x00000004   Code   RO         2069    .ARM.Collect$$$$00000001  mc_w.l(entry2.o)
    0x0800029c   0x0800029c   0x00000004   Code   RO         2072    .ARM.Collect$$$$00000004  mc_w.l(entry5.o)
    0x080002a0   0x080002a0   0x00000000   Code   RO         2074    .ARM.Collect$$$$00000008  mc_w.l(entry7b.o)
    0x080002a0   0x080002a0   0x00000000   Code   RO         2076    .ARM.Collect$$$$0000000A  mc_w.l(entry8b.o)
    0x080002a0   0x080002a0   0x00000008   Code   RO         2077    .ARM.Collect$$$$0000000B  mc_w.l(entry9a.o)
    0x080002a8   0x080002a8   0x00000000   Code   RO         2079    .ARM.Collect$$$$0000000D  mc_w.l(entry10a.o)
    0x080002a8   0x080002a8   0x00000000   Code   RO         2081    .ARM.Collect$$$$0000000F  mc_w.l(entry11a.o)
    0x080002a8   0x080002a8   0x00000004   Code   RO         2070    .ARM.Collect$$$$00002712  mc_w.l(entry2.o)
    0x080002ac   0x080002ac   0x00000024   Code   RO            4    .text               startup_stm32h743xx.o
    0x080002d0   0x080002d0   0x00000062   Code   RO         1802    .text               mc_w.l(uldiv.o)
    0x08000332   0x08000332   0x00000024   Code   RO         1804    .text               mc_w.l(memseta.o)
    0x08000356   0x08000356   0x0000001a   Code   RO         2067    .text               mc_w.l(atoi.o)
    0x08000370   0x08000370   0x0000001e   Code   RO         2086    .text               mc_w.l(llshl.o)
    0x0800038e   0x0800038e   0x00000020   Code   RO         2088    .text               mc_w.l(llushr.o)
    0x080003ae   0x080003ae   0x00000070   Code   RO         2097    .text               mc_w.l(strtol.o)
    0x0800041e   0x0800041e   0x00000002   PAD
    0x08000420   0x08000420   0x00000024   Code   RO         2110    .text               mc_w.l(init.o)
    0x08000444   0x08000444   0x00000008   Code   RO         2114    .text               mc_w.l(ctype_o.o)
    0x0800044c   0x0800044c   0x0000009e   Code   RO         2142    .text               mc_w.l(_strtoul.o)
    0x080004ea   0x080004ea   0x0000001c   Code   RO         2146    .text               mc_w.l(_chval.o)
    0x08000506   0x08000506   0x00000002   Code   RO          133    .text.BusFault_Handler  stm32h7xx_it.o
    0x08000508   0x08000508   0x00000002   Code   RO          139    .text.DebugMon_Handler  stm32h7xx_it.o
    0x0800050a   0x0800050a   0x00000002   Code   RO           15    .text.Error_Handler  main.o
    0x0800050c   0x0800050c   0x00000094   Code   RO         1737    .text.Gui_DrawFont_Num32  gui.o
    0x080005a0   0x080005a0   0x00000012   Code   RO           64    .text.Gui_DrawPoint  spi.o
    0x080005b2   0x080005b2   0x00000002   PAD
    0x080005b4   0x080005b4   0x00000184   Code   RO         1090    .text.HAL_DMA_Abort_IT  stm32h7xx_hal_dma.o
    0x08000738   0x08000738   0x00000020   Code   RO         1342    .text.HAL_Delay     stm32h7xx_hal.o
    0x08000758   0x08000758   0x0000017c   Code   RO         1016    .text.HAL_GPIO_Init  stm32h7xx_hal_gpio.o
    0x080008d4   0x080008d4   0x0000000a   Code   RO         1022    .text.HAL_GPIO_WritePin  stm32h7xx_hal_gpio.o
    0x080008de   0x080008de   0x00000002   PAD
    0x080008e0   0x080008e0   0x0000000c   Code   RO         1350    .text.HAL_GetREVID  stm32h7xx_hal.o
    0x080008ec   0x080008ec   0x00000008   Code   RO         1334    .text.HAL_GetTick   stm32h7xx_hal.o
    0x080008f4   0x080008f4   0x00000014   Code   RO         1332    .text.HAL_IncTick   stm32h7xx_hal.o
    0x08000908   0x08000908   0x0000004c   Code   RO         1322    .text.HAL_Init      stm32h7xx_hal.o
    0x08000954   0x08000954   0x00000044   Code   RO         1324    .text.HAL_InitTick  stm32h7xx_hal.o
    0x08000998   0x08000998   0x00000020   Code   RO          159    .text.HAL_MspInit   stm32h7xx_hal_msp.o
    0x080009b8   0x080009b8   0x0000001c   Code   RO          174    .text.HAL_NVIC_EnableIRQ  stm32h7xx_hal_cortex.o
    0x080009d4   0x080009d4   0x00000040   Code   RO          170    .text.HAL_NVIC_SetPriority  stm32h7xx_hal_cortex.o
    0x08000a14   0x08000a14   0x00000020   Code   RO          168    .text.HAL_NVIC_SetPriorityGrouping  stm32h7xx_hal_cortex.o
    0x08000a34   0x08000a34   0x00000048   Code   RO         1233    .text.HAL_PWREx_ConfigSupply  stm32h7xx_hal_pwr_ex.o
    0x08000a7c   0x08000a7c   0x00000028   Code   RO          908    .text.HAL_RCCEx_GetD1SysClockFreq  stm32h7xx_hal_rcc_ex.o
    0x08000aa4   0x08000aa4   0x00000024   Code   RO          906    .text.HAL_RCCEx_GetD3PCLK1Freq  stm32h7xx_hal_rcc_ex.o
    0x08000ac8   0x08000ac8   0x0000010c   Code   RO          900    .text.HAL_RCCEx_GetPLL2ClockFreq  stm32h7xx_hal_rcc_ex.o
    0x08000bd4   0x08000bd4   0x0000010c   Code   RO          902    .text.HAL_RCCEx_GetPLL3ClockFreq  stm32h7xx_hal_rcc_ex.o
    0x08000ce0   0x08000ce0   0x000008cc   Code   RO          888    .text.HAL_RCCEx_PeriphCLKConfig  stm32h7xx_hal_rcc_ex.o
    0x080015ac   0x080015ac   0x0000020c   Code   RO          855    .text.HAL_RCC_ClockConfig  stm32h7xx_hal_rcc.o
    0x080017b8   0x080017b8   0x00000028   Code   RO          865    .text.HAL_RCC_GetHCLKFreq  stm32h7xx_hal_rcc.o
    0x080017e0   0x080017e0   0x0000001c   Code   RO          867    .text.HAL_RCC_GetPCLK1Freq  stm32h7xx_hal_rcc.o
    0x080017fc   0x080017fc   0x00000024   Code   RO          869    .text.HAL_RCC_GetPCLK2Freq  stm32h7xx_hal_rcc.o
    0x08001820   0x08001820   0x000000fc   Code   RO          857    .text.HAL_RCC_GetSysClockFreq  stm32h7xx_hal_rcc.o
    0x0800191c   0x0800191c   0x00000474   Code   RO          853    .text.HAL_RCC_OscConfig  stm32h7xx_hal_rcc.o
    0x08001d90   0x08001d90   0x00000148   Code   RO          219    .text.HAL_SPI_Init  stm32h7xx_hal_spi.o
    0x08001ed8   0x08001ed8   0x000000a0   Code   RO           40    .text.HAL_SPI_MspInit  spi.o
    0x08001f78   0x08001f78   0x00000212   Code   RO          227    .text.HAL_SPI_Transmit  stm32h7xx_hal_spi.o
    0x0800218a   0x0800218a   0x00000002   PAD
    0x0800218c   0x0800218c   0x00000028   Code   RO          182    .text.HAL_SYSTICK_Config  stm32h7xx_hal_cortex.o
    0x080021b4   0x080021b4   0x00000002   Code   RO          660    .text.HAL_TIMEx_Break2Callback  stm32h7xx_hal_tim_ex.o
    0x080021b6   0x080021b6   0x00000002   Code   RO          658    .text.HAL_TIMEx_BreakCallback  stm32h7xx_hal_tim_ex.o
    0x080021b8   0x080021b8   0x00000002   Code   RO          654    .text.HAL_TIMEx_CommutCallback  stm32h7xx_hal_tim_ex.o
    0x080021ba   0x080021ba   0x00000002   PAD
    0x080021bc   0x080021bc   0x000000a4   Code   RO          644    .text.HAL_TIMEx_ConfigBreakDeadTime  stm32h7xx_hal_tim_ex.o
    0x08002260   0x08002260   0x00000060   Code   RO          642    .text.HAL_TIMEx_MasterConfigSynchronization  stm32h7xx_hal_tim_ex.o
    0x080022c0   0x080022c0   0x00000034   Code   RO          339    .text.HAL_TIM_Base_Init  stm32h7xx_hal_tim.o
    0x080022f4   0x080022f4   0x00000070   Code   RO           86    .text.HAL_TIM_Base_MspInit  tim.o
    0x08002364   0x08002364   0x00000030   Code   RO          349    .text.HAL_TIM_Base_Start  stm32h7xx_hal_tim.o
    0x08002394   0x08002394   0x00000120   Code   RO          531    .text.HAL_TIM_ConfigClockSource  stm32h7xx_hal_tim.o
    0x080024b4   0x080024b4   0x00000002   Code   RO          475    .text.HAL_TIM_IC_CaptureCallback  stm32h7xx_hal_tim.o
    0x080024b6   0x080024b6   0x00000188   Code   RO          473    .text.HAL_TIM_IRQHandler  stm32h7xx_hal_tim.o
    0x0800263e   0x0800263e   0x00000002   PAD
    0x08002640   0x08002640   0x000000c4   Code   RO           80    .text.HAL_TIM_MspPostInit  tim.o
    0x08002704   0x08002704   0x00000002   Code   RO          477    .text.HAL_TIM_OC_DelayElapsedCallback  stm32h7xx_hal_tim.o
    0x08002706   0x08002706   0x00000002   PAD
    0x08002708   0x08002708   0x000000c0   Code   RO          505    .text.HAL_TIM_PWM_ConfigChannel  stm32h7xx_hal_tim.o
    0x080027c8   0x080027c8   0x00000034   Code   RO          393    .text.HAL_TIM_PWM_Init  stm32h7xx_hal_tim.o
    0x080027fc   0x080027fc   0x00000002   Code   RO          395    .text.HAL_TIM_PWM_MspInit  stm32h7xx_hal_tim.o
    0x080027fe   0x080027fe   0x00000002   Code   RO          479    .text.HAL_TIM_PWM_PulseFinishedCallback  stm32h7xx_hal_tim.o
    0x08002800   0x08002800   0x0000006c   Code   RO          401    .text.HAL_TIM_PWM_Start  stm32h7xx_hal_tim.o
    0x0800286c   0x0800286c   0x00000002   Code   RO          481    .text.HAL_TIM_PeriodElapsedCallback  stm32h7xx_hal_tim.o
    0x0800286e   0x0800286e   0x00000048   Code   RO          539    .text.HAL_TIM_SlaveConfigSynchro  stm32h7xx_hal_tim.o
    0x080028b6   0x080028b6   0x00000002   Code   RO          483    .text.HAL_TIM_TriggerCallback  stm32h7xx_hal_tim.o
    0x080028b8   0x080028b8   0x00000036   Code   RO          835    .text.HAL_UARTEx_DisableFifoMode  stm32h7xx_hal_uart_ex.o
    0x080028ee   0x080028ee   0x00000002   Code   RO          819    .text.HAL_UARTEx_RxFifoFullCallback  stm32h7xx_hal_uart_ex.o
    0x080028f0   0x080028f0   0x0000004a   Code   RO          839    .text.HAL_UARTEx_SetRxFifoThreshold  stm32h7xx_hal_uart_ex.o
    0x0800293a   0x0800293a   0x0000004a   Code   RO          837    .text.HAL_UARTEx_SetTxFifoThreshold  stm32h7xx_hal_uart_ex.o
    0x08002984   0x08002984   0x00000002   Code   RO          821    .text.HAL_UARTEx_TxFifoEmptyCallback  stm32h7xx_hal_uart_ex.o
    0x08002986   0x08002986   0x00000002   Code   RO          817    .text.HAL_UARTEx_WakeupCallback  stm32h7xx_hal_uart_ex.o
    0x08002988   0x08002988   0x00000002   Code   RO          773    .text.HAL_UART_ErrorCallback  stm32h7xx_hal_uart.o
    0x0800298a   0x0800298a   0x00000002   PAD
    0x0800298c   0x0800298c   0x000001d4   Code   RO          769    .text.HAL_UART_IRQHandler  stm32h7xx_hal_uart.o
    0x08002b60   0x08002b60   0x00000064   Code   RO          673    .text.HAL_UART_Init  stm32h7xx_hal_uart.o
    0x08002bc4   0x08002bc4   0x00000170   Code   RO          110    .text.HAL_UART_MspInit  usart.o
    0x08002d34   0x08002d34   0x00000108   Code   RO          709    .text.HAL_UART_Receive_IT  stm32h7xx_hal_uart.o
    0x08002e3c   0x08002e3c   0x00000028   Code   RO         1693    .text.HAL_UART_RxCpltCallback  my_uart.o
    0x08002e64   0x08002e64   0x000000c6   Code   RO          693    .text.HAL_UART_Transmit  stm32h7xx_hal_uart.o
    0x08002f2a   0x08002f2a   0x00000002   Code   RO          775    .text.HAL_UART_TxCpltCallback  stm32h7xx_hal_uart.o
    0x08002f2c   0x08002f2c   0x00000002   Code   RO          129    .text.HardFault_Handler  stm32h7xx_it.o
    0x08002f2e   0x08002f2e   0x00000002   PAD
    0x08002f30   0x08002f30   0x000001a0   Code   RO         1768    .text.Key_scan      keypad.o
    0x080030d0   0x080030d0   0x00000030   Code   RO           46    .text.LCD_SPI_Init  spi.o
    0x08003100   0x08003100   0x00000030   Code   RO           66    .text.Lcd_Clear     spi.o
    0x08003130   0x08003130   0x0000016c   Code   RO           58    .text.Lcd_Init      spi.o
    0x0800329c   0x0800329c   0x0000002c   Code   RO           56    .text.Lcd_Reset     spi.o
    0x080032c8   0x080032c8   0x00000038   Code   RO           62    .text.Lcd_SetRegion  spi.o
    0x08003300   0x08003300   0x0000002c   Code   RO           60    .text.Lcd_SetXY     spi.o
    0x0800332c   0x0800332c   0x00000034   Code   RO           50    .text.Lcd_WriteData  spi.o
    0x08003360   0x08003360   0x00000014   Code   RO           54    .text.Lcd_WriteData_16Bit  spi.o
    0x08003374   0x08003374   0x00000038   Code   RO           48    .text.Lcd_WriteIndex  spi.o
    0x080033ac   0x080033ac   0x00000178   Code   RO           27    .text.MX_GPIO_Init  gpio.o
    0x08003524   0x08003524   0x0000005c   Code   RO           38    .text.MX_SPI3_Init  spi.o
    0x08003580   0x08003580   0x000000f4   Code   RO           78    .text.MX_TIM1_Init  tim.o
    0x08003674   0x08003674   0x000000b8   Code   RO           82    .text.MX_TIM2_Init  tim.o
    0x0800372c   0x0800372c   0x000000bc   Code   RO           84    .text.MX_TIM4_Init  tim.o
    0x080037e8   0x080037e8   0x00000068   Code   RO          102    .text.MX_UART5_Init  usart.o
    0x08003850   0x08003850   0x00000068   Code   RO          104    .text.MX_USART2_UART_Init  usart.o
    0x080038b8   0x080038b8   0x00000068   Code   RO          106    .text.MX_USART3_UART_Init  usart.o
    0x08003920   0x08003920   0x00000068   Code   RO          108    .text.MX_USART6_UART_Init  usart.o
    0x08003988   0x08003988   0x00000002   Code   RO          131    .text.MemManage_Handler  stm32h7xx_it.o
    0x0800398a   0x0800398a   0x00000002   Code   RO          127    .text.NMI_Handler   stm32h7xx_it.o
    0x0800398c   0x0800398c   0x00000002   Code   RO          141    .text.PendSV_Handler  stm32h7xx_it.o
    0x0800398e   0x0800398e   0x00000002   PAD
    0x08003990   0x08003990   0x00000100   Code   RO          890    .text.RCCEx_PLL2_Config  stm32h7xx_hal_rcc_ex.o
    0x08003a90   0x08003a90   0x00000104   Code   RO          892    .text.RCCEx_PLL3_Config  stm32h7xx_hal_rcc_ex.o
    0x08003b94   0x08003b94   0x000000b6   Code   RO          229    .text.SPI_CloseTransfer  stm32h7xx_hal_spi.o
    0x08003c4a   0x08003c4a   0x0000002a   Code   RO          231    .text.SPI_WaitOnFlagUntilTimeout  stm32h7xx_hal_spi.o
    0x08003c74   0x08003c74   0x0000001c   Code   RO           44    .text.SPI_WriteByte  spi.o
    0x08003c90   0x08003c90   0x00000002   Code   RO          137    .text.SVC_Handler   stm32h7xx_it.o
    0x08003c92   0x08003c92   0x00000004   Code   RO          143    .text.SysTick_Handler  stm32h7xx_it.o
    0x08003c96   0x08003c96   0x00000002   PAD
    0x08003c98   0x08003c98   0x000000c4   Code   RO           13    .text.SystemClock_Config  main.o
    0x08003d5c   0x08003d5c   0x00000074   Code   RO         1650    .text.SystemInit    system_stm32h7xx.o
    0x08003dd0   0x08003dd0   0x0000000c   Code   RO          145    .text.TIM2_IRQHandler  stm32h7xx_it.o
    0x08003ddc   0x08003ddc   0x000000e4   Code   RO          343    .text.TIM_Base_SetConfig  stm32h7xx_hal_tim.o
    0x08003ec0   0x08003ec0   0x0000001e   Code   RO          377    .text.TIM_CCxChannelCmd  stm32h7xx_hal_tim.o
    0x08003ede   0x08003ede   0x00000002   PAD
    0x08003ee0   0x08003ee0   0x00000078   Code   RO          487    .text.TIM_OC1_SetConfig  stm32h7xx_hal_tim.o
    0x08003f58   0x08003f58   0x0000007c   Code   RO          489    .text.TIM_OC2_SetConfig  stm32h7xx_hal_tim.o
    0x08003fd4   0x08003fd4   0x00000078   Code   RO          491    .text.TIM_OC3_SetConfig  stm32h7xx_hal_tim.o
    0x0800404c   0x0800404c   0x00000060   Code   RO          493    .text.TIM_OC4_SetConfig  stm32h7xx_hal_tim.o
    0x080040ac   0x080040ac   0x00000064   Code   RO          495    .text.TIM_OC5_SetConfig  stm32h7xx_hal_tim.o
    0x08004110   0x08004110   0x00000074   Code   RO          497    .text.TIM_OC6_SetConfig  stm32h7xx_hal_tim.o
    0x08004184   0x08004184   0x00000090   Code   RO          541    .text.TIM_SlaveTimer_SetConfig  stm32h7xx_hal_tim.o
    0x08004214   0x08004214   0x00000022   Code   RO          533    .text.TIM_TI1_ConfigInputStage  stm32h7xx_hal_tim.o
    0x08004236   0x08004236   0x00000024   Code   RO          535    .text.TIM_TI2_ConfigInputStage  stm32h7xx_hal_tim.o
    0x0800425a   0x0800425a   0x00000002   PAD
    0x0800425c   0x0800425c   0x0000000c   Code   RO          149    .text.UART5_IRQHandler  stm32h7xx_it.o
    0x08004268   0x08004268   0x00000054   Code   RO          833    .text.UARTEx_SetNbDataToProcess  stm32h7xx_hal_uart_ex.o
    0x080042bc   0x080042bc   0x000000c6   Code   RO          679    .text.UART_AdvFeatureConfig  stm32h7xx_hal_uart.o
    0x08004382   0x08004382   0x00000064   Code   RO          681    .text.UART_CheckIdleState  stm32h7xx_hal_uart.o
    0x080043e6   0x080043e6   0x00000010   Code   RO          771    .text.UART_DMAAbortOnError  stm32h7xx_hal_uart.o
    0x080043f6   0x080043f6   0x00000002   PAD
    0x080043f8   0x080043f8   0x00000020   Code   RO          741    .text.UART_EndRxTransfer  stm32h7xx_hal_uart.o
    0x08004418   0x08004418   0x0000005a   Code   RO          715    .text.UART_RxISR_16BIT  stm32h7xx_hal_uart.o
    0x08004472   0x08004472   0x00000002   PAD
    0x08004474   0x08004474   0x0000009c   Code   RO          711    .text.UART_RxISR_16BIT_FIFOEN  stm32h7xx_hal_uart.o
    0x08004510   0x08004510   0x0000005a   Code   RO          717    .text.UART_RxISR_8BIT  stm32h7xx_hal_uart.o
    0x0800456a   0x0800456a   0x00000002   PAD
    0x0800456c   0x0800456c   0x000000a4   Code   RO          713    .text.UART_RxISR_8BIT_FIFOEN  stm32h7xx_hal_uart.o
    0x08004610   0x08004610   0x000006dc   Code   RO          677    .text.UART_SetConfig  stm32h7xx_hal_uart.o
    0x08004cec   0x08004cec   0x000000a0   Code   RO          695    .text.UART_WaitOnFlagUntilTimeout  stm32h7xx_hal_uart.o
    0x08004d8c   0x08004d8c   0x00000008   Code   RO          147    .text.USART3_IRQHandler  stm32h7xx_it.o
    0x08004d94   0x08004d94   0x00000002   Code   RO          135    .text.UsageFault_Handler  stm32h7xx_it.o
    0x08004d96   0x08004d96   0x00000002   PAD
    0x08004d98   0x08004d98   0x00000010   Code   RO         1683    .text.User_GetErrorUart_Init  my_uart.o
    0x08004da8   0x08004da8   0x0000007c   Code   RO         1759    .text.Usermain      user_main.o
    0x08004e24   0x08004e24   0x00000014   Code   RO         1689    .text._GetCommandUartCallBack  my_uart.o
    0x08004e38   0x08004e38   0x000000c4   Code   RO         1687    .text._GetErrorUartCallBack  my_uart.o
    0x08004efc   0x08004efc   0x00000020   Code   RO          172    .text.__NVIC_SetPriority  stm32h7xx_hal_cortex.o
    0x08004f1c   0x08004f1c   0x00000020   Code   RO         1695    .text.fputc         my_uart.o
    0x08004f3c   0x08004f3c   0x0000003e   Code   RO           11    .text.main          main.o
    0x08004f7a   0x08004f7a   0x00000002   PAD
    0x08004f7c   0x08004f7c   0x00000008   Code   RO         2090    i.__aeabi_errno_addr  mc_w.l(errno.o)
    0x08004f84   0x08004f84   0x0000000e   Code   RO         2150    i.__scatterload_copy  mc_w.l(handlers.o)
    0x08004f92   0x08004f92   0x00000002   Code   RO         2151    i.__scatterload_null  mc_w.l(handlers.o)
    0x08004f94   0x08004f94   0x0000000e   Code   RO         2152    i.__scatterload_zeroinit  mc_w.l(handlers.o)
    0x08004fa2   0x08004fa2   0x00000002   PAD
    0x08004fa4   0x08004fa4   0x00000024   Code   RO         1798    i.puts              mc_w.l(puts.o)
    0x08004fc8   0x08004fc8   0x00000081   Data   RO         2115    .constdata          mc_w.l(ctype_o.o)
    0x08005049   0x08005049   0x00000003   PAD
    0x0800504c   0x0800504c   0x00000004   Data   RO         2116    .constdata          mc_w.l(ctype_o.o)
    0x08005050   0x08005050   0x0000002c   Data   RO          805    .rodata..Lswitch.table.UART_SetConfig.25  stm32h7xx_hal_uart.o
    0x0800507c   0x0800507c   0x00000010   Data   RO         1654    .rodata.D1CorePrescTable  system_stm32h7xx.o
    0x0800508c   0x0800508c   0x00000010   Data   RO          841    .rodata.cst8        stm32h7xx_hal_uart_ex.o
    0x0800509c   0x0800509c   0x00000781   Data   RO         1710    .rodata.sz32        font.o
    0x0800581d   0x0800581d   0x00000003   PAD
    0x08005820   0x08005820   0x00000020   Data   RO         2149    Region$$Table       anon$$obj.o


    Execution Region RW_IRAM1 (Exec base: 0x20000000, Load base: 0x08005840, Size: 0x000007a8, Max: 0x00020000, ABSOLUTE)

    Exec Addr    Load Addr    Size         Type   Attr      Idx    E Section Name        Object

    0x20000000   0x08005840   0x00000004   Data   RW         2083    .data               mc_w.l(stdout.o)
    0x20000004   0x08005844   0x00000004   Data   RW         2093    .data               mc_w.l(errno.o)
    0x20000008   0x08005848   0x00000008   Data   RW         1427    .data..L_MergedGlobals  stm32h7xx_hal.o
    0x20000010   0x08005850   0x00000008   Data   RW         1655    .data..L_MergedGlobals  system_stm32h7xx.o
    0x20000018        -       0x0000000f   Zero   RW         1699    .bss..L_MergedGlobals  my_uart.o
    0x20000027   0x08005858   0x00000001   PAD
    0x20000028        -       0x00000088   Zero   RW           68    .bss.hspi3          spi.o
    0x200000b0        -       0x00000040   Zero   RW           90    .bss.htim1          tim.o
    0x200000f0        -       0x00000040   Zero   RW           91    .bss.htim2          tim.o
    0x20000130        -       0x00000040   Zero   RW           92    .bss.htim4          tim.o
    0x20000170        -       0x0000008c   Zero   RW          115    .bss.huart2         usart.o
    0x200001fc        -       0x0000008c   Zero   RW          116    .bss.huart3         usart.o
    0x20000288        -       0x0000008c   Zero   RW          114    .bss.huart5         usart.o
    0x20000314        -       0x0000008c   Zero   RW          117    .bss.huart6         usart.o
    0x200003a0        -       0x00000004   Zero   RW         1426    .bss.uwTick         stm32h7xx_hal.o
    0x200003a4   0x08005858   0x00000004   PAD
    0x200003a8        -       0x00000400   Zero   RW            1    STACK               startup_stm32h743xx.o


==============================================================================

Image component sizes


      Code (inc. data)   RO Data    RW Data    ZI Data      Debug   Object Name

         0          0       1921          0          0        782   font.o
       376         20          0          0          0       3139   gpio.o
       148          4          0          0          0       8109   gui.o
       416         40          0          0          0       1575   keypad.o
       260          8          0          0          0       4559   main.o
       304         20          0          0         15       6110   my_uart.o
      1030         44          0          0        136       8996   spi.o
        36          8        664          0       1024        816   startup_stm32h743xx.o
       216         16          0          8          4      14817   stm32h7xx_hal.o
       196         28          0          0          0      11738   stm32h7xx_hal_cortex.o
       388         64          0          0          0      13209   stm32h7xx_hal_dma.o
       390         16          0          0          0       6622   stm32h7xx_hal_gpio.o
        32          4          0          0          0       2190   stm32h7xx_hal_msp.o
        72          4          0          0          0       9363   stm32h7xx_hal_pwr_ex.o
      2020         64          0          0          0      10511   stm32h7xx_hal_rcc.o
      3380        166          0          0          0      15703   stm32h7xx_hal_rcc_ex.o
      1082          8          0          0          0      19571   stm32h7xx_hal_spi.o
      2364        110          0          0          0      38736   stm32h7xx_hal_tim.o
       266         12          0          0          0      15836   stm32h7xx_hal_tim_ex.o
      3796        272         44          0          0      24218   stm32h7xx_hal_uart.o
       292          8         16          0          0       7433   stm32h7xx_hal_uart_ex.o
        52          8          0          0          0       1247   stm32h7xx_it.o
       116         20         16          8          0       4641   system_stm32h7xx.o
       924         40          0          0        192      12025   tim.o
       784         52          0          0        560      10300   usart.o
       124         28          0          0          0        367   user_main.o

    ----------------------------------------------------------------------
     19098       1064       2696         16       1936     252613   Object Totals
         0          0         32          0          0          0   (incl. Generated)
        34          0          3          0          5          0   (incl. Padding)

    ----------------------------------------------------------------------

      Code (inc. data)   RO Data    RW Data    ZI Data      Debug   Library Member Name

        28          0          0          0          0         68   _chval.o
       158          0          0          0          0         92   _strtoul.o
        26          0          0          0          0         80   atoi.o
         8          4        133          0          0         68   ctype_o.o
         0          0          0          0          0          0   entry.o
         0          0          0          0          0          0   entry10a.o
         0          0          0          0          0          0   entry11a.o
         8          4          0          0          0          0   entry2.o
         4          0          0          0          0          0   entry5.o
         0          0          0          0          0          0   entry7b.o
         0          0          0          0          0          0   entry8b.o
         8          4          0          0          0          0   entry9a.o
         8          4          0          4          0         68   errno.o
        30          0          0          0          0          0   handlers.o
        36          8          0          0          0         68   init.o
        30          0          0          0          0         68   llshl.o
        32          0          0          0          0         68   llushr.o
        36          0          0          0          0        108   memseta.o
        36          6          0          0          0         80   puts.o
         0          0          0          4          0          0   stdout.o
       112          0          0          0          0         88   strtol.o
        98          0          0          0          0         92   uldiv.o

    ----------------------------------------------------------------------
       662         30        136          8          0        948   Library Totals
         4          0          3          0          0          0   (incl. Padding)

    ----------------------------------------------------------------------

      Code (inc. data)   RO Data    RW Data    ZI Data      Debug   Library Name

       658         30        133          8          0        948   mc_w.l

    ----------------------------------------------------------------------
       662         30        136          8          0        948   Library Totals

    ----------------------------------------------------------------------

==============================================================================


      Code (inc. data)   RO Data    RW Data    ZI Data      Debug   

     19760       1094       2832         24       1936     253033   Grand Totals
     19760       1094       2832         24       1936     253033   ELF Image Totals
     19760       1094       2832         24          0          0   ROM Totals

==============================================================================

    Total RO  Size (Code + RO Data)                22592 (  22.06kB)
    Total RW  Size (RW Data + ZI Data)              1960 (   1.91kB)
    Total ROM Size (Code + RO Data + RW Data)      22616 (  22.09kB)

==============================================================================

