Component: ARM Compiler 6.12 Tool: armlink [5d624300]

==============================================================================

Section Cross References

    startup_stm32h743xx.o(RESET) refers to startup_stm32h743xx.o(STACK) for __initial_sp
    startup_stm32h743xx.o(RESET) refers to startup_stm32h743xx.o(.text) for Reset_Handler
    startup_stm32h743xx.o(RESET) refers to stm32h7xx_it.o(.text.NMI_Handler) for NMI_Handler
    startup_stm32h743xx.o(RESET) refers to stm32h7xx_it.o(.text.HardFault_Handler) for HardFault_Handler
    startup_stm32h743xx.o(RESET) refers to stm32h7xx_it.o(.text.MemManage_Handler) for MemManage_Handler
    startup_stm32h743xx.o(RESET) refers to stm32h7xx_it.o(.text.BusFault_Handler) for BusFault_Handler
    startup_stm32h743xx.o(RESET) refers to stm32h7xx_it.o(.text.UsageFault_Handler) for UsageFault_Handler
    startup_stm32h743xx.o(RESET) refers to stm32h7xx_it.o(.text.SVC_Handler) for SVC_Handler
    startup_stm32h743xx.o(RESET) refers to stm32h7xx_it.o(.text.DebugMon_Handler) for DebugMon_Handler
    startup_stm32h743xx.o(RESET) refers to stm32h7xx_it.o(.text.PendSV_Handler) for PendSV_Handler
    startup_stm32h743xx.o(RESET) refers to stm32h7xx_it.o(.text.SysTick_Handler) for SysTick_Handler
    startup_stm32h743xx.o(RESET) refers to stm32h7xx_it.o(.text.TIM2_IRQHandler) for TIM2_IRQHandler
    startup_stm32h743xx.o(RESET) refers to stm32h7xx_it.o(.text.USART3_IRQHandler) for USART3_IRQHandler
    startup_stm32h743xx.o(RESET) refers to stm32h7xx_it.o(.text.UART5_IRQHandler) for UART5_IRQHandler
    startup_stm32h743xx.o(RESET) refers to stm32h7xx_it.o(.text.UART7_IRQHandler) for UART7_IRQHandler
    startup_stm32h743xx.o(.text) refers to system_stm32h7xx.o(.text.SystemInit) for SystemInit
    startup_stm32h743xx.o(.text) refers to entry.o(.ARM.Collect$$$$00000000) for __main
    main.o(.text.main) refers to stm32h7xx_hal.o(.text.HAL_Init) for HAL_Init
    main.o(.text.main) refers to main.o(.text.SystemClock_Config) for SystemClock_Config
    main.o(.text.main) refers to gpio.o(.text.MX_GPIO_Init) for MX_GPIO_Init
    main.o(.text.main) refers to usart.o(.text.MX_USART3_UART_Init) for MX_USART3_UART_Init
    main.o(.text.main) refers to spi.o(.text.MX_SPI3_Init) for MX_SPI3_Init
    main.o(.text.main) refers to tim.o(.text.MX_TIM4_Init) for MX_TIM4_Init
    main.o(.text.main) refers to tim.o(.text.MX_TIM1_Init) for MX_TIM1_Init
    main.o(.text.main) refers to usart.o(.text.MX_UART5_Init) for MX_UART5_Init
    main.o(.text.main) refers to tim.o(.text.MX_TIM2_Init) for MX_TIM2_Init
    main.o(.text.main) refers to usart.o(.text.MX_UART8_Init) for MX_UART8_Init
    main.o(.text.main) refers to usart.o(.text.MX_USART6_UART_Init) for MX_USART6_UART_Init
    main.o(.text.main) refers to usart.o(.text.MX_UART7_Init) for MX_UART7_Init
    main.o(.text.main) refers to tim.o(.text.MX_TIM5_Init) for MX_TIM5_Init
    main.o(.text.main) refers to spi.o(.text.Lcd_Init) for Lcd_Init
    main.o(.text.main) refers to spi.o(.text.Lcd_Clear) for Lcd_Clear
    main.o(.text.main) refers to user_main.o(.text.Usermain) for Usermain
    main.o(.ARM.exidx.text.main) refers to main.o(.text.main) for [Anonymous Symbol]
    main.o(.text.SystemClock_Config) refers to memseta.o(.text) for __aeabi_memclr4
    main.o(.text.SystemClock_Config) refers to stm32h7xx_hal_pwr_ex.o(.text.HAL_PWREx_ConfigSupply) for HAL_PWREx_ConfigSupply
    main.o(.text.SystemClock_Config) refers to stm32h7xx_hal_rcc.o(.text.HAL_RCC_OscConfig) for HAL_RCC_OscConfig
    main.o(.text.SystemClock_Config) refers to main.o(.text.Error_Handler) for Error_Handler
    main.o(.text.SystemClock_Config) refers to stm32h7xx_hal_rcc.o(.text.HAL_RCC_ClockConfig) for HAL_RCC_ClockConfig
    main.o(.text.SystemClock_Config) refers to stm32h7xx_hal_rcc_ex.o(.text.HAL_RCCEx_PeriphCLKConfig) for HAL_RCCEx_PeriphCLKConfig
    main.o(.ARM.exidx.text.SystemClock_Config) refers to main.o(.text.SystemClock_Config) for [Anonymous Symbol]
    main.o(.ARM.exidx.text.Error_Handler) refers to main.o(.text.Error_Handler) for [Anonymous Symbol]
    gpio.o(.text.MX_GPIO_Init) refers to stm32h7xx_hal_gpio.o(.text.HAL_GPIO_WritePin) for HAL_GPIO_WritePin
    gpio.o(.text.MX_GPIO_Init) refers to stm32h7xx_hal_gpio.o(.text.HAL_GPIO_Init) for HAL_GPIO_Init
    gpio.o(.ARM.exidx.text.MX_GPIO_Init) refers to gpio.o(.text.MX_GPIO_Init) for [Anonymous Symbol]
    spi.o(.text.MX_SPI3_Init) refers to spi.o(.bss.hspi3) for hspi3
    spi.o(.text.MX_SPI3_Init) refers to stm32h7xx_hal_spi.o(.text.HAL_SPI_Init) for HAL_SPI_Init
    spi.o(.text.MX_SPI3_Init) refers to main.o(.text.Error_Handler) for Error_Handler
    spi.o(.ARM.exidx.text.MX_SPI3_Init) refers to spi.o(.text.MX_SPI3_Init) for [Anonymous Symbol]
    spi.o(.text.HAL_SPI_MspInit) refers to stm32h7xx_hal_gpio.o(.text.HAL_GPIO_Init) for HAL_GPIO_Init
    spi.o(.ARM.exidx.text.HAL_SPI_MspInit) refers to spi.o(.text.HAL_SPI_MspInit) for [Anonymous Symbol]
[...]
    [Anonymous Symbol]                       0x08005b08   Section        0  stm32h7xx_hal_uart.o(.text.HAL_UART_IRQHandler)
    [Anonymous Symbol]                       0x08005e50   Section        0  stm32h7xx_hal_uart.o(.text.HAL_UART_Init)
    [Anonymous Symbol]                       0x08005f08   Section        0  usart.o(.text.HAL_UART_MspInit)
    [Anonymous Symbol]                       0x080061c0   Section        0  stm32h7xx_hal_uart.o(.text.HAL_UART_Receive_IT)
    [Anonymous Symbol]                       0x080063d0   Section        0  my_uart.o(.text.HAL_UART_RxCpltCallback)
    [Anonymous Symbol]                       0x08006428   Section        0  stm32h7xx_hal_uart.o(.text.HAL_UART_Transmit)
    [Anonymous Symbol]                       0x080065a0   Section        0  stm32h7xx_hal_uart.o(.text.HAL_UART_TxCpltCallback)
    [Anonymous Symbol]                       0x080065b0   Section        0  stm32h7xx_it.o(.text.HardFault_Handler)
    [Anonymous Symbol]                       0x080065b8   Section        0  spi.o(.text.LCD_SPI_Init)
    [Anonymous Symbol]                       0x080065f8   Section        0  spi.o(.text.Lcd_Clear)
    [Anonymous Symbol]                       0x08006658   Section        0  spi.o(.text.Lcd_Init)
    [Anonymous Symbol]                       0x08006880   Section        0  spi.o(.text.Lcd_Reset)
    [Anonymous Symbol]                       0x080068b8   Section        0  spi.o(.text.Lcd_SetRegion)
    [Anonymous Symbol]                       0x08006918   Section        0  spi.o(.text.Lcd_WriteData)
    [Anonymous Symbol]                       0x08006968   Section        0  spi.o(.text.Lcd_WriteData_16Bit)
    [Anonymous Symbol]                       0x08006988   Section        0  spi.o(.text.Lcd_WriteIndex)
    [Anonymous Symbol]                       0x080069d8   Section        0  mricrostepdriver.o(.text.Locate_RunStep)
    [Anonymous Symbol]                       0x08006a78   Section        0  gpio.o(.text.MX_GPIO_Init)
    [Anonymous Symbol]                       0x08006cf0   Section        0  spi.o(.text.MX_SPI3_Init)
    [Anonymous Symbol]                       0x08006d58   Section        0  tim.o(.text.MX_TIM1_Init)
    [Anonymous Symbol]                       0x08006ec0   Section        0  tim.o(.text.MX_TIM2_Init)
    [Anonymous Symbol]                       0x08006fa8   Section        0  tim.o(.text.MX_TIM4_Init)
    [Anonymous Symbol]                       0x080070c0   Section        0  tim.o(.text.MX_TIM5_Init)
    [Anonymous Symbol]                       0x08007150   Section        0  usart.o(.text.MX_UART5_Init)
    [Anonymous Symbol]                       0x080071e0   Section        0  usart.o(.text.MX_UART7_Init)
    [Anonymous Symbol]                       0x08007280   Section        0  usart.o(.text.MX_UART8_Init)
    [Anonymous Symbol]                       0x08007310   Section        0  usart.o(.text.MX_USART3_UART_Init)
    [Anonymous Symbol]                       0x080073a0   Section        0  usart.o(.text.MX_USART6_UART_Init)
    [Anonymous Symbol]                       0x08007430   Section        0  stm32h7xx_it.o(.text.MemManage_Handler)
    [Anonymous Symbol]                       0x08007438   Section        0  stm32h7xx_it.o(.text.NMI_Handler)
    NVIC_EncodePriority                      0x08007441   Thumb Code   128  stm32h7xx_hal_cortex.o(.text.NVIC_EncodePriority)
    [Anonymous Symbol]                       0x08007440   Section        0  stm32h7xx_hal_cortex.o(.text.NVIC_EncodePriority)
    [Anonymous Symbol]                       0x080074c0   Section        0  my_pid.o(.text.PIDOut)
    [Anonymous Symbol]                       0x080075e0   Section        0  stm32h7xx_it.o(.text.PendSV_Handler)
    RCCEx_PLL2_Config                        0x080075e9   Thumb Code   472  stm32h7xx_hal_rcc_ex.o(.text.RCCEx_PLL2_Config)
    [Anonymous Symbol]                       0x080075e8   Section        0  stm32h7xx_hal_rcc_ex.o(.text.RCCEx_PLL2_Config)
    RCCEx_PLL3_Config                        0x080077c1   Thumb Code   472  stm32h7xx_hal_rcc_ex.o(.text.RCCEx_PLL3_Config)
    [Anonymous Symbol]                       0x080077c0   Section        0  stm32h7xx_hal_rcc_ex.o(.text.RCCEx_PLL3_Config)
    SPI_CloseTransfer                        0x08007999   Thumb Code   284  stm32h7xx_hal_spi.o(.text.SPI_CloseTransfer)
    [Anonymous Symbol]                       0x08007998   Section        0  stm32h7xx_hal_spi.o(.text.SPI_CloseTransfer)
    SPI_GetPacketSize                        0x08007ab9   Thumb Code    46  stm32h7xx_hal_spi.o(.text.SPI_GetPacketSize)
    [Anonymous Symbol]                       0x08007ab8   Section        0  stm32h7xx_hal_spi.o(.text.SPI_GetPacketSize)
    SPI_WaitOnFlagUntilTimeout               0x08007ae9   Thumb Code   136  stm32h7xx_hal_spi.o(.text.SPI_WaitOnFlagUntilTimeout)
    [Anonymous Symbol]                       0x08007ae8   Section        0  stm32h7xx_hal_spi.o(.text.SPI_WaitOnFlagUntilTimeout)
    [Anonymous Symbol]                       0x08007b70   Section        0  spi.o(.text.SPI_WriteByte)
    [Anonymous Symbol]                       0x08007ba0   Section        0  stm32h7xx_it.o(.text.SVC_Handler)
    SysTick_Config                           0x08007ba9   Thumb Code    90  stm32h7xx_hal_cortex.o(.text.SysTick_Config)
    [Anonymous Symbol]                       0x08007ba8   Section        0  stm32h7xx_hal_cortex.o(.text.SysTick_Config)
    [Anonymous Symbol]                       0x08007c08   Section        0  stm32h7xx_it.o(.text.SysTick_Handler)
    [Anonymous Symbol]                       0x08007c28   Section        0  main.o(.text.SystemClock_Config)
    [Anonymous Symbol]                       0x08007d40   Section        0  system_stm32h7xx.o(.text.SystemInit)
    [Anonymous Symbol]                       0x08007e30   Section        0  stm32h7xx_it.o(.text.TIM2_IRQHandler)
    [Anonymous Symbol]                       0x08007e40   Section        0  mricrostepdriver.o(.text.TIM2_Startup)
    [Anonymous Symbol]                       0x08007f68   Section        0  stm32h7xx_hal_tim.o(.text.TIM_Base_SetConfig)
    [Anonymous Symbol]                       0x08008110   Section        0  stm32h7xx_hal_tim.o(.text.TIM_CCxChannelCmd)
    [Anonymous Symbol]                       0x08008160   Section        0  stm32h7xx_hal_tim.o(.text.TIM_ETR_SetConfig)
    TIM_ITRx_SetConfig                       0x080081b1   Thumb Code    56  stm32h7xx_hal_tim.o(.text.TIM_ITRx_SetConfig)
    [Anonymous Symbol]                       0x080081b0   Section        0  stm32h7xx_hal_tim.o(.text.TIM_ITRx_SetConfig)
    TIM_OC1_SetConfig                        0x080081e9   Thumb Code   344  stm32h7xx_hal_tim.o(.text.TIM_OC1_SetConfig)
    [Anonymous Symbol]                       0x080081e8   Section        0  stm32h7xx_hal_tim.o(.text.TIM_OC1_SetConfig)
    [Anonymous Symbol]                       0x08008340   Section        0  stm32h7xx_hal_tim.o(.text.TIM_OC2_SetConfig)
    TIM_OC3_SetConfig                        0x080084c1   Thumb Code   370  stm32h7xx_hal_tim.o(.text.TIM_OC3_SetConfig)
    [Anonymous Symbol]                       0x080084c0   Section        0  stm32h7xx_hal_tim.o(.text.TIM_OC3_SetConfig)
    TIM_OC4_SetConfig                        0x08008639   Thumb Code   220  stm32h7xx_hal_tim.o(.text.TIM_OC4_SetConfig)
    [Anonymous Symbol]                       0x08008638   Section        0  stm32h7xx_hal_tim.o(.text.TIM_OC4_SetConfig)
    TIM_OC5_SetConfig                        0x08008719   Thumb Code   210  stm32h7xx_hal_tim.o(.text.TIM_OC5_SetConfig)
    [Anonymous Symbol]                       0x08008718   Section        0  stm32h7xx_hal_tim.o(.text.TIM_OC5_SetConfig)
    TIM_OC6_SetConfig                        0x080087f1   Thumb Code   212  stm32h7xx_hal_tim.o(.text.TIM_OC6_SetConfig)
    [Anonymous Symbol]                       0x080087f0   Section        0  stm32h7xx_hal_tim.o(.text.TIM_OC6_SetConfig)
    TIM_SlaveTimer_SetConfig                 0x080088c9   Thumb Code   388  stm32h7xx_hal_tim.o(.text.TIM_SlaveTimer_SetConfig)
    [Anonymous Symbol]                       0x080088c8   Section        0  stm32h7xx_hal_tim.o(.text.TIM_SlaveTimer_SetConfig)
    TIM_TI1_ConfigInputStage                 0x08008a51   Thumb Code    98  stm32h7xx_hal_tim.o(.text.TIM_TI1_ConfigInputStage)
    [Anonymous Symbol]                       0x08008a50   Section        0  stm32h7xx_hal_tim.o(.text.TIM_TI1_ConfigInputStage)
    TIM_TI2_ConfigInputStage                 0x08008ab9   Thumb Code   100  stm32h7xx_hal_tim.o(.text.TIM_TI2_ConfigInputStage)
    [Anonymous Symbol]                       0x08008ab8   Section        0  stm32h7xx_hal_tim.o(.text.TIM_TI2_ConfigInputStage)
    [Anonymous Symbol]                       0x08008b20   Section        0  stm32h7xx_it.o(.text.UART5_IRQHandler)
    [Anonymous Symbol]                       0x08008b30   Section        0  stm32h7xx_it.o(.text.UART7_IRQHandler)
    UARTEx_SetNbDataToProcess                0x08008b41   Thumb Code   164  stm32h7xx_hal_uart_ex.o(.text.UARTEx_SetNbDataToProcess)
    [Anonymous Symbol]                       0x08008b40   Section        0  stm32h7xx_hal_uart_ex.o(.text.UARTEx_SetNbDataToProcess)
    [Anonymous Symbol]                       0x08008be8   Section        0  stm32h7xx_hal_uart.o(.text.UART_AdvFeatureConfig)
    [Anonymous Symbol]                       0x08008d28   Section        0  stm32h7xx_hal_uart.o(.text.UART_CheckIdleState)
    UART_DMAAbortOnError                     0x08008dd9   Thumb Code    40  stm32h7xx_hal_uart.o(.text.UART_DMAAbortOnError)
    [Anonymous Symbol]                       0x08008dd8   Section        0  stm32h7xx_hal_uart.o(.text.UART_DMAAbortOnError)
    UART_EndRxTransfer                       0x08008e01   Thumb Code    56  stm32h7xx_hal_uart.o(.text.UART_EndRxTransfer)
    [Anonymous Symbol]                       0x08008e00   Section        0  stm32h7xx_hal_uart.o(.text.UART_EndRxTransfer)
    UART_EndTransmit_IT                      0x08008e39   Thumb Code    46  stm32h7xx_hal_uart.o(.text.UART_EndTransmit_IT)
    [Anonymous Symbol]                       0x08008e38   Section        0  stm32h7xx_hal_uart.o(.text.UART_EndTransmit_IT)
    UART_RxISR_16BIT                         0x08008e69   Thumb Code   160  stm32h7xx_hal_uart.o(.text.UART_RxISR_16BIT)
    [Anonymous Symbol]                       0x08008e68   Section        0  stm32h7xx_hal_uart.o(.text.UART_RxISR_16BIT)
    UART_RxISR_16BIT_FIFOEN                  0x08008f09   Thumb Code   276  stm32h7xx_hal_uart.o(.text.UART_RxISR_16BIT_FIFOEN)
    [Anonymous Symbol]                       0x08008f08   Section        0  stm32h7xx_hal_uart.o(.text.UART_RxISR_16BIT_FIFOEN)
    UART_RxISR_8BIT                          0x08009021   Thumb Code   156  stm32h7xx_hal_uart.o(.text.UART_RxISR_8BIT)
    [Anonymous Symbol]                       0x08009020   Section        0  stm32h7xx_hal_uart.o(.text.UART_RxISR_8BIT)
    UART_RxISR_8BIT_FIFOEN                   0x080090c1   Thumb Code   272  stm32h7xx_hal_uart.o(.text.UART_RxISR_8BIT_FIFOEN)
    [Anonymous Symbol]                       0x080090c0   Section        0  stm32h7xx_hal_uart.o(.text.UART_RxISR_8BIT_FIFOEN)
    [Anonymous Symbol]                       0x080091d0   Section        0  stm32h7xx_hal_uart.o(.text.UART_SetConfig)
    [Anonymous Symbol]                       0x0800c398   Section        0  stm32h7xx_hal_uart.o(.text.UART_WaitOnFlagUntilTimeout)
    [Anonymous Symbol]                       0x0800c4c8   Section        0  stm32h7xx_it.o(.text.USART3_IRQHandler)
    [Anonymous Symbol]                       0x0800c4d8   Section        0  stm32h7xx_it.o(.text.UsageFault_Handler)
    [Anonymous Symbol]                       0x0800c4e0   Section        0  my_uart.o(.text.User_DebugUart_Init)
    [Anonymous Symbol]                       0x0800c500   Section        0  my_uart.o(.text.User_DistantUart_Init)
    [Anonymous Symbol]                       0x0800c540   Section        0  my_uart.o(.text.User_GetErrorUart_Init)
    [Anonymous Symbol]                       0x0800c560   Section        0  user_main.o(.text.Usermain)
    [Anonymous Symbol]                       0x0800c628   Section        0  my_uart.o(.text._GetCommandUartCallBack)
    [Anonymous Symbol]                       0x0800c660   Section        0  my_uart.o(.text._GetDistantUartCallBack)
    [Anonymous Symbol]                       0x0800c798   Section        0  my_uart.o(.text._GetErrorUartCallBack)
    __NVIC_EnableIRQ                         0x0800c931   Thumb Code    54  stm32h7xx_hal_cortex.o(.text.__NVIC_EnableIRQ)
    [Anonymous Symbol]                       0x0800c930   Section        0  stm32h7xx_hal_cortex.o(.text.__NVIC_EnableIRQ)
    __NVIC_GetPriorityGrouping               0x0800c969   Thumb Code    16  stm32h7xx_hal_cortex.o(.text.__NVIC_GetPriorityGrouping)
    [Anonymous Symbol]                       0x0800c968   Section        0  stm32h7xx_hal_cortex.o(.text.__NVIC_GetPriorityGrouping)
    __NVIC_SetPriority                       0x0800c979   Thumb Code    74  stm32h7xx_hal_cortex.o(.text.__NVIC_SetPriority)
    [Anonymous Symbol]                       0x0800c978   Section        0  stm32h7xx_hal_cortex.o(.text.__NVIC_SetPriority)
    __NVIC_SetPriorityGrouping               0x0800c9c9   Thumb Code    64  stm32h7xx_hal_cortex.o(.text.__NVIC_SetPriorityGrouping)
    [Anonymous Symbol]                       0x0800c9c8   Section        0  stm32h7xx_hal_cortex.o(.text.__NVIC_SetPriorityGrouping)
    [Anonymous Symbol]                       0x0800ca08   Section        0  main.o(.text.main)
    i.__aeabi_errno_addr                     0x0800ca5c   Section        0  errno.o(i.__aeabi_errno_addr)
    i.__hardfp_atof                          0x0800ca68   Section        0  atof.o(i.__hardfp_atof)
    i.__read_errno                           0x0800caa0   Section        0  errno.o(i.__read_errno)
    i.__scatterload_copy                     0x0800caac   Section       14  handlers.o(i.__scatterload_copy)
    i.__scatterload_null                     0x0800caba   Section        2  handlers.o(i.__scatterload_null)
    i.__scatterload_zeroinit                 0x0800cabc   Section       14  handlers.o(i.__scatterload_zeroinit)
    i.__set_errno                            0x0800cacc   Section        0  errno.o(i.__set_errno)
    i._is_digit                              0x0800cad8   Section        0  scanf_fp.o(i._is_digit)
    .constdata                               0x0800cae6   Section      129  ctype_o.o(.constdata)
    table                                    0x0800cb68   Data           4  ctype_o.o(.constdata)
    .constdata                               0x0800cb68   Section        4  ctype_o.o(.constdata)
    .L.str                                   0x0800cb7c   Data           8  my_uart.o(.rodata.str1.1)
    [Anonymous Symbol]                       0x0800cb7c   Section        0  my_uart.o(.rodata.str1.1)
    _errno                                   0x20000000   Data           4  errno.o(.data)
    .data                                    0x20000000   Section        4  errno.o(.data)
    x                                        0x20000014   Data           2  my_pid.o(.data.x)
    [Anonymous Symbol]                       0x20000014   Section        0  my_pid.o(.data.x)
    CommandUpdateStatus                      0x20000018   Data           1  my_uart.o(.bss.CommandUpdateStatus)
    [Anonymous Symbol]                       0x20000018   Section        0  my_uart.o(.bss.CommandUpdateStatus)
    _GetDistantRxBuffer                      0x2000003c   Data          12  my_uart.o(.bss._GetDistantRxBuffer)
    [Anonymous Symbol]                       0x2000003c   Section        0  my_uart.o(.bss._GetDistantRxBuffer)
    _GetDistantStatus                        0x20000049   Data           1  my_uart.o(.bss._GetDistantStatus)
    [Anonymous Symbol]                       0x20000049   Section        0  my_uart.o(.bss._GetDistantStatus)
    _GetDistantUartCallBack.RxCount          0x2000004a   Data           1  my_uart.o(.bss._GetDistantUartCallBack.RxCount)
    [Anonymous Symbol]                       0x2000004a   Section        0  my_uart.o(.bss._GetDistantUartCallBack.RxCount)
    _GetDistantUpdateStatus                  0x2000004b   Data           1  my_uart.o(.bss._GetDistantUpdateStatus)
    [Anonymous Symbol]                       0x2000004b   Section        0  my_uart.o(.bss._GetDistantUpdateStatus)
    STACK                                    0x200004b0   Section     1024  startup_stm32h743xx.o(STACK)

    Global Symbols

    Symbol Name                              Value     Ov Type        Size  Object(Section)

    BuildAttributes$$THM_ISAv4$E$P$D$K$B$S$7EM$VFPv5_D16$PE$PLD8$A:L22UL41UL21$X:L11$S22US41US21$IEEE1$IW$~IW$USESV6$~STKCKD$USESV7$~SHL$OTIME$ROPI$IEEEJ$EBA8$MICROLIB$REQ8$PRES8$EABIv2 0x00000000   Number         0  anon$$obj.o ABSOLUTE
    __cpp_initialize__aeabi_                  - Undefined Weak Reference
    __cxa_finalize                            - Undefined Weak Reference
    __decompress                              - Undefined Weak Reference
    _clock_init                               - Undefined Weak Reference
    _microlib_exit                            - Undefined Weak Reference
    __Vectors_Size                           0x00000298   Number         0  startup_stm32h743xx.o ABSOLUTE
    __Vectors                                0x08000000   Data           4  startup_stm32h743xx.o(RESET)
    __Vectors_End                            0x08000298   Data           0  startup_stm32h743xx.o(RESET)
    __main                                   0x08000299   Thumb Code     0  entry.o(.ARM.Collect$$$$00000000)
    _main_stk                                0x08000299   Thumb Code     0  entry2.o(.ARM.Collect$$$$00000001)
    _main_scatterload                        0x0800029d   Thumb Code     0  entry5.o(.ARM.Collect$$$$00000004)
    __main_after_scatterload                 0x080002a1   Thumb Code     0  entry5.o(.ARM.Collect$$$$00000004)
    _main_clock                              0x080002a1   Thumb Code     0  entry7b.o(.ARM.Collect$$$$00000008)
    _main_cpp_init                           0x080002a1   Thumb Code     0  entry8b.o(.ARM.Collect$$$$0000000A)
    _main_init                               0x080002a1   Thumb Code     0  entry9a.o(.ARM.Collect$$$$0000000B)
    __rt_final_cpp                           0x080002a9   Thumb Code     0  entry10a.o(.ARM.Collect$$$$0000000D)
    __rt_final_exit                          0x080002a9   Thumb Code     0  entry11a.o(.ARM.Collect$$$$0000000F)
    Reset_Handler                            0x080002ad   Thumb Code     8  startup_stm32h743xx.o(.text)
    ADC3_IRQHandler                          0x080002c7   Thumb Code     0  startup_stm32h743xx.o(.text)
    ADC_IRQHandler                           0x080002c7   Thumb Code     0  startup_stm32h743xx.o(.text)
    BDMA_Channel0_IRQHandler                 0x080002c7   Thumb Code     0  startup_stm32h743xx.o(.text)
    BDMA_Channel1_IRQHandler                 0x080002c7   Thumb Code     0  startup_stm32h743xx.o(.text)
    BDMA_Channel2_IRQHandler                 0x080002c7   Thumb Code     0  startup_stm32h743xx.o(.text)
    BDMA_Channel3_IRQHandler                 0x080002c7   Thumb Code     0  startup_stm32h743xx.o(.text)
    BDMA_Channel4_IRQHandler                 0x080002c7   Thumb Code     0  startup_stm32h743xx.o(.text)
    BDMA_Channel5_IRQHandler                 0x080002c7   Thumb Code     0  startup_stm32h743xx.o(.text)
    BDMA_Channel6_IRQHandler                 0x080002c7   Thumb Code     0  startup_stm32h743xx.o(.text)
    BDMA_Channel7_IRQHandler                 0x080002c7   Thumb Code     0  startup_stm32h743xx.o(.text)
    CEC_IRQHandler                           0x080002c7   Thumb Code     0  startup_stm32h743xx.o(.text)
    COMP1_IRQHandler                         0x080002c7   Thumb Code     0  startup_stm32h743xx.o(.text)
    CRS_IRQHandler                           0x080002c7   Thumb Code     0  startup_stm32h743xx.o(.text)
    DCMI_IRQHandler                          0x080002c7   Thumb Code     0  startup_stm32h743xx.o(.text)
    DFSDM1_FLT0_IRQHandler                   0x080002c7   Thumb Code     0  startup_stm32h743xx.o(.text)
    DFSDM1_FLT1_IRQHandler                   0x080002c7   Thumb Code     0  startup_stm32h743xx.o(.text)
    DFSDM1_FLT2_IRQHandler                   0x080002c7   Thumb Code     0  startup_stm32h743xx.o(.text)
    DFSDM1_FLT3_IRQHandler                   0x080002c7   Thumb Code     0  startup_stm32h743xx.o(.text)
    DMA1_Stream0_IRQHandler                  0x080002c7   Thumb Code     0  startup_stm32h743xx.o(.text)
    DMA1_Stream1_IRQHandler                  0x080002c7   Thumb Code     0  startup_stm32h743xx.o(.text)
    DMA1_Stream2_IRQHandler                  0x080002c7   Thumb Code     0  startup_stm32h743xx.o(.text)
    DMA1_Stream3_IRQHandler                  0x080002c7   Thumb Code     0  startup_stm32h743xx.o(.text)
    DMA1_Stream4_IRQHandler                  0x080002c7   Thumb Code     0  startup_stm32h743xx.o(.text)
    DMA1_Stream5_IRQHandler                  0x080002c7   Thumb Code     0  startup_stm32h743xx.o(.text)
    DMA1_Stream6_IRQHandler                  0x080002c7   Thumb Code     0  startup_stm32h743xx.o(.text)
    DMA1_Stream7_IRQHandler                  0x080002c7   Thumb Code     0  startup_stm32h743xx.o(.text)
    DMA2D_IRQHandler                         0x080002c7   Thumb Code     0  startup_stm32h743xx.o(.text)
    DMA2_Stream0_IRQHandler                  0x080002c7   Thumb Code     0  startup_stm32h743xx.o(.text)
    DMA2_Stream1_IRQHandler                  0x080002c7   Thumb Code     0  startup_stm32h743xx.o(.text)
    DMA2_Stream2_IRQHandler                  0x080002c7   Thumb Code     0  startup_stm32h743xx.o(.text)
    DMA2_Stream3_IRQHandler                  0x080002c7   Thumb Code     0  startup_stm32h743xx.o(.text)
    DMA2_Stream4_IRQHandler                  0x080002c7   Thumb Code     0  startup_stm32h743xx.o(.text)
    DMA2_Stream5_IRQHandler                  0x080002c7   Thumb Code     0  startup_stm32h743xx.o(.text)
    DMA2_Stream6_IRQHandler                  0x080002c7   Thumb Code     0  startup_stm32h743xx.o(.text)
    DMA2_Stream7_IRQHandler                  0x080002c7   Thumb Code     0  startup_stm32h743xx.o(.text)
    DMAMUX1_OVR_IRQHandler                   0x080002c7   Thumb Code     0  startup_stm32h743xx.o(.text)
    DMAMUX2_OVR_IRQHandler                   0x080002c7   Thumb Code     0  startup_stm32h743xx.o(.text)
    ECC_IRQHandler                           0x080002c7   Thumb Code     0  startup_stm32h743xx.o(.text)
    ETH_IRQHandler                           0x080002c7   Thumb Code     0  startup_stm32h743xx.o(.text)
    ETH_WKUP_IRQHandler                      0x080002c7   Thumb Code     0  startup_stm32h743xx.o(.text)
    EXTI0_IRQHandler                         0x080002c7   Thumb Code     0  startup_stm32h743xx.o(.text)
    EXTI15_10_IRQHandler                     0x080002c7   Thumb Code     0  startup_stm32h743xx.o(.text)
    EXTI1_IRQHandler                         0x080002c7   Thumb Code     0  startup_stm32h743xx.o(.text)
    EXTI2_IRQHandler                         0x080002c7   Thumb Code     0  startup_stm32h743xx.o(.text)
    EXTI3_IRQHandler                         0x080002c7   Thumb Code     0  startup_stm32h743xx.o(.text)
    EXTI4_IRQHandler                         0x080002c7   Thumb Code     0  startup_stm32h743xx.o(.text)
    EXTI9_5_IRQHandler                       0x080002c7   Thumb Code     0  startup_stm32h743xx.o(.text)
    FDCAN1_IT0_IRQHandler                    0x080002c7   Thumb Code     0  startup_stm32h743xx.o(.text)
    FDCAN1_IT1_IRQHandler                    0x080002c7   Thumb Code     0  startup_stm32h743xx.o(.text)
    FDCAN2_IT0_IRQHandler                    0x080002c7   Thumb Code     0  startup_stm32h743xx.o(.text)
    FDCAN2_IT1_IRQHandler                    0x080002c7   Thumb Code     0  startup_stm32h743xx.o(.text)
    FDCAN_CAL_IRQHandler                     0x080002c7   Thumb Code     0  startup_stm32h743xx.o(.text)
    FLASH_IRQHandler                         0x080002c7   Thumb Code     0  startup_stm32h743xx.o(.text)
    FMC_IRQHandler                           0x080002c7   Thumb Code     0  startup_stm32h743xx.o(.text)
    FPU_IRQHandler                           0x080002c7   Thumb Code     0  startup_stm32h743xx.o(.text)
    HRTIM1_FLT_IRQHandler                    0x080002c7   Thumb Code     0  startup_stm32h743xx.o(.text)
    HRTIM1_Master_IRQHandler                 0x080002c7   Thumb Code     0  startup_stm32h743xx.o(.text)
    HRTIM1_TIMA_IRQHandler                   0x080002c7   Thumb Code     0  startup_stm32h743xx.o(.text)
    HRTIM1_TIMB_IRQHandler                   0x080002c7   Thumb Code     0  startup_stm32h743xx.o(.text)
    HRTIM1_TIMC_IRQHandler                   0x080002c7   Thumb Code     0  startup_stm32h743xx.o(.text)
    HRTIM1_TIMD_IRQHandler                   0x080002c7   Thumb Code     0  startup_stm32h743xx.o(.text)
    HRTIM1_TIME_IRQHandler                   0x080002c7   Thumb Code     0  startup_stm32h743xx.o(.text)
    HSEM1_IRQHandler                         0x080002c7   Thumb Code     0  startup_stm32h743xx.o(.text)
    I2C1_ER_IRQHandler                       0x080002c7   Thumb Code     0  startup_stm32h743xx.o(.text)
    I2C1_EV_IRQHandler                       0x080002c7   Thumb Code     0  startup_stm32h743xx.o(.text)
    I2C2_ER_IRQHandler                       0x080002c7   Thumb Code     0  startup_stm32h743xx.o(.text)
    I2C2_EV_IRQHandler                       0x080002c7   Thumb Code     0  startup_stm32h743xx.o(.text)
    I2C3_ER_IRQHandler                       0x080002c7   Thumb Code     0  startup_stm32h743xx.o(.text)
    I2C3_EV_IRQHandler                       0x080002c7   Thumb Code     0  startup_stm32h743xx.o(.text)
    I2C4_ER_IRQHandler                       0x080002c7   Thumb Code     0  startup_stm32h743xx.o(.text)
    I2C4_EV_IRQHandler                       0x080002c7   Thumb Code     0  startup_stm32h743xx.o(.text)
    JPEG_IRQHandler                          0x080002c7   Thumb Code     0  startup_stm32h743xx.o(.text)
    LPTIM1_IRQHandler                        0x080002c7   Thumb Code     0  startup_stm32h743xx.o(.text)
    LPTIM2_IRQHandler                        0x080002c7   Thumb Code     0  startup_stm32h743xx.o(.text)
    LPTIM3_IRQHandler                        0x080002c7   Thumb Code     0  startup_stm32h743xx.o(.text)
    LPTIM4_IRQHandler                        0x080002c7   Thumb Code     0  startup_stm32h743xx.o(.text)
    LPTIM5_IRQHandler                        0x080002c7   Thumb Code     0  startup_stm32h743xx.o(.text)
    LPUART1_IRQHandler                       0x080002c7   Thumb Code     0  startup_stm32h743xx.o(.text)
    LTDC_ER_IRQHandler                       0x080002c7   Thumb Code     0  startup_stm32h743xx.o(.text)
    LTDC_IRQHandler                          0x080002c7   Thumb Code     0  startup_stm32h743xx.o(.text)
    MDIOS_IRQHandler                         0x080002c7   Thumb Code     0  startup_stm32h743xx.o(.text)
    MDIOS_WKUP_IRQHandler                    0x080002c7   Thumb Code     0  startup_stm32h743xx.o(.text)
    MDMA_IRQHandler                          0x080002c7   Thumb Code     0  startup_stm32h743xx.o(.text)
    OTG_FS_EP1_IN_IRQHandler                 0x080002c7   Thumb Code     0  startup_stm32h743xx.o(.text)
    OTG_FS_EP1_OUT_IRQHandler                0x080002c7   Thumb Code     0  startup_stm32h743xx.o(.text)
    OTG_FS_IRQHandler                        0x080002c7   Thumb Code     0  startup_stm32h743xx.o(.text)
    OTG_FS_WKUP_IRQHandler                   0x080002c7   Thumb Code     0  startup_stm32h743xx.o(.text)
    OTG_HS_EP1_IN_IRQHandler                 0x080002c7   Thumb Code     0  startup_stm32h743xx.o(.text)
    OTG_HS_EP1_OUT_IRQHandler                0x080002c7   Thumb Code     0  startup_stm32h743xx.o(.text)
    OTG_HS_IRQHandler                        0x080002c7   Thumb Code     0  startup_stm32h743xx.o(.text)
    OTG_HS_WKUP_IRQHandler                   0x080002c7   Thumb Code     0  startup_stm32h743xx.o(.text)
    PVD_AVD_IRQHandler                       0x080002c7   Thumb Code     0  startup_stm32h743xx.o(.text)
    QUADSPI_IRQHandler                       0x080002c7   Thumb Code     0  startup_stm32h743xx.o(.text)
    RCC_IRQHandler                           0x080002c7   Thumb Code     0  startup_stm32h743xx.o(.text)
    RNG_IRQHandler                           0x080002c7   Thumb Code     0  startup_stm32h743xx.o(.text)
    RTC_Alarm_IRQHandler                     0x080002c7   Thumb Code     0  startup_stm32h743xx.o(.text)
    RTC_WKUP_IRQHandler                      0x080002c7   Thumb Code     0  startup_stm32h743xx.o(.text)
    SAI1_IRQHandler                          0x080002c7   Thumb Code     0  startup_stm32h743xx.o(.text)
    SAI2_IRQHandler                          0x080002c7   Thumb Code     0  startup_stm32h743xx.o(.text)
    SAI3_IRQHandler                          0x080002c7   Thumb Code     0  startup_stm32h743xx.o(.text)
    SAI4_IRQHandler                          0x080002c7   Thumb Code     0  startup_stm32h743xx.o(.text)
    SDMMC1_IRQHandler                        0x080002c7   Thumb Code     0  startup_stm32h743xx.o(.text)
    SDMMC2_IRQHandler                        0x080002c7   Thumb Code     0  startup_stm32h743xx.o(.text)
    SPDIF_RX_IRQHandler                      0x080002c7   Thumb Code     0  startup_stm32h743xx.o(.text)
    SPI1_IRQHandler                          0x080002c7   Thumb Code     0  startup_stm32h743xx.o(.text)
    SPI2_IRQHandler                          0x080002c7   Thumb Code     0  startup_stm32h743xx.o(.text)
    SPI3_IRQHandler                          0x080002c7   Thumb Code     0  startup_stm32h743xx.o(.text)
    SPI4_IRQHandler                          0x080002c7   Thumb Code     0  startup_stm32h743xx.o(.text)
    SPI5_IRQHandler                          0x080002c7   Thumb Code     0  startup_stm32h743xx.o(.text)
    SPI6_IRQHandler                          0x080002c7   Thumb Code     0  startup_stm32h743xx.o(.text)
    SWPMI1_IRQHandler                        0x080002c7   Thumb Code     0  startup_stm32h743xx.o(.text)
    TAMP_STAMP_IRQHandler                    0x080002c7   Thumb Code     0  startup_stm32h743xx.o(.text)
    TIM15_IRQHandler                         0x080002c7   Thumb Code     0  startup_stm32h743xx.o(.text)
    TIM16_IRQHandler                         0x080002c7   Thumb Code     0  startup_stm32h743xx.o(.text)
    TIM17_IRQHandler                         0x080002c7   Thumb Code     0  startup_stm32h743xx.o(.text)
    TIM1_BRK_IRQHandler                      0x080002c7   Thumb Code     0  startup_stm32h743xx.o(.text)
    TIM1_CC_IRQHandler                       0x080002c7   Thumb Code     0  startup_stm32h743xx.o(.text)
    TIM1_TRG_COM_IRQHandler                  0x080002c7   Thumb Code     0  startup_stm32h743xx.o(.text)
    TIM1_UP_IRQHandler                       0x080002c7   Thumb Code     0  startup_stm32h743xx.o(.text)
    TIM3_IRQHandler                          0x080002c7   Thumb Code     0  startup_stm32h743xx.o(.text)
    TIM4_IRQHandler                          0x080002c7   Thumb Code     0  startup_stm32h743xx.o(.text)
    TIM5_IRQHandler                          0x080002c7   Thumb Code     0  startup_stm32h743xx.o(.text)
    TIM6_DAC_IRQHandler                      0x080002c7   Thumb Code     0  startup_stm32h743xx.o(.text)
    TIM7_IRQHandler                          0x080002c7   Thumb Code     0  startup_stm32h743xx.o(.text)
    TIM8_BRK_TIM12_IRQHandler                0x080002c7   Thumb Code     0  startup_stm32h743xx.o(.text)
    TIM8_CC_IRQHandler                       0x080002c7   Thumb Code     0  startup_stm32h743xx.o(.text)
    TIM8_TRG_COM_TIM14_IRQHandler            0x080002c7   Thumb Code     0  startup_stm32h743xx.o(.text)
    TIM8_UP_TIM13_IRQHandler                 0x080002c7   Thumb Code     0  startup_stm32h743xx.o(.text)
    UART4_IRQHandler                         0x080002c7   Thumb Code     0  startup_stm32h743xx.o(.text)
    UART8_IRQHandler                         0x080002c7   Thumb Code     0  startup_stm32h743xx.o(.text)
    USART1_IRQHandler                        0x080002c7   Thumb Code     0  startup_stm32h743xx.o(.text)
    USART2_IRQHandler                        0x080002c7   Thumb Code     0  startup_stm32h743xx.o(.text)
    USART6_IRQHandler                        0x080002c7   Thumb Code     0  startup_stm32h743xx.o(.text)
    WAKEUP_PIN_IRQHandler                    0x080002c7   Thumb Code     0  startup_stm32h743xx.o(.text)
    WWDG_IRQHandler                          0x080002c7   Thumb Code     0  startup_stm32h743xx.o(.text)
    __aeabi_uldivmod                         0x080002d1   Thumb Code    98  uldiv.o(.text)
    __aeabi_memset                           0x08000333   Thumb Code    14  memseta.o(.text)
    __aeabi_memset4                          0x08000333   Thumb Code     0  memseta.o(.text)
    __aeabi_memset8                          0x08000333   Thumb Code     0  memseta.o(.text)
    __aeabi_memclr                           0x08000341   Thumb Code     4  memseta.o(.text)
    __aeabi_memclr4                          0x08000341   Thumb Code     0  memseta.o(.text)
    __aeabi_memclr8                          0x08000341   Thumb Code     0  memseta.o(.text)
    _memset$wrapper                          0x08000345   Thumb Code    18  memseta.o(.text)
    atoi                                     0x08000357   Thumb Code    26  atoi.o(.text)
    __aeabi_llsl                             0x08000371   Thumb Code    30  llshl.o(.text)
    _ll_shift_l                              0x08000371   Thumb Code     0  llshl.o(.text)
    __aeabi_llsr                             0x0800038f   Thumb Code    32  llushr.o(.text)
    _ll_ushift_r                             0x0800038f   Thumb Code     0  llushr.o(.text)
    __strtod_int                             0x080003ef   Thumb Code    94  strtod.o(.text)
    strtol                                   0x08000459   Thumb Code   112  strtol.o(.text)
    __I$use$fp                               0x080004c9   Thumb Code     0  iusefp.o(.text)
    __aeabi_dmul                             0x080004c9   Thumb Code   228  dmul.o(.text)
    __aeabi_ddiv                             0x080005ad   Thumb Code   222  ddiv.o(.text)
    __scatterload                            0x0800068d   Thumb Code    28  init.o(.text)
    __scatterload_rt2                        0x0800068d   Thumb Code     0  init.o(.text)
    __rt_ctype_table                         0x080006b1   Thumb Code     4  ctype_o.o(.text)
    isspace                                  0x080006b9   Thumb Code    18  isspace_o.o(.text)
    _scanf_real                              0x080007f5   Thumb Code     0  scanf_fp.o(.text)
    _scanf_really_real                       0x080007f5   Thumb Code   556  scanf_fp.o(.text)
    _sgetc                                   0x08000a2d   Thumb Code    30  _sgetc.o(.text)
    _sbackspace                              0x08000a4b   Thumb Code    34  _sgetc.o(.text)
    _strtoul                                 0x08000a6d   Thumb Code   158  _strtoul.o(.text)
    _double_round                            0x08000b0b   Thumb Code    30  depilogue.o(.text)
    _double_epilogue                         0x08000b29   Thumb Code   156  depilogue.o(.text)
    _chval                                   0x08000bc5   Thumb Code    28  _chval.o(.text)
    __aeabi_ul2d                             0x08000be1   Thumb Code    24  dfltul.o(.text)
    __aeabi_d2f                              0x08000bf9   Thumb Code    56  d2f.o(.text)
    _float_round                             0x08000c31   Thumb Code    18  fepilogue.o(.text)
    _float_epilogue                          0x08000c43   Thumb Code    92  fepilogue.o(.text)
    BusFault_Handler                         0x08000ca1   Thumb Code     4  stm32h7xx_it.o(.text.BusFault_Handler)
    DebugMon_Handler                         0x08000ca9   Thumb Code     2  stm32h7xx_it.o(.text.DebugMon_Handler)
    Error_Handler                            0x08000cb1   Thumb Code     2  main.o(.text.Error_Handler)
    GetErrorX                                0x08000cb9   Thumb Code    24  my_pid.o(.text.GetErrorX)
    Get_CoordinateXResult                    0x08000cd1   Thumb Code    14  my_uart.o(.text.Get_CoordinateXResult)
    HAL_DMA_Abort_IT                         0x08000ce1   Thumb Code  1186  stm32h7xx_hal_dma.o(.text.HAL_DMA_Abort_IT)
    HAL_Delay                                0x08001189   Thumb Code    78  stm32h7xx_hal.o(.text.HAL_Delay)
    HAL_GPIO_Init                            0x080011d9   Thumb Code   988  stm32h7xx_hal_gpio.o(.text.HAL_GPIO_Init)
    HAL_GPIO_WritePin                        0x080015b9   Thumb Code    66  stm32h7xx_hal_gpio.o(.text.HAL_GPIO_WritePin)
    HAL_GetREVID                             0x08001601   Thumb Code    14  stm32h7xx_hal.o(.text.HAL_GetREVID)
    HAL_GetTick                              0x08001611   Thumb Code    12  stm32h7xx_hal.o(.text.HAL_GetTick)
    HAL_IncTick                              0x08001621   Thumb Code    26  stm32h7xx_hal.o(.text.HAL_IncTick)
    HAL_Init                                 0x08001641   Thumb Code   126  stm32h7xx_hal.o(.text.HAL_Init)
    HAL_InitTick                             0x080016c1   Thumb Code   142  stm32h7xx_hal.o(.text.HAL_InitTick)
    HAL_MspInit                              0x08001751   Thumb Code    38  stm32h7xx_hal_msp.o(.text.HAL_MspInit)
    HAL_NVIC_EnableIRQ                       0x08001779   Thumb Code    24  stm32h7xx_hal_cortex.o(.text.HAL_NVIC_EnableIRQ)
    HAL_NVIC_SetPriority                     0x08001791   Thumb Code    72  stm32h7xx_hal_cortex.o(.text.HAL_NVIC_SetPriority)
    HAL_NVIC_SetPriorityGrouping             0x080017d9   Thumb Code    20  stm32h7xx_hal_cortex.o(.text.HAL_NVIC_SetPriorityGrouping)
    HAL_PWREx_ConfigSupply                   0x080017f1   Thumb Code   424  stm32h7xx_hal_pwr_ex.o(.text.HAL_PWREx_ConfigSupply)
    HAL_RCCEx_GetD1SysClockFreq              0x08001999   Thumb Code    54  stm32h7xx_hal_rcc_ex.o(.text.HAL_RCCEx_GetD1SysClockFreq)
    HAL_RCCEx_GetD3PCLK1Freq                 0x080019d1   Thumb Code    42  stm32h7xx_hal_rcc_ex.o(.text.HAL_RCCEx_GetD3PCLK1Freq)
    HAL_RCCEx_GetPLL2ClockFreq               0x08001a01   Thumb Code   692  stm32h7xx_hal_rcc_ex.o(.text.HAL_RCCEx_GetPLL2ClockFreq)
    HAL_RCCEx_GetPLL3ClockFreq               0x08001cb9   Thumb Code   692  stm32h7xx_hal_rcc_ex.o(.text.HAL_RCCEx_GetPLL3ClockFreq)
    HAL_RCCEx_PeriphCLKConfig                0x08001f71   Thumb Code  4036  stm32h7xx_hal_rcc_ex.o(.text.HAL_RCCEx_PeriphCLKConfig)
    HAL_RCC_ClockConfig                      0x08002f39   Thumb Code  1164  stm32h7xx_hal_rcc.o(.text.HAL_RCC_ClockConfig)
    HAL_RCC_GetHCLKFreq                      0x080033c9   Thumb Code    54  stm32h7xx_hal_rcc.o(.text.HAL_RCC_GetHCLKFreq)
    HAL_RCC_GetPCLK1Freq                     0x08003401   Thumb Code    42  stm32h7xx_hal_rcc.o(.text.HAL_RCC_GetPCLK1Freq)
    HAL_RCC_GetPCLK2Freq                     0x08003431   Thumb Code    42  stm32h7xx_hal_rcc.o(.text.HAL_RCC_GetPCLK2Freq)
    HAL_RCC_GetSysClockFreq                  0x08003461   Thumb Code   788  stm32h7xx_hal_rcc.o(.text.HAL_RCC_GetSysClockFreq)
    HAL_RCC_OscConfig                        0x08003779   Thumb Code  2602  stm32h7xx_hal_rcc.o(.text.HAL_RCC_OscConfig)
    HAL_SPI_Init                             0x080041a9   Thumb Code   580  stm32h7xx_hal_spi.o(.text.HAL_SPI_Init)
    HAL_SPI_MspInit                          0x080043f1   Thumb Code   228  spi.o(.text.HAL_SPI_MspInit)
    HAL_SPI_Transmit                         0x080044d9   Thumb Code  1072  stm32h7xx_hal_spi.o(.text.HAL_SPI_Transmit)
    HAL_SYSTICK_Config                       0x08004909   Thumb Code    20  stm32h7xx_hal_cortex.o(.text.HAL_SYSTICK_Config)
    HAL_TIMEx_Break2Callback                 0x08004921   Thumb Code    12  stm32h7xx_hal_tim_ex.o(.text.HAL_TIMEx_Break2Callback)
    HAL_TIMEx_BreakCallback                  0x08004931   Thumb Code    12  stm32h7xx_hal_tim_ex.o(.text.HAL_TIMEx_BreakCallback)
    HAL_TIMEx_CommutCallback                 0x08004941   Thumb Code    12  stm32h7xx_hal_tim_ex.o(.text.HAL_TIMEx_CommutCallback)
    HAL_TIMEx_ConfigBreakDeadTime            0x08004951   Thumb Code   282  stm32h7xx_hal_tim_ex.o(.text.HAL_TIMEx_ConfigBreakDeadTime)
    HAL_TIMEx_MasterConfigSynchronization    0x08004a71   Thumb Code   214  stm32h7xx_hal_tim_ex.o(.text.HAL_TIMEx_MasterConfigSynchronization)
    HAL_TIM_Base_Init                        0x08004b49   Thumb Code   102  stm32h7xx_hal_tim.o(.text.HAL_TIM_Base_Init)
    HAL_TIM_Base_MspInit                     0x08004bb1   Thumb Code   240  tim.o(.text.HAL_TIM_Base_MspInit)
    HAL_TIM_Base_Start                       0x08004ca1   Thumb Code    78  stm32h7xx_hal_tim.o(.text.HAL_TIM_Base_Start)
    HAL_TIM_Base_Start_IT                    0x08004cf1   Thumb Code    74  stm32h7xx_hal_tim.o(.text.HAL_TIM_Base_Start_IT)
    HAL_TIM_Base_Stop_IT                     0x08004d41   Thumb Code    78  stm32h7xx_hal_tim.o(.text.HAL_TIM_Base_Stop_IT)
    HAL_TIM_ConfigClockSource                0x08004d91   Thumb Code   490  stm32h7xx_hal_tim.o(.text.HAL_TIM_ConfigClockSource)
    HAL_TIM_IC_CaptureCallback               0x08004f81   Thumb Code    12  stm32h7xx_hal_tim.o(.text.HAL_TIM_IC_CaptureCallback)
    HAL_TIM_IRQHandler                       0x08004f91   Thumb Code   704  stm32h7xx_hal_tim.o(.text.HAL_TIM_IRQHandler)
    HAL_TIM_MspPostInit                      0x08005251   Thumb Code   272  tim.o(.text.HAL_TIM_MspPostInit)
    HAL_TIM_OC_DelayElapsedCallback          0x08005361   Thumb Code    12  stm32h7xx_hal_tim.o(.text.HAL_TIM_OC_DelayElapsedCallback)
    HAL_TIM_PWM_ConfigChannel                0x08005371   Thumb Code   468  stm32h7xx_hal_tim.o(.text.HAL_TIM_PWM_ConfigChannel)
    HAL_TIM_PWM_Init                         0x08005549   Thumb Code   102  stm32h7xx_hal_tim.o(.text.HAL_TIM_PWM_Init)
    HAL_TIM_PWM_MspInit                      0x080055b1   Thumb Code    12  stm32h7xx_hal_tim.o(.text.HAL_TIM_PWM_MspInit)
    HAL_TIM_PWM_PulseFinishedCallback        0x080055c1   Thumb Code    12  stm32h7xx_hal_tim.o(.text.HAL_TIM_PWM_PulseFinishedCallback)
    HAL_TIM_PWM_Start                        0x080055d1   Thumb Code   224  stm32h7xx_hal_tim.o(.text.HAL_TIM_PWM_Start)
    HAL_TIM_PWM_Stop                         0x080056b1   Thumb Code   272  stm32h7xx_hal_tim.o(.text.HAL_TIM_PWM_Stop)
    HAL_TIM_PeriodElapsedCallback            0x080057c1   Thumb Code   168  timer.o(.text.HAL_TIM_PeriodElapsedCallback)
    HAL_TIM_SlaveConfigSynchro               0x08005869   Thumb Code   160  stm32h7xx_hal_tim.o(.text.HAL_TIM_SlaveConfigSynchro)
    HAL_TIM_TriggerCallback                  0x08005909   Thumb Code    12  stm32h7xx_hal_tim.o(.text.HAL_TIM_TriggerCallback)
    HAL_UARTEx_DisableFifoMode               0x08005919   Thumb Code   128  stm32h7xx_hal_uart_ex.o(.text.HAL_UARTEx_DisableFifoMode)
    HAL_UARTEx_RxFifoFullCallback            0x08005999   Thumb Code    12  stm32h7xx_hal_uart_ex.o(.text.HAL_UARTEx_RxFifoFullCallback)
    HAL_UARTEx_SetRxFifoThreshold            0x080059a9   Thumb Code   148  stm32h7xx_hal_uart_ex.o(.text.HAL_UARTEx_SetRxFifoThreshold)
    HAL_UARTEx_SetTxFifoThreshold            0x08005a41   Thumb Code   148  stm32h7xx_hal_uart_ex.o(.text.HAL_UARTEx_SetTxFifoThreshold)
    HAL_UARTEx_TxFifoEmptyCallback           0x08005ad9   Thumb Code    12  stm32h7xx_hal_uart_ex.o(.text.HAL_UARTEx_TxFifoEmptyCallback)
    HAL_UARTEx_WakeupCallback                0x08005ae9   Thumb Code    12  stm32h7xx_hal_uart_ex.o(.text.HAL_UARTEx_WakeupCallback)
    HAL_UART_ErrorCallback                   0x08005af9   Thumb Code    12  stm32h7xx_hal_uart.o(.text.HAL_UART_ErrorCallback)
    HAL_UART_IRQHandler                      0x08005b09   Thumb Code   834  stm32h7xx_hal_uart.o(.text.HAL_UART_IRQHandler)
    HAL_UART_Init                            0x08005e51   Thumb Code   182  stm32h7xx_hal_uart.o(.text.HAL_UART_Init)
    HAL_UART_MspInit                         0x08005f09   Thumb Code   692  usart.o(.text.HAL_UART_MspInit)
    HAL_UART_Receive_IT                      0x080061c1   Thumb Code   528  stm32h7xx_hal_uart.o(.text.HAL_UART_Receive_IT)
    HAL_UART_RxCpltCallback                  0x080063d1   Thumb Code    86  my_uart.o(.text.HAL_UART_RxCpltCallback)
    HAL_UART_Transmit                        0x08006429   Thumb Code   376  stm32h7xx_hal_uart.o(.text.HAL_UART_Transmit)
    HAL_UART_TxCpltCallback                  0x080065a1   Thumb Code    12  stm32h7xx_hal_uart.o(.text.HAL_UART_TxCpltCallback)
    HardFault_Handler                        0x080065b1   Thumb Code     4  stm32h7xx_it.o(.text.HardFault_Handler)
    LCD_SPI_Init                             0x080065b9   Thumb Code    62  spi.o(.text.LCD_SPI_Init)
    Lcd_Clear                                0x080065f9   Thumb Code    94  spi.o(.text.Lcd_Clear)
    Lcd_Init                                 0x08006659   Thumb Code   550  spi.o(.text.Lcd_Init)
    Lcd_Reset                                0x08006881   Thumb Code    52  spi.o(.text.Lcd_Reset)
    Lcd_SetRegion                            0x080068b9   Thumb Code    94  spi.o(.text.Lcd_SetRegion)
    Lcd_WriteData                            0x08006919   Thumb Code    78  spi.o(.text.Lcd_WriteData)
    Lcd_WriteData_16Bit                      0x08006969   Thumb Code    32  spi.o(.text.Lcd_WriteData_16Bit)
    Lcd_WriteIndex                           0x08006989   Thumb Code    74  spi.o(.text.Lcd_WriteIndex)
    Locate_RunStep                           0x080069d9   Thumb Code   154  mricrostepdriver.o(.text.Locate_RunStep)
    MX_GPIO_Init                             0x08006a79   Thumb Code   632  gpio.o(.text.MX_GPIO_Init)
    MX_SPI3_Init                             0x08006cf1   Thumb Code   104  spi.o(.text.MX_SPI3_Init)
    MX_TIM1_Init                             0x08006d59   Thumb Code   358  tim.o(.text.MX_TIM1_Init)
    MX_TIM2_Init                             0x08006ec1   Thumb Code   232  tim.o(.text.MX_TIM2_Init)
    MX_TIM4_Init                             0x08006fa9   Thumb Code   276  tim.o(.text.MX_TIM4_Init)
    MX_TIM5_Init                             0x080070c1   Thumb Code   140  tim.o(.text.MX_TIM5_Init)
    MX_UART5_Init                            0x08007151   Thumb Code   142  usart.o(.text.MX_UART5_Init)
    MX_UART7_Init                            0x080071e1   Thumb Code   156  usart.o(.text.MX_UART7_Init)
    MX_UART8_Init                            0x08007281   Thumb Code   142  usart.o(.text.MX_UART8_Init)
    MX_USART3_UART_Init                      0x08007311   Thumb Code   142  usart.o(.text.MX_USART3_UART_Init)
    MX_USART6_UART_Init                      0x080073a1   Thumb Code   142  usart.o(.text.MX_USART6_UART_Init)
    MemManage_Handler                        0x08007431   Thumb Code     4  stm32h7xx_it.o(.text.MemManage_Handler)
    NMI_Handler                              0x08007439   Thumb Code     2  stm32h7xx_it.o(.text.NMI_Handler)
    PIDOut                                   0x080074c1   Thumb Code   284  my_pid.o(.text.PIDOut)
    PendSV_Handler                           0x080075e1   Thumb Code     2  stm32h7xx_it.o(.text.PendSV_Handler)
    SPI_WriteByte                            0x08007b71   Thumb Code    46  spi.o(.text.SPI_WriteByte)
    SVC_Handler                              0x08007ba1   Thumb Code     2  stm32h7xx_it.o(.text.SVC_Handler)
    SysTick_Handler                          0x08007c09   Thumb Code    26  stm32h7xx_it.o(.text.SysTick_Handler)
    SystemClock_Config                       0x08007c29   Thumb Code   276  main.o(.text.SystemClock_Config)
    SystemInit                               0x08007d41   Thumb Code   234  system_stm32h7xx.o(.text.SystemInit)
    TIM2_IRQHandler                          0x08007e31   Thumb Code    16  stm32h7xx_it.o(.text.TIM2_IRQHandler)
    TIM2_Startup                             0x08007e41   Thumb Code   296  mricrostepdriver.o(.text.TIM2_Startup)
    TIM_Base_SetConfig                       0x08007f69   Thumb Code   418  stm32h7xx_hal_tim.o(.text.TIM_Base_SetConfig)
    TIM_CCxChannelCmd                        0x08008111   Thumb Code    74  stm32h7xx_hal_tim.o(.text.TIM_CCxChannelCmd)
    TIM_ETR_SetConfig                        0x08008161   Thumb Code    74  stm32h7xx_hal_tim.o(.text.TIM_ETR_SetConfig)
    TIM_OC2_SetConfig                        0x08008341   Thumb Code   378  stm32h7xx_hal_tim.o(.text.TIM_OC2_SetConfig)
    UART5_IRQHandler                         0x08008b21   Thumb Code    16  stm32h7xx_it.o(.text.UART5_IRQHandler)
    UART7_IRQHandler                         0x08008b31   Thumb Code    16  stm32h7xx_it.o(.text.UART7_IRQHandler)
    UART_AdvFeatureConfig                    0x08008be9   Thumb Code   318  stm32h7xx_hal_uart.o(.text.UART_AdvFeatureConfig)
    UART_CheckIdleState                      0x08008d29   Thumb Code   170  stm32h7xx_hal_uart.o(.text.UART_CheckIdleState)
    UART_SetConfig                           0x080091d1   Thumb Code 12744  stm32h7xx_hal_uart.o(.text.UART_SetConfig)
    UART_WaitOnFlagUntilTimeout              0x0800c399   Thumb Code   298  stm32h7xx_hal_uart.o(.text.UART_WaitOnFlagUntilTimeout)
    USART3_IRQHandler                        0x0800c4c9   Thumb Code    16  stm32h7xx_it.o(.text.USART3_IRQHandler)
    UsageFault_Handler                       0x0800c4d9   Thumb Code     4  stm32h7xx_it.o(.text.UsageFault_Handler)
    User_DebugUart_Init                      0x0800c4e1   Thumb Code    32  my_uart.o(.text.User_DebugUart_Init)
    User_DistantUart_Init                    0x0800c501   Thumb Code    64  my_uart.o(.text.User_DistantUart_Init)
    User_GetErrorUart_Init                   0x0800c541   Thumb Code    32  my_uart.o(.text.User_GetErrorUart_Init)
    Usermain                                 0x0800c561   Thumb Code   198  user_main.o(.text.Usermain)
    _GetCommandUartCallBack                  0x0800c629   Thumb Code    50  my_uart.o(.text._GetCommandUartCallBack)
    _GetDistantUartCallBack                  0x0800c661   Thumb Code   308  my_uart.o(.text._GetDistantUartCallBack)
    _GetErrorUartCallBack                    0x0800c799   Thumb Code   402  my_uart.o(.text._GetErrorUartCallBack)
    main                                     0x0800ca09   Thumb Code    82  main.o(.text.main)
    __aeabi_errno_addr                       0x0800ca5d   Thumb Code     4  errno.o(i.__aeabi_errno_addr)
    __rt_errno_addr                          0x0800ca5d   Thumb Code     0  errno.o(i.__aeabi_errno_addr)
    __hardfp_atof                            0x0800ca69   Thumb Code    46  atof.o(i.__hardfp_atof)
    __read_errno                             0x0800caa1   Thumb Code     6  errno.o(i.__read_errno)
    __scatterload_copy                       0x0800caad   Thumb Code    14  handlers.o(i.__scatterload_copy)
    __scatterload_null                       0x0800cabb   Thumb Code     2  handlers.o(i.__scatterload_null)
    __scatterload_zeroinit                   0x0800cabd   Thumb Code    14  handlers.o(i.__scatterload_zeroinit)
    __set_errno                              0x0800cacd   Thumb Code     6  errno.o(i.__set_errno)
    _is_digit                                0x0800cad9   Thumb Code    14  scanf_fp.o(i._is_digit)
    __ctype_table                            0x0800cae6   Data         129  ctype_o.o(.constdata)
    D1CorePrescTable                         0x0800cb6c   Data          16  system_stm32h7xx.o(.rodata.D1CorePrescTable)
    Region$$Table$$Base                      0x0800cb84   Number         0  anon$$obj.o(Region$$Table)
    Region$$Table$$Limit                     0x0800cba4   Number         0  anon$$obj.o(Region$$Table)
    SystemCoreClock                          0x20000004   Data           4  system_stm32h7xx.o(.data.SystemCoreClock)
    SystemD2Clock                            0x20000008   Data           4  system_stm32h7xx.o(.data.SystemD2Clock)
    uwTickFreq                               0x2000000c   Data           1  stm32h7xx_hal.o(.data.uwTickFreq)
    uwTickPrio                               0x20000010   Data           4  stm32h7xx_hal.o(.data.uwTickPrio)
    Coordinate1_One                          0x2000001a   Data           2  my_uart.o(.bss.Coordinate1_One)
    Coordinate1_Two                          0x2000001c   Data           2  my_uart.o(.bss.Coordinate1_Two)
    Count                                    0x20000020   Data           4  stm32h7xx_it.o(.bss.Count)
    LastOut                                  0x20000024   Data           4  my_pid.o(.bss.LastOut)
    PID_valueX                               0x20000028   Data           4  my_pid.o(.bss.PID_valueX)
    PWM_Count                                0x2000002c   Data           4  timer.o(.bss.PWM_Count)
    PWM_Count_Set                            0x20000030   Data           4  mricrostepdriver.o(.bss.PWM_Count_Set)
    _DebugCommand                            0x20000034   Data           1  my_uart.o(.bss._DebugCommand)
    _GetCommandRXBuffer                      0x20000035   Data           1  my_uart.o(.bss._GetCommandRXBuffer)
    _GetDistantResults                       0x20000038   Data           4  my_uart.o(.bss._GetDistantResults)
    _GetDistantRxVal                         0x20000048   Data           1  my_uart.o(.bss._GetDistantRxVal)
    _GetErrorRXBuffer                        0x2000004c   Data           7  my_uart.o(.bss._GetErrorRXBuffer)
    diff                                     0x20000054   Data           4  my_pid.o(.bss.diff)
    flag                                     0x20000058   Data           4  mricrostepdriver.o(.bss.flag)
    hspi3                                    0x2000005c   Data         136  spi.o(.bss.hspi3)
    htim1                                    0x200000e4   Data          64  tim.o(.bss.htim1)
    htim2                                    0x20000124   Data          64  tim.o(.bss.htim2)
    htim4                                    0x20000164   Data          64  tim.o(.bss.htim4)
    htim5                                    0x200001a4   Data          64  tim.o(.bss.htim5)
    huart3                                   0x200001e4   Data         140  usart.o(.bss.huart3)
    huart5                                   0x20000270   Data         140  usart.o(.bss.huart5)
    huart6                                   0x200002fc   Data         140  usart.o(.bss.huart6)
    huart7                                   0x20000388   Data         140  usart.o(.bss.huart7)
    huart8                                   0x20000414   Data         140  usart.o(.bss.huart8)
    mode                                     0x200004a0   Data           4  mricrostepdriver.o(.bss.mode)
    previous_errorX                          0x200004a4   Data           4  my_pid.o(.bss.previous_errorX)
    stop                                     0x200004a8   Data           4  timer.o(.bss.stop)
    uwTick                                   0x200004ac   Data           4  stm32h7xx_hal.o(.bss.uwTick)
    __initial_sp                             0x200008b0   Data           0  startup_stm32h743xx.o(STACK)



==============================================================================

Memory Map of the image

  Image Entry point : 0x08000299

  Load Region LR_IROM1 (Base: 0x08000000, Size: 0x0000cbc0, Max: 0x00200000, ABSOLUTE)

    Execution Region ER_IROM1 (Exec base: 0x08000000, Load base: 0x08000000, Size: 0x0000cba4, Max: 0x00200000, ABSOLUTE)

    Exec Addr    Load Addr    Size         Type   Attr      Idx    E Section Name        Object

    0x08000000   0x08000000   0x00000298   Data   RO            3    RESET               startup_stm32h743xx.o
    0x08000298   0x08000298   0x00000000   Code   RO         1968  * .ARM.Collect$$$$00000000  mc_w.l(entry.o)
    0x08000298   0x08000298   0x00000004   Code   RO         2005    .ARM.Collect$$$$00000001  mc_w.l(entry2.o)
    0x0800029c   0x0800029c   0x00000004   Code   RO         2008    .ARM.Collect$$$$00000004  mc_w.l(entry5.o)
    0x080002a0   0x080002a0   0x00000000   Code   RO         2010    .ARM.Collect$$$$00000008  mc_w.l(entry7b.o)
    0x080002a0   0x080002a0   0x00000000   Code   RO         2012    .ARM.Collect$$$$0000000A  mc_w.l(entry8b.o)
    0x080002a0   0x080002a0   0x00000008   Code   RO         2013    .ARM.Collect$$$$0000000B  mc_w.l(entry9a.o)
    0x080002a8   0x080002a8   0x00000000   Code   RO         2015    .ARM.Collect$$$$0000000D  mc_w.l(entry10a.o)
    0x080002a8   0x080002a8   0x00000000   Code   RO         2017    .ARM.Collect$$$$0000000F  mc_w.l(entry11a.o)
    0x080002a8   0x080002a8   0x00000004   Code   RO         2006    .ARM.Collect$$$$00002712  mc_w.l(entry2.o)
    0x080002ac   0x080002ac   0x00000024   Code   RO            4    .text               startup_stm32h743xx.o
    0x080002d0   0x080002d0   0x00000062   Code   RO         1971    .text               mc_w.l(uldiv.o)
    0x08000332   0x08000332   0x00000024   Code   RO         1973    .text               mc_w.l(memseta.o)
    0x08000356   0x08000356   0x0000001a   Code   RO         2003    .text               mc_w.l(atoi.o)
    0x08000370   0x08000370   0x0000001e   Code   RO         2022    .text               mc_w.l(llshl.o)
    0x0800038e   0x0800038e   0x00000020   Code   RO         2024    .text               mc_w.l(llushr.o)
    0x080003ae   0x080003ae   0x00000002   PAD
    0x080003b0   0x080003b0   0x000000a8   Code   RO         2033    .text               mc_w.l(strtod.o)
    0x08000458   0x08000458   0x00000070   Code   RO         2035    .text               mc_w.l(strtol.o)
    0x080004c8   0x080004c8   0x00000000   Code   RO         2037    .text               mc_w.l(iusefp.o)
    0x080004c8   0x080004c8   0x000000e4   Code   RO         2040    .text               mf_w.l(dmul.o)
    0x080005ac   0x080005ac   0x000000de   Code   RO         2042    .text               mf_w.l(ddiv.o)
    0x0800068a   0x0800068a   0x00000002   PAD
    0x0800068c   0x0800068c   0x00000024   Code   RO         2048    .text               mc_w.l(init.o)
    0x080006b0   0x080006b0   0x00000008   Code   RO         2054    .text               mc_w.l(ctype_o.o)
    0x080006b8   0x080006b8   0x00000012   Code   RO         2076    .text               mc_w.l(isspace_o.o)
    0x080006ca   0x080006ca   0x00000002   PAD
    0x080006cc   0x080006cc   0x00000360   Code   RO         2082    .text               mc_w.l(scanf_fp.o)
    0x08000a2c   0x08000a2c   0x00000040   Code   RO         2086    .text               mc_w.l(_sgetc.o)
    0x08000a6c   0x08000a6c   0x0000009e   Code   RO         2088    .text               mc_w.l(_strtoul.o)
    0x08000b0a   0x08000b0a   0x000000ba   Code   RO         2090    .text               mf_w.l(depilogue.o)
    0x08000bc4   0x08000bc4   0x0000001c   Code   RO         2095    .text               mc_w.l(_chval.o)
    0x08000be0   0x08000be0   0x00000018   Code   RO         2097    .text               mf_w.l(dfltul.o)
    0x08000bf8   0x08000bf8   0x00000038   Code   RO         2099    .text               mf_w.l(d2f.o)
    0x08000c30   0x08000c30   0x0000006e   Code   RO         2101    .text               mf_w.l(fepilogue.o)
    0x08000c9e   0x08000c9e   0x00000002   PAD
    0x08000ca0   0x08000ca0   0x00000004   Code   RO          132    .text.BusFault_Handler  stm32h7xx_it.o
    0x08000ca4   0x08000ca4   0x00000004   PAD
    0x08000ca8   0x08000ca8   0x00000002   Code   RO          138    .text.DebugMon_Handler  stm32h7xx_it.o
    0x08000caa   0x08000caa   0x00000006   PAD
    0x08000cb0   0x08000cb0   0x00000002   Code   RO           15    .text.Error_Handler  main.o
    0x08000cb2   0x08000cb2   0x00000006   PAD
    0x08000cb8   0x08000cb8   0x00000018   Code   RO         1939    .text.GetErrorX     my_pid.o
    0x08000cd0   0x08000cd0   0x0000000e   Code   RO         1732    .text.Get_CoordinateXResult  my_uart.o
    0x08000cde   0x08000cde   0x00000002   PAD
    0x08000ce0   0x08000ce0   0x000004a2   Code   RO         1150    .text.HAL_DMA_Abort_IT  stm32h7xx_hal_dma.o
    0x08001182   0x08001182   0x00000006   PAD
    0x08001188   0x08001188   0x0000004e   Code   RO         1399    .text.HAL_Delay     stm32h7xx_hal.o
    0x080011d6   0x080011d6   0x00000002   PAD
    0x080011d8   0x080011d8   0x000003dc   Code   RO         1076    .text.HAL_GPIO_Init  stm32h7xx_hal_gpio.o
    0x080015b4   0x080015b4   0x00000004   PAD
    0x080015b8   0x080015b8   0x00000042   Code   RO         1082    .text.HAL_GPIO_WritePin  stm32h7xx_hal_gpio.o
    0x080015fa   0x080015fa   0x00000006   PAD
    0x08001600   0x08001600   0x0000000e   Code   RO         1407    .text.HAL_GetREVID  stm32h7xx_hal.o
    0x0800160e   0x0800160e   0x00000002   PAD
    0x08001610   0x08001610   0x0000000c   Code   RO         1391    .text.HAL_GetTick   stm32h7xx_hal.o
    0x0800161c   0x0800161c   0x00000004   PAD
    0x08001620   0x08001620   0x0000001a   Code   RO         1389    .text.HAL_IncTick   stm32h7xx_hal.o
    0x0800163a   0x0800163a   0x00000006   PAD
    0x08001640   0x08001640   0x0000007e   Code   RO         1379    .text.HAL_Init      stm32h7xx_hal.o
    0x080016be   0x080016be   0x00000002   PAD
    0x080016c0   0x080016c0   0x0000008e   Code   RO         1381    .text.HAL_InitTick  stm32h7xx_hal.o
    0x0800174e   0x0800174e   0x00000002   PAD
    0x08001750   0x08001750   0x00000026   Code   RO          161    .text.HAL_MspInit   stm32h7xx_hal_msp.o
    0x08001776   0x08001776   0x00000002   PAD
    0x08001778   0x08001778   0x00000018   Code   RO          182    .text.HAL_NVIC_EnableIRQ  stm32h7xx_hal_cortex.o
    0x08001790   0x08001790   0x00000048   Code   RO          174    .text.HAL_NVIC_SetPriority  stm32h7xx_hal_cortex.o
    0x080017d8   0x080017d8   0x00000014   Code   RO          170    .text.HAL_NVIC_SetPriorityGrouping  stm32h7xx_hal_cortex.o
    0x080017ec   0x080017ec   0x00000004   PAD
    0x080017f0   0x080017f0   0x000001a8   Code   RO         1291    .text.HAL_PWREx_ConfigSupply  stm32h7xx_hal_pwr_ex.o
    0x08001998   0x08001998   0x00000036   Code   RO          937    .text.HAL_RCCEx_GetD1SysClockFreq  stm32h7xx_hal_rcc_ex.o
    0x080019ce   0x080019ce   0x00000002   PAD
    0x080019d0   0x080019d0   0x0000002a   Code   RO          935    .text.HAL_RCCEx_GetD3PCLK1Freq  stm32h7xx_hal_rcc_ex.o
    0x080019fa   0x080019fa   0x00000006   PAD
    0x08001a00   0x08001a00   0x000002b4   Code   RO          929    .text.HAL_RCCEx_GetPLL2ClockFreq  stm32h7xx_hal_rcc_ex.o
    0x08001cb4   0x08001cb4   0x00000004   PAD
    0x08001cb8   0x08001cb8   0x000002b4   Code   RO          931    .text.HAL_RCCEx_GetPLL3ClockFreq  stm32h7xx_hal_rcc_ex.o
    0x08001f6c   0x08001f6c   0x00000004   PAD
    0x08001f70   0x08001f70   0x00000fc4   Code   RO          917    .text.HAL_RCCEx_PeriphCLKConfig  stm32h7xx_hal_rcc_ex.o
    0x08002f34   0x08002f34   0x00000004   PAD
    0x08002f38   0x08002f38   0x0000048c   Code   RO          885    .text.HAL_RCC_ClockConfig  stm32h7xx_hal_rcc.o
    0x080033c4   0x080033c4   0x00000004   PAD
    0x080033c8   0x080033c8   0x00000036   Code   RO          895    .text.HAL_RCC_GetHCLKFreq  stm32h7xx_hal_rcc.o
    0x080033fe   0x080033fe   0x00000002   PAD
    0x08003400   0x08003400   0x0000002a   Code   RO          897    .text.HAL_RCC_GetPCLK1Freq  stm32h7xx_hal_rcc.o
    0x0800342a   0x0800342a   0x00000006   PAD
    0x08003430   0x08003430   0x0000002a   Code   RO          899    .text.HAL_RCC_GetPCLK2Freq  stm32h7xx_hal_rcc.o
    0x0800345a   0x0800345a   0x00000006   PAD
    0x08003460   0x08003460   0x00000314   Code   RO          887    .text.HAL_RCC_GetSysClockFreq  stm32h7xx_hal_rcc.o
    0x08003774   0x08003774   0x00000004   PAD
    0x08003778   0x08003778   0x00000a2a   Code   RO          883    .text.HAL_RCC_OscConfig  stm32h7xx_hal_rcc.o
    0x080041a2   0x080041a2   0x00000006   PAD
    0x080041a8   0x080041a8   0x00000244   Code   RO          244    .text.HAL_SPI_Init  stm32h7xx_hal_spi.o
    0x080043ec   0x080043ec   0x00000004   PAD
    0x080043f0   0x080043f0   0x000000e4   Code   RO           36    .text.HAL_SPI_MspInit  spi.o
    0x080044d4   0x080044d4   0x00000004   PAD
    0x080044d8   0x080044d8   0x00000430   Code   RO          254    .text.HAL_SPI_Transmit  stm32h7xx_hal_spi.o
    0x08004908   0x08004908   0x00000014   Code   RO          194    .text.HAL_SYSTICK_Config  stm32h7xx_hal_cortex.o
    0x0800491c   0x0800491c   0x00000004   PAD
    0x08004920   0x08004920   0x0000000c   Code   RO          690    .text.HAL_TIMEx_Break2Callback  stm32h7xx_hal_tim_ex.o
    0x0800492c   0x0800492c   0x00000004   PAD
    0x08004930   0x08004930   0x0000000c   Code   RO          688    .text.HAL_TIMEx_BreakCallback  stm32h7xx_hal_tim_ex.o
    0x0800493c   0x0800493c   0x00000004   PAD
    0x08004940   0x08004940   0x0000000c   Code   RO          684    .text.HAL_TIMEx_CommutCallback  stm32h7xx_hal_tim_ex.o
    0x0800494c   0x0800494c   0x00000004   PAD
    0x08004950   0x08004950   0x0000011a   Code   RO          674    .text.HAL_TIMEx_ConfigBreakDeadTime  stm32h7xx_hal_tim_ex.o
    0x08004a6a   0x08004a6a   0x00000006   PAD
    0x08004a70   0x08004a70   0x000000d6   Code   RO          672    .text.HAL_TIMEx_MasterConfigSynchronization  stm32h7xx_hal_tim_ex.o
    0x08004b46   0x08004b46   0x00000002   PAD
    0x08004b48   0x08004b48   0x00000066   Code   RO          364    .text.HAL_TIM_Base_Init  stm32h7xx_hal_tim.o
    0x08004bae   0x08004bae   0x00000002   PAD
    0x08004bb0   0x08004bb0   0x000000f0   Code   RO           83    .text.HAL_TIM_Base_MspInit  tim.o
    0x08004ca0   0x08004ca0   0x0000004e   Code   RO          374    .text.HAL_TIM_Base_Start  stm32h7xx_hal_tim.o
    0x08004cee   0x08004cee   0x00000002   PAD
    0x08004cf0   0x08004cf0   0x0000004a   Code   RO          378    .text.HAL_TIM_Base_Start_IT  stm32h7xx_hal_tim.o
    0x08004d3a   0x08004d3a   0x00000006   PAD
    0x08004d40   0x08004d40   0x0000004e   Code   RO          380    .text.HAL_TIM_Base_Stop_IT  stm32h7xx_hal_tim.o
    0x08004d8e   0x08004d8e   0x00000002   PAD
    0x08004d90   0x08004d90   0x000001ea   Code   RO          560    .text.HAL_TIM_ConfigClockSource  stm32h7xx_hal_tim.o
    0x08004f7a   0x08004f7a   0x00000006   PAD
    0x08004f80   0x08004f80   0x0000000c   Code   RO          500    .text.HAL_TIM_IC_CaptureCallback  stm32h7xx_hal_tim.o
    0x08004f8c   0x08004f8c   0x00000004   PAD
    0x08004f90   0x08004f90   0x000002c0   Code   RO          498    .text.HAL_TIM_IRQHandler  stm32h7xx_hal_tim.o
    0x08005250   0x08005250   0x00000110   Code   RO           75    .text.HAL_TIM_MspPostInit  tim.o
    0x08005360   0x08005360   0x0000000c   Code   RO          502    .text.HAL_TIM_OC_DelayElapsedCallback  stm32h7xx_hal_tim.o
    0x0800536c   0x0800536c   0x00000004   PAD
    0x08005370   0x08005370   0x000001d4   Code   RO          534    .text.HAL_TIM_PWM_ConfigChannel  stm32h7xx_hal_tim.o
    0x08005544   0x08005544   0x00000004   PAD
    0x08005548   0x08005548   0x00000066   Code   RO          418    .text.HAL_TIM_PWM_Init  stm32h7xx_hal_tim.o
    0x080055ae   0x080055ae   0x00000002   PAD
    0x080055b0   0x080055b0   0x0000000c   Code   RO          420    .text.HAL_TIM_PWM_MspInit  stm32h7xx_hal_tim.o
    0x080055bc   0x080055bc   0x00000004   PAD
    0x080055c0   0x080055c0   0x0000000c   Code   RO          504    .text.HAL_TIM_PWM_PulseFinishedCallback  stm32h7xx_hal_tim.o
    0x080055cc   0x080055cc   0x00000004   PAD
    0x080055d0   0x080055d0   0x000000e0   Code   RO          426    .text.HAL_TIM_PWM_Start  stm32h7xx_hal_tim.o
    0x080056b0   0x080056b0   0x00000110   Code   RO          428    .text.HAL_TIM_PWM_Stop  stm32h7xx_hal_tim.o
    0x080057c0   0x080057c0   0x000000a8   Code   RO         1871    .text.HAL_TIM_PeriodElapsedCallback  timer.o
    0x08005868   0x08005868   0x000000a0   Code   RO          570    .text.HAL_TIM_SlaveConfigSynchro  stm32h7xx_hal_tim.o
    0x08005908   0x08005908   0x0000000c   Code   RO          508    .text.HAL_TIM_TriggerCallback  stm32h7xx_hal_tim.o
    0x08005914   0x08005914   0x00000004   PAD
    0x08005918   0x08005918   0x00000080   Code   RO          866    .text.HAL_UARTEx_DisableFifoMode  stm32h7xx_hal_uart_ex.o
    0x08005998   0x08005998   0x0000000c   Code   RO          848    .text.HAL_UARTEx_RxFifoFullCallback  stm32h7xx_hal_uart_ex.o
    0x080059a4   0x080059a4   0x00000004   PAD
    0x080059a8   0x080059a8   0x00000094   Code   RO          870    .text.HAL_UARTEx_SetRxFifoThreshold  stm32h7xx_hal_uart_ex.o
    0x08005a3c   0x08005a3c   0x00000004   PAD
    0x08005a40   0x08005a40   0x00000094   Code   RO          868    .text.HAL_UARTEx_SetTxFifoThreshold  stm32h7xx_hal_uart_ex.o
    0x08005ad4   0x08005ad4   0x00000004   PAD
    0x08005ad8   0x08005ad8   0x0000000c   Code   RO          850    .text.HAL_UARTEx_TxFifoEmptyCallback  stm32h7xx_hal_uart_ex.o
    0x08005ae4   0x08005ae4   0x00000004   PAD
    0x08005ae8   0x08005ae8   0x0000000c   Code   RO          846    .text.HAL_UARTEx_WakeupCallback  stm32h7xx_hal_uart_ex.o
    0x08005af4   0x08005af4   0x00000004   PAD
    0x08005af8   0x08005af8   0x0000000c   Code   RO          802    .text.HAL_UART_ErrorCallback  stm32h7xx_hal_uart.o
    0x08005b04   0x08005b04   0x00000004   PAD
    0x08005b08   0x08005b08   0x00000342   Code   RO          798    .text.HAL_UART_IRQHandler  stm32h7xx_hal_uart.o
    0x08005e4a   0x08005e4a   0x00000006   PAD
    0x08005e50   0x08005e50   0x000000b6   Code   RO          702    .text.HAL_UART_Init  stm32h7xx_hal_uart.o
    0x08005f06   0x08005f06   0x00000002   PAD
    0x08005f08   0x08005f08   0x000002b4   Code   RO          109    .text.HAL_UART_MspInit  usart.o
    0x080061bc   0x080061bc   0x00000004   PAD
    0x080061c0   0x080061c0   0x00000210   Code   RO          738    .text.HAL_UART_Receive_IT  stm32h7xx_hal_uart.o
    0x080063d0   0x080063d0   0x00000056   Code   RO         1752    .text.HAL_UART_RxCpltCallback  my_uart.o
    0x08006426   0x08006426   0x00000002   PAD
    0x08006428   0x08006428   0x00000178   Code   RO          722    .text.HAL_UART_Transmit  stm32h7xx_hal_uart.o
    0x080065a0   0x080065a0   0x0000000c   Code   RO          806    .text.HAL_UART_TxCpltCallback  stm32h7xx_hal_uart.o
    0x080065ac   0x080065ac   0x00000004   PAD
    0x080065b0   0x080065b0   0x00000004   Code   RO          128    .text.HardFault_Handler  stm32h7xx_it.o
    0x080065b4   0x080065b4   0x00000004   PAD
    0x080065b8   0x080065b8   0x0000003e   Code   RO           42    .text.LCD_SPI_Init  spi.o
    0x080065f6   0x080065f6   0x00000002   PAD
    0x080065f8   0x080065f8   0x0000005e   Code   RO           62    .text.Lcd_Clear     spi.o
    0x08006656   0x08006656   0x00000002   PAD
    0x08006658   0x08006658   0x00000226   Code   RO           54    .text.Lcd_Init      spi.o
    0x0800687e   0x0800687e   0x00000002   PAD
    0x08006880   0x08006880   0x00000034   Code   RO           52    .text.Lcd_Reset     spi.o
    0x080068b4   0x080068b4   0x00000004   PAD
    0x080068b8   0x080068b8   0x0000005e   Code   RO           58    .text.Lcd_SetRegion  spi.o
    0x08006916   0x08006916   0x00000002   PAD
    0x08006918   0x08006918   0x0000004e   Code   RO           46    .text.Lcd_WriteData  spi.o
    0x08006966   0x08006966   0x00000002   PAD
    0x08006968   0x08006968   0x00000020   Code   RO           50    .text.Lcd_WriteData_16Bit  spi.o
    0x08006988   0x08006988   0x0000004a   Code   RO           44    .text.Lcd_WriteIndex  spi.o
    0x080069d2   0x080069d2   0x00000006   PAD
    0x080069d8   0x080069d8   0x0000009a   Code   RO         1852    .text.Locate_RunStep  mricrostepdriver.o
    0x08006a72   0x08006a72   0x00000006   PAD
    0x08006a78   0x08006a78   0x00000278   Code   RO           25    .text.MX_GPIO_Init  gpio.o
    0x08006cf0   0x08006cf0   0x00000068   Code   RO           34    .text.MX_SPI3_Init  spi.o
    0x08006d58   0x08006d58   0x00000166   Code   RO           73    .text.MX_TIM1_Init  tim.o
    0x08006ebe   0x08006ebe   0x00000002   PAD
    0x08006ec0   0x08006ec0   0x000000e8   Code   RO           77    .text.MX_TIM2_Init  tim.o
    0x08006fa8   0x08006fa8   0x00000114   Code   RO           79    .text.MX_TIM4_Init  tim.o
    0x080070bc   0x080070bc   0x00000004   PAD
    0x080070c0   0x080070c0   0x0000008c   Code   RO           81    .text.MX_TIM5_Init  tim.o
    0x0800714c   0x0800714c   0x00000004   PAD
    0x08007150   0x08007150   0x0000008e   Code   RO           99    .text.MX_UART5_Init  usart.o
    0x080071de   0x080071de   0x00000002   PAD
    0x080071e0   0x080071e0   0x0000009c   Code   RO          101    .text.MX_UART7_Init  usart.o
    0x0800727c   0x0800727c   0x00000004   PAD
    0x08007280   0x08007280   0x0000008e   Code   RO          103    .text.MX_UART8_Init  usart.o
    0x0800730e   0x0800730e   0x00000002   PAD
    0x08007310   0x08007310   0x0000008e   Code   RO          105    .text.MX_USART3_UART_Init  usart.o
    0x0800739e   0x0800739e   0x00000002   PAD
    0x080073a0   0x080073a0   0x0000008e   Code   RO          107    .text.MX_USART6_UART_Init  usart.o
    0x0800742e   0x0800742e   0x00000002   PAD
    0x08007430   0x08007430   0x00000004   Code   RO          130    .text.MemManage_Handler  stm32h7xx_it.o
    0x08007434   0x08007434   0x00000004   PAD
    0x08007438   0x08007438   0x00000002   Code   RO          126    .text.NMI_Handler   stm32h7xx_it.o
    0x0800743a   0x0800743a   0x00000006   PAD
    0x08007440   0x08007440   0x00000080   Code   RO          180    .text.NVIC_EncodePriority  stm32h7xx_hal_cortex.o
    0x080074c0   0x080074c0   0x0000011c   Code   RO         1941    .text.PIDOut        my_pid.o
    0x080075dc   0x080075dc   0x00000004   PAD
    0x080075e0   0x080075e0   0x00000002   Code   RO          140    .text.PendSV_Handler  stm32h7xx_it.o
    0x080075e2   0x080075e2   0x00000006   PAD
    0x080075e8   0x080075e8   0x000001d8   Code   RO          919    .text.RCCEx_PLL2_Config  stm32h7xx_hal_rcc_ex.o
    0x080077c0   0x080077c0   0x000001d8   Code   RO          921    .text.RCCEx_PLL3_Config  stm32h7xx_hal_rcc_ex.o
    0x08007998   0x08007998   0x0000011c   Code   RO          256    .text.SPI_CloseTransfer  stm32h7xx_hal_spi.o
    0x08007ab4   0x08007ab4   0x00000004   PAD
    0x08007ab8   0x08007ab8   0x0000002e   Code   RO          246    .text.SPI_GetPacketSize  stm32h7xx_hal_spi.o
    0x08007ae6   0x08007ae6   0x00000002   PAD
    0x08007ae8   0x08007ae8   0x00000088   Code   RO          258    .text.SPI_WaitOnFlagUntilTimeout  stm32h7xx_hal_spi.o
    0x08007b70   0x08007b70   0x0000002e   Code   RO           40    .text.SPI_WriteByte  spi.o
    0x08007b9e   0x08007b9e   0x00000002   PAD
    0x08007ba0   0x08007ba0   0x00000002   Code   RO          136    .text.SVC_Handler   stm32h7xx_it.o
    0x08007ba2   0x08007ba2   0x00000006   PAD
    0x08007ba8   0x08007ba8   0x0000005a   Code   RO          196    .text.SysTick_Config  stm32h7xx_hal_cortex.o
    0x08007c02   0x08007c02   0x00000006   PAD
    0x08007c08   0x08007c08   0x0000001a   Code   RO          142    .text.SysTick_Handler  stm32h7xx_it.o
    0x08007c22   0x08007c22   0x00000006   PAD
    0x08007c28   0x08007c28   0x00000114   Code   RO           13    .text.SystemClock_Config  main.o
    0x08007d3c   0x08007d3c   0x00000004   PAD
    0x08007d40   0x08007d40   0x000000ea   Code   RO         1704    .text.SystemInit    system_stm32h7xx.o
    0x08007e2a   0x08007e2a   0x00000006   PAD
    0x08007e30   0x08007e30   0x00000010   Code   RO          144    .text.TIM2_IRQHandler  stm32h7xx_it.o
    0x08007e40   0x08007e40   0x00000128   Code   RO         1848    .text.TIM2_Startup  mricrostepdriver.o
    0x08007f68   0x08007f68   0x000001a2   Code   RO          368    .text.TIM_Base_SetConfig  stm32h7xx_hal_tim.o
    0x0800810a   0x0800810a   0x00000006   PAD
    0x08008110   0x08008110   0x0000004a   Code   RO          402    .text.TIM_CCxChannelCmd  stm32h7xx_hal_tim.o
    0x0800815a   0x0800815a   0x00000006   PAD
    0x08008160   0x08008160   0x0000004a   Code   RO          558    .text.TIM_ETR_SetConfig  stm32h7xx_hal_tim.o
    0x080081aa   0x080081aa   0x00000006   PAD
    0x080081b0   0x080081b0   0x00000038   Code   RO          564    .text.TIM_ITRx_SetConfig  stm32h7xx_hal_tim.o
    0x080081e8   0x080081e8   0x00000158   Code   RO          512    .text.TIM_OC1_SetConfig  stm32h7xx_hal_tim.o
    0x08008340   0x08008340   0x0000017a   Code   RO          514    .text.TIM_OC2_SetConfig  stm32h7xx_hal_tim.o
    0x080084ba   0x080084ba   0x00000006   PAD
    0x080084c0   0x080084c0   0x00000172   Code   RO          516    .text.TIM_OC3_SetConfig  stm32h7xx_hal_tim.o
    0x08008632   0x08008632   0x00000006   PAD
    0x08008638   0x08008638   0x000000dc   Code   RO          518    .text.TIM_OC4_SetConfig  stm32h7xx_hal_tim.o
    0x08008714   0x08008714   0x00000004   PAD
    0x08008718   0x08008718   0x000000d2   Code   RO          520    .text.TIM_OC5_SetConfig  stm32h7xx_hal_tim.o
    0x080087ea   0x080087ea   0x00000006   PAD
    0x080087f0   0x080087f0   0x000000d4   Code   RO          522    .text.TIM_OC6_SetConfig  stm32h7xx_hal_tim.o
    0x080088c4   0x080088c4   0x00000004   PAD
    0x080088c8   0x080088c8   0x00000184   Code   RO          572    .text.TIM_SlaveTimer_SetConfig  stm32h7xx_hal_tim.o
    0x08008a4c   0x08008a4c   0x00000004   PAD
    0x08008a50   0x08008a50   0x00000062   Code   RO          562    .text.TIM_TI1_ConfigInputStage  stm32h7xx_hal_tim.o
    0x08008ab2   0x08008ab2   0x00000006   PAD
    0x08008ab8   0x08008ab8   0x00000064   Code   RO          566    .text.TIM_TI2_ConfigInputStage  stm32h7xx_hal_tim.o
    0x08008b1c   0x08008b1c   0x00000004   PAD
    0x08008b20   0x08008b20   0x00000010   Code   RO          148    .text.UART5_IRQHandler  stm32h7xx_it.o
    0x08008b30   0x08008b30   0x00000010   Code   RO          150    .text.UART7_IRQHandler  stm32h7xx_it.o
    0x08008b40   0x08008b40   0x000000a4   Code   RO          864    .text.UARTEx_SetNbDataToProcess  stm32h7xx_hal_uart_ex.o
    0x08008be4   0x08008be4   0x00000004   PAD
    0x08008be8   0x08008be8   0x0000013e   Code   RO          708    .text.UART_AdvFeatureConfig  stm32h7xx_hal_uart.o
    0x08008d26   0x08008d26   0x00000002   PAD
    0x08008d28   0x08008d28   0x000000aa   Code   RO          710    .text.UART_CheckIdleState  stm32h7xx_hal_uart.o
    0x08008dd2   0x08008dd2   0x00000006   PAD
    0x08008dd8   0x08008dd8   0x00000028   Code   RO          800    .text.UART_DMAAbortOnError  stm32h7xx_hal_uart.o
    0x08008e00   0x08008e00   0x00000038   Code   RO          770    .text.UART_EndRxTransfer  stm32h7xx_hal_uart.o
    0x08008e38   0x08008e38   0x0000002e   Code   RO          804    .text.UART_EndTransmit_IT  stm32h7xx_hal_uart.o
    0x08008e66   0x08008e66   0x00000002   PAD
    0x08008e68   0x08008e68   0x000000a0   Code   RO          744    .text.UART_RxISR_16BIT  stm32h7xx_hal_uart.o
    0x08008f08   0x08008f08   0x00000114   Code   RO          740    .text.UART_RxISR_16BIT_FIFOEN  stm32h7xx_hal_uart.o
    0x0800901c   0x0800901c   0x00000004   PAD
    0x08009020   0x08009020   0x0000009c   Code   RO          746    .text.UART_RxISR_8BIT  stm32h7xx_hal_uart.o
    0x080090bc   0x080090bc   0x00000004   PAD
    0x080090c0   0x080090c0   0x00000110   Code   RO          742    .text.UART_RxISR_8BIT_FIFOEN  stm32h7xx_hal_uart.o
    0x080091d0   0x080091d0   0x000031c8   Code   RO          706    .text.UART_SetConfig  stm32h7xx_hal_uart.o
    0x0800c398   0x0800c398   0x0000012a   Code   RO          724    .text.UART_WaitOnFlagUntilTimeout  stm32h7xx_hal_uart.o
    0x0800c4c2   0x0800c4c2   0x00000006   PAD
    0x0800c4c8   0x0800c4c8   0x00000010   Code   RO          146    .text.USART3_IRQHandler  stm32h7xx_it.o
    0x0800c4d8   0x0800c4d8   0x00000004   Code   RO          134    .text.UsageFault_Handler  stm32h7xx_it.o
    0x0800c4dc   0x0800c4dc   0x00000004   PAD
    0x0800c4e0   0x0800c4e0   0x00000020   Code   RO         1738    .text.User_DebugUart_Init  my_uart.o
    0x0800c500   0x0800c500   0x00000040   Code   RO         1740    .text.User_DistantUart_Init  my_uart.o
    0x0800c540   0x0800c540   0x00000020   Code   RO         1736    .text.User_GetErrorUart_Init  my_uart.o
    0x0800c560   0x0800c560   0x000000c6   Code   RO         1830    .text.Usermain      user_main.o
    0x0800c626   0x0800c626   0x00000002   PAD
    0x0800c628   0x0800c628   0x00000032   Code   RO         1746    .text._GetCommandUartCallBack  my_uart.o
    0x0800c65a   0x0800c65a   0x00000006   PAD
    0x0800c660   0x0800c660   0x00000134   Code   RO         1748    .text._GetDistantUartCallBack  my_uart.o
    0x0800c794   0x0800c794   0x00000004   PAD
    0x0800c798   0x0800c798   0x00000192   Code   RO         1742    .text._GetErrorUartCallBack  my_uart.o
    0x0800c92a   0x0800c92a   0x00000006   PAD
    0x0800c930   0x0800c930   0x00000036   Code   RO          184    .text.__NVIC_EnableIRQ  stm32h7xx_hal_cortex.o
    0x0800c966   0x0800c966   0x00000002   PAD
    0x0800c968   0x0800c968   0x00000010   Code   RO          176    .text.__NVIC_GetPriorityGrouping  stm32h7xx_hal_cortex.o
    0x0800c978   0x0800c978   0x0000004a   Code   RO          178    .text.__NVIC_SetPriority  stm32h7xx_hal_cortex.o
    0x0800c9c2   0x0800c9c2   0x00000006   PAD
    0x0800c9c8   0x0800c9c8   0x00000040   Code   RO          172    .text.__NVIC_SetPriorityGrouping  stm32h7xx_hal_cortex.o
    0x0800ca08   0x0800ca08   0x00000052   Code   RO           11    .text.main          main.o
    0x0800ca5a   0x0800ca5a   0x00000002   PAD
    0x0800ca5c   0x0800ca5c   0x00000008   Code   RO         2026    i.__aeabi_errno_addr  mc_w.l(errno.o)
    0x0800ca64   0x0800ca64   0x00000004   PAD
    0x0800ca68   0x0800ca68   0x00000038   Code   RO         1962    i.__hardfp_atof     m_wv.l(atof.o)
    0x0800caa0   0x0800caa0   0x0000000c   Code   RO         2027    i.__read_errno      mc_w.l(errno.o)
    0x0800caac   0x0800caac   0x0000000e   Code   RO         2105    i.__scatterload_copy  mc_w.l(handlers.o)
    0x0800caba   0x0800caba   0x00000002   Code   RO         2106    i.__scatterload_null  mc_w.l(handlers.o)
    0x0800cabc   0x0800cabc   0x0000000e   Code   RO         2107    i.__scatterload_zeroinit  mc_w.l(handlers.o)
    0x0800caca   0x0800caca   0x00000002   PAD
    0x0800cacc   0x0800cacc   0x0000000c   Code   RO         2028    i.__set_errno       mc_w.l(errno.o)
    0x0800cad8   0x0800cad8   0x0000000e   Code   RO         2084    i._is_digit         mc_w.l(scanf_fp.o)
    0x0800cae6   0x0800cae6   0x00000081   Data   RO         2055    .constdata          mc_w.l(ctype_o.o)
    0x0800cb67   0x0800cb67   0x00000001   PAD
    0x0800cb68   0x0800cb68   0x00000004   Data   RO         2056    .constdata          mc_w.l(ctype_o.o)
    0x0800cb6c   0x0800cb6c   0x00000010   Data   RO         1710    .rodata.D1CorePrescTable  system_stm32h7xx.o
    0x0800cb7c   0x0800cb7c   0x00000008   Data   RO         1766    .rodata.str1.1      my_uart.o
    0x0800cb84   0x0800cb84   0x00000020   Data   RO         2104    Region$$Table       anon$$obj.o


    Execution Region RW_IRAM1 (Exec base: 0x20000000, Load base: 0x0800cba8, Size: 0x000008b0, Max: 0x00020000, ABSOLUTE)

    Exec Addr    Load Addr    Size         Type   Attr      Idx    E Section Name        Object

    0x20000000   0x0800cba8   0x00000004   Data   RW         2029    .data               mc_w.l(errno.o)
    0x20000004   0x0800cbac   0x00000004   Data   RW         1708    .data.SystemCoreClock  system_stm32h7xx.o
    0x20000008   0x0800cbb0   0x00000004   Data   RW         1709    .data.SystemD2Clock  system_stm32h7xx.o
    0x2000000c   0x0800cbb4   0x00000001   Data   RW         1484    .data.uwTickFreq    stm32h7xx_hal.o
    0x2000000d   0x0800cbb5   0x00000003   PAD
    0x20000010   0x0800cbb8   0x00000004   Data   RW         1483    .data.uwTickPrio    stm32h7xx_hal.o
    0x20000014   0x0800cbbc   0x00000002   Data   RW         1950    .data.x             my_pid.o
    0x20000016   0x0800cbbe   0x00000002   PAD
    0x20000018        -       0x00000001   Zero   RW         1765    .bss.CommandUpdateStatus  my_uart.o
    0x20000019   0x0800cbbe   0x00000001   PAD
    0x2000001a        -       0x00000002   Zero   RW         1760    .bss.Coordinate1_One  my_uart.o
    0x2000001c        -       0x00000002   Zero   RW         1761    .bss.Coordinate1_Two  my_uart.o
    0x2000001e   0x0800cbbe   0x00000002   PAD
    0x20000020        -       0x00000004   Zero   RW          152    .bss.Count          stm32h7xx_it.o
    0x20000024        -       0x00000004   Zero   RW         1952    .bss.LastOut        my_pid.o
    0x20000028        -       0x00000004   Zero   RW         1947    .bss.PID_valueX     my_pid.o
    0x2000002c        -       0x00000004   Zero   RW         1873    .bss.PWM_Count      timer.o
    0x20000030        -       0x00000004   Zero   RW         1860    .bss.PWM_Count_Set  mricrostepdriver.o
    0x20000034        -       0x00000001   Zero   RW         1764    .bss._DebugCommand  my_uart.o
    0x20000035        -       0x00000001   Zero   RW         1759    .bss._GetCommandRXBuffer  my_uart.o
    0x20000036   0x0800cbbe   0x00000002   PAD
    0x20000038        -       0x00000004   Zero   RW         1763    .bss._GetDistantResults  my_uart.o
    0x2000003c        -       0x0000000c   Zero   RW         1768    .bss._GetDistantRxBuffer  my_uart.o
    0x20000048        -       0x00000001   Zero   RW         1762    .bss._GetDistantRxVal  my_uart.o
    0x20000049        -       0x00000001   Zero   RW         1769    .bss._GetDistantStatus  my_uart.o
    0x2000004a        -       0x00000001   Zero   RW         1767    .bss._GetDistantUartCallBack.RxCount  my_uart.o
    0x2000004b        -       0x00000001   Zero   RW         1770    .bss._GetDistantUpdateStatus  my_uart.o
    0x2000004c        -       0x00000007   Zero   RW         1758    .bss._GetErrorRXBuffer  my_uart.o
    0x20000053   0x0800cbbe   0x00000001   PAD
    0x20000054        -       0x00000004   Zero   RW         1953    .bss.diff           my_pid.o
    0x20000058        -       0x00000004   Zero   RW         1858    .bss.flag           mricrostepdriver.o
    0x2000005c        -       0x00000088   Zero   RW           64    .bss.hspi3          spi.o
    0x200000e4        -       0x00000040   Zero   RW           87    .bss.htim1          tim.o
    0x20000124        -       0x00000040   Zero   RW           88    .bss.htim2          tim.o
    0x20000164        -       0x00000040   Zero   RW           89    .bss.htim4          tim.o
    0x200001a4        -       0x00000040   Zero   RW           90    .bss.htim5          tim.o
    0x200001e4        -       0x0000008c   Zero   RW          116    .bss.huart3         usart.o
    0x20000270        -       0x0000008c   Zero   RW          113    .bss.huart5         usart.o
    0x200002fc        -       0x0000008c   Zero   RW          117    .bss.huart6         usart.o
    0x20000388        -       0x0000008c   Zero   RW          114    .bss.huart7         usart.o
    0x20000414        -       0x0000008c   Zero   RW          115    .bss.huart8         usart.o
    0x200004a0        -       0x00000004   Zero   RW         1859    .bss.mode           mricrostepdriver.o
    0x200004a4        -       0x00000004   Zero   RW         1951    .bss.previous_errorX  my_pid.o
    0x200004a8        -       0x00000004   Zero   RW         1874    .bss.stop           timer.o
    0x200004ac        -       0x00000004   Zero   RW         1485    .bss.uwTick         stm32h7xx_hal.o
    0x200004b0        -       0x00000400   Zero   RW            1    STACK               startup_stm32h743xx.o


==============================================================================

Image component sizes


      Code (inc. data)   RO Data    RW Data    ZI Data      Debug   Object Name

       632          0          0          0          0       3151   gpio.o
       360          0          0          0          0       4558   main.o
       450          0          0          0         12       2138   mricrostepdriver.o
       308          4          0          2         16       1389   my_pid.o
       988          0          8          0         34       6618   my_uart.o
      1414          0          0          0        136       8438   spi.o
        36          8        664          0       1024        816   startup_stm32h743xx.o
       398          0          0          5          4      14183   stm32h7xx_hal.o
       562          0          0          0          0      11374   stm32h7xx_hal_cortex.o
      1186          0          0          0          0      12291   stm32h7xx_hal_dma.o
      1054          0          0          0          0       7008   stm32h7xx_hal_gpio.o
        38          0          0          0          0       2195   stm32h7xx_hal_msp.o
       424          0          0          0          0       9420   stm32h7xx_hal_pwr_ex.o
      4692         66          0          0          0      11437   stm32h7xx_hal_rcc.o
      6460         96          0          0          0      16218   stm32h7xx_hal_rcc_ex.o
      2118          0          0          0          0      20247   stm32h7xx_hal_spi.o
      5754         22          0          0          0      33565   stm32h7xx_hal_tim.o
       532          0          0          0          0      14793   stm32h7xx_hal_tim_ex.o
     16480        386          0          0          0      26649   stm32h7xx_hal_uart.o
       624          0          0          0          0       7104   stm32h7xx_hal_uart_ex.o
       114          0          0          0          4       1554   stm32h7xx_it.o
       234          0         16          8          0       4620   system_stm32h7xx.o
      1518          0          0          0        256      12014   tim.o
       168          0          0          0          8       3849   timer.o
      1416          0          0          0        700      10751   usart.o
       198          0          0          0          0        383   user_main.o

    ----------------------------------------------------------------------
     48608        598        720         20       2200     246763   Object Totals
         0          0         32          0          0          0   (incl. Generated)
       450         16          0          5          6          0   (incl. Padding)

    ----------------------------------------------------------------------

      Code (inc. data)   RO Data    RW Data    ZI Data      Debug   Library Member Name

        56         10          0          0          0        132   atof.o
        28          0          0          0          0         68   _chval.o
        64          0          0          0          0         84   _sgetc.o
       158          0          0          0          0         92   _strtoul.o
        26          0          0          0          0         80   atoi.o
         8          4        133          0          0         68   ctype_o.o
         0          0          0          0          0          0   entry.o
         0          0          0          0          0          0   entry10a.o
         0          0          0          0          0          0   entry11a.o
         8          4          0          0          0          0   entry2.o
         4          0          0          0          0          0   entry5.o
         0          0          0          0          0          0   entry7b.o
         0          0          0          0          0          0   entry8b.o
         8          4          0          0          0          0   entry9a.o
        32         16          0          4          0        204   errno.o
        30          0          0          0          0          0   handlers.o
        36          8          0          0          0         68   init.o
        18          0          0          0          0         76   isspace_o.o
         0          0          0          0          0          0   iusefp.o
        30          0          0          0          0         68   llshl.o
        32          0          0          0          0         68   llushr.o
        36          0          0          0          0        108   memseta.o
       878         12          0          0          0        216   scanf_fp.o
       168         12          0          0          0        124   strtod.o
       112          0          0          0          0         88   strtol.o
        98          0          0          0          0         92   uldiv.o
        56          0          0          0          0         88   d2f.o
       222          0          0          0          0        100   ddiv.o
       186          0          0          0          0        176   depilogue.o
        24          0          0          0          0         76   dfltul.o
       228          0          0          0          0         96   dmul.o
       110          0          0          0          0        168   fepilogue.o

    ----------------------------------------------------------------------
      2670         74        134          4          0       2340   Library Totals
        14          4          1          0          0          0   (incl. Padding)

    ----------------------------------------------------------------------

      Code (inc. data)   RO Data    RW Data    ZI Data      Debug   Library Name

        56         10          0          0          0        132   m_wv.l
      1774         60        133          4          0       1504   mc_w.l
       826          0          0          0          0        704   mf_w.l

    ----------------------------------------------------------------------
      2670         74        134          4          0       2340   Library Totals

    ----------------------------------------------------------------------

==============================================================================


      Code (inc. data)   RO Data    RW Data    ZI Data      Debug   

     51278        672        854         24       2200     247883   Grand Totals
     51278        672        854         24       2200     247883   ELF Image Totals
     51278        672        854         24          0          0   ROM Totals

==============================================================================

    Total RO  Size (Code + RO Data)                52132 (  50.91kB)
    Total RW  Size (RW Data + ZI Data)              2224 (   2.17kB)
    Total ROM Size (Code + RO Data + RW Data)      52156 (  50.93kB)

==============================================================================

